Component: ARM Compiler 5.05 update 1 (build 106) Tool: armlink [4d0efa]

==============================================================================

Section Cross References

    stm32f1xx_hal_msp.o(i.HAL_MspInit) refers to stm32f1xx_hal_cortex.o(i.HAL_NVIC_SetPriorityGrouping) for HAL_NVIC_SetPriorityGrouping
    stm32f1xx_hal_msp.o(i.HAL_MspInit) refers to stm32f1xx_hal_cortex.o(i.HAL_NVIC_SetPriority) for HAL_NVIC_SetPriority
    usart.o(i.HAL_UART_MspDeInit) refers to stm32f1xx_hal_gpio.o(i.HAL_GPIO_DeInit) for HAL_GPIO_DeInit
    usart.o(i.HAL_UART_MspDeInit) refers to stm32f1xx_hal_dma.o(i.HAL_DMA_DeInit) for HAL_DMA_DeInit
    usart.o(i.HAL_UART_MspInit) refers to stm32f1xx_hal_gpio.o(i.HAL_GPIO_Init) for HAL_GPIO_Init
    usart.o(i.HAL_UART_MspInit) refers to stm32f1xx_hal_dma.o(i.HAL_DMA_Init) for HAL_DMA_Init
    usart.o(i.HAL_UART_MspInit) refers to main.o(i.Error_Handler) for Error_Handler
    usart.o(i.HAL_UART_MspInit) refers to usart.o(.bss) for hdma_usart1_rx
    usart.o(i.MX_USART1_UART_Init) refers to stm32f1xx_hal_uart.o(i.HAL_UART_Init) for HAL_UART_Init
    usart.o(i.MX_USART1_UART_Init) refers to main.o(i.Error_Handler) for Error_Handler
    usart.o(i.MX_USART1_UART_Init) refers to usart.o(.bss) for huart1
    usart.o(i.MX_USART2_UART_Init) refers to stm32f1xx_hal_uart.o(i.HAL_UART_Init) for HAL_UART_Init
    usart.o(i.MX_USART2_UART_Init) refers to main.o(i.Error_Handler) for Error_Handler
    usart.o(i.MX_USART2_UART_Init) refers to usart.o(.bss) for huart2
    gpio.o(i.MX_GPIO_Init) refers to stm32f1xx_hal_gpio.o(i.HAL_GPIO_WritePin) for HAL_GPIO_WritePin
    gpio.o(i.MX_GPIO_Init) refers to stm32f1xx_hal_gpio.o(i.HAL_GPIO_Init) for HAL_GPIO_Init
    dma.o(i.MX_DMA_Init) refers to stm32f1xx_hal_cortex.o(i.HAL_NVIC_SetPriority) for HAL_NVIC_SetPriority
    dma.o(i.MX_DMA_Init) refers to stm32f1xx_hal_cortex.o(i.HAL_NVIC_EnableIRQ) for HAL_NVIC_EnableIRQ
    main.o(i.SystemClock_Config) refers to stm32f1xx_hal_rcc.o(i.HAL_RCC_OscConfig) for HAL_RCC_OscConfig
    main.o(i.SystemClock_Config) refers to main.o(i.Error_Handler) for Error_Handler
    main.o(i.SystemClock_Config) refers to stm32f1xx_hal_rcc.o(i.HAL_RCC_ClockConfig) for HAL_RCC_ClockConfig
    main.o(i.SystemClock_Config) refers to stm32f1xx_hal_rcc.o(i.HAL_RCC_GetHCLKFreq) for HAL_RCC_GetHCLKFreq
    main.o(i.SystemClock_Config) refers to stm32f1xx_hal_cortex.o(i.HAL_SYSTICK_Config) for HAL_SYSTICK_Config
    main.o(i.SystemClock_Config) refers to stm32f1xx_hal_cortex.o(i.HAL_SYSTICK_CLKSourceConfig) for HAL_SYSTICK_CLKSourceConfig
    main.o(i.SystemClock_Config) refers to stm32f1xx_hal_cortex.o(i.HAL_NVIC_SetPriority) for HAL_NVIC_SetPriority
    main.o(i.main) refers to stm32f1xx_hal.o(i.HAL_Init) for HAL_Init
    main.o(i.main) refers to main.o(i.SystemClock_Config) for SystemClock_Config
    main.o(i.main) refers to gpio.o(i.MX_GPIO_Init) for MX_GPIO_Init
    main.o(i.main) refers to dma.o(i.MX_DMA_Init) for MX_DMA_Init
    main.o(i.main) refers to tim.o(i.MX_TIM2_Init) for MX_TIM2_Init
    main.o(i.main) refers to tim.o(i.MX_TIM3_Init) for MX_TIM3_Init
    main.o(i.main) refers to tim.o(i.MX_TIM4_Init) for MX_TIM4_Init
    main.o(i.main) refers to usart.o(i.MX_USART1_UART_Init) for MX_USART1_UART_Init
    main.o(i.main) refers to usart.o(i.MX_USART2_UART_Init) for MX_USART2_UART_Init
    main.o(i.main) refers to stm32f1xx_hal_tim.o(i.HAL_TIM_PWM_Start) for HAL_TIM_PWM_Start
    main.o(i.main) refers to stm32f1xx_hal_tim.o(i.HAL_TIM_Encoder_Start) for HAL_TIM_Encoder_Start
    main.o(i.main) refers to delay.o(i.DelayMS) for DelayMS
    main.o(i.main) refers to stm32f1xx_hal_gpio.o(i.HAL_GPIO_WritePin) for HAL_GPIO_WritePin
    main.o(i.main) refers to motor_cont.o(i.car_Awake) for car_Awake
    main.o(i.main) refers to motor_cont.o(i.car_FastDecay) for car_FastDecay
    main.o(i.main) refers to motor_cont.o(i.car_Turn) for car_Turn
    main.o(i.main) refers to motor_cont.o(i.ifTurnStable) for ifTurnStable
    main.o(i.main) refers to tim.o(.bss) for htim2
    tim.o(i.HAL_TIM_Encoder_MspDeInit) refers to stm32f1xx_hal_gpio.o(i.HAL_GPIO_DeInit) for HAL_GPIO_DeInit
    tim.o(i.HAL_TIM_Encoder_MspInit) refers to stm32f1xx_hal_gpio.o(i.HAL_GPIO_Init) for HAL_GPIO_Init
    tim.o(i.HAL_TIM_MspPostInit) refers to stm32f1xx_hal_gpio.o(i.HAL_GPIO_Init) for HAL_GPIO_Init
    tim.o(i.MX_TIM2_Init) refers to stm32f1xx_hal_tim.o(i.HAL_TIM_PWM_Init) for HAL_TIM_PWM_Init
    tim.o(i.MX_TIM2_Init) refers to main.o(i.Error_Handler) for Error_Handler
    tim.o(i.MX_TIM2_Init) refers to stm32f1xx_hal_tim_ex.o(i.HAL_TIMEx_MasterConfigSynchronization) for HAL_TIMEx_MasterConfigSynchronization
    tim.o(i.MX_TIM2_Init) refers to stm32f1xx_hal_tim.o(i.HAL_TIM_PWM_ConfigChannel) for HAL_TIM_PWM_ConfigChannel
    tim.o(i.MX_TIM2_Init) refers to tim.o(i.HAL_TIM_MspPostInit) for HAL_TIM_MspPostInit
    tim.o(i.MX_TIM2_Init) refers to tim.o(.bss) for htim2
[...]
    Removing stm32f1xx_hal_tim_ex.o(i.HAL_TIMEx_ConfigBreakDeadTime), (80 bytes).
    Removing stm32f1xx_hal_tim_ex.o(i.HAL_TIMEx_ConfigCommutationEvent), (110 bytes).
    Removing stm32f1xx_hal_tim_ex.o(i.HAL_TIMEx_ConfigCommutationEvent_DMA), (144 bytes).
    Removing stm32f1xx_hal_tim_ex.o(i.HAL_TIMEx_ConfigCommutationEvent_IT), (122 bytes).
    Removing stm32f1xx_hal_tim_ex.o(i.HAL_TIMEx_HallSensor_DeInit), (70 bytes).
    Removing stm32f1xx_hal_tim_ex.o(i.HAL_TIMEx_HallSensor_GetState), (8 bytes).
    Removing stm32f1xx_hal_tim_ex.o(i.HAL_TIMEx_HallSensor_Init), (208 bytes).
    Removing stm32f1xx_hal_tim_ex.o(i.HAL_TIMEx_HallSensor_MspDeInit), (2 bytes).
    Removing stm32f1xx_hal_tim_ex.o(i.HAL_TIMEx_HallSensor_MspInit), (2 bytes).
    Removing stm32f1xx_hal_tim_ex.o(i.HAL_TIMEx_HallSensor_Start), (30 bytes).
    Removing stm32f1xx_hal_tim_ex.o(i.HAL_TIMEx_HallSensor_Start_DMA), (116 bytes).
    Removing stm32f1xx_hal_tim_ex.o(i.HAL_TIMEx_HallSensor_Start_IT), (42 bytes).
    Removing stm32f1xx_hal_tim_ex.o(i.HAL_TIMEx_HallSensor_Stop), (56 bytes).
    Removing stm32f1xx_hal_tim_ex.o(i.HAL_TIMEx_HallSensor_Stop_DMA), (68 bytes).
    Removing stm32f1xx_hal_tim_ex.o(i.HAL_TIMEx_HallSensor_Stop_IT), (68 bytes).
    Removing stm32f1xx_hal_tim_ex.o(i.HAL_TIMEx_OCN_Start), (44 bytes).
    Removing stm32f1xx_hal_tim_ex.o(i.HAL_TIMEx_OCN_Start_DMA), (280 bytes).
    Removing stm32f1xx_hal_tim_ex.o(i.HAL_TIMEx_OCN_Start_IT), (132 bytes).
    Removing stm32f1xx_hal_tim_ex.o(i.HAL_TIMEx_OCN_Stop), (96 bytes).
    Removing stm32f1xx_hal_tim_ex.o(i.HAL_TIMEx_OCN_Stop_DMA), (178 bytes).
    Removing stm32f1xx_hal_tim_ex.o(i.HAL_TIMEx_OCN_Stop_IT), (198 bytes).
    Removing stm32f1xx_hal_tim_ex.o(i.HAL_TIMEx_OnePulseN_Start), (32 bytes).
    Removing stm32f1xx_hal_tim_ex.o(i.HAL_TIMEx_OnePulseN_Start_IT), (56 bytes).
    Removing stm32f1xx_hal_tim_ex.o(i.HAL_TIMEx_OnePulseN_Stop), (96 bytes).
    Removing stm32f1xx_hal_tim_ex.o(i.HAL_TIMEx_OnePulseN_Stop_IT), (120 bytes).
    Removing stm32f1xx_hal_tim_ex.o(i.HAL_TIMEx_PWMN_Start), (44 bytes).
    Removing stm32f1xx_hal_tim_ex.o(i.HAL_TIMEx_PWMN_Start_DMA), (280 bytes).
    Removing stm32f1xx_hal_tim_ex.o(i.HAL_TIMEx_PWMN_Start_IT), (132 bytes).
    Removing stm32f1xx_hal_tim_ex.o(i.HAL_TIMEx_PWMN_Stop), (96 bytes).
    Removing stm32f1xx_hal_tim_ex.o(i.HAL_TIMEx_PWMN_Stop_DMA), (178 bytes).
    Removing stm32f1xx_hal_tim_ex.o(i.HAL_TIMEx_PWMN_Stop_IT), (198 bytes).
    Removing stm32f1xx_hal_tim_ex.o(i.TIMEx_DMACommutationCplt), (20 bytes).
    Removing stm32f1xx_hal_tim_ex.o(i.TIM_CCxNChannelCmd), (28 bytes).
    Removing stm32f1xx_hal_pwr.o(.rev16_text), (4 bytes).
    Removing stm32f1xx_hal_pwr.o(.revsh_text), (4 bytes).
    Removing stm32f1xx_hal_pwr.o(.rrx_text), (6 bytes).
    Removing stm32f1xx_hal_pwr.o(i.HAL_PWR_ConfigPVD), (180 bytes).
    Removing stm32f1xx_hal_pwr.o(i.HAL_PWR_DeInit), (28 bytes).
    Removing stm32f1xx_hal_pwr.o(i.HAL_PWR_DisableBkUpAccess), (28 bytes).
    Removing stm32f1xx_hal_pwr.o(i.HAL_PWR_DisablePVD), (24 bytes).
    Removing stm32f1xx_hal_pwr.o(i.HAL_PWR_DisableSEVOnPend), (20 bytes).
    Removing stm32f1xx_hal_pwr.o(i.HAL_PWR_DisableSleepOnExit), (20 bytes).
    Removing stm32f1xx_hal_pwr.o(i.HAL_PWR_DisableWakeUpPin), (28 bytes).
    Removing stm32f1xx_hal_pwr.o(i.HAL_PWR_EnableBkUpAccess), (24 bytes).
    Removing stm32f1xx_hal_pwr.o(i.HAL_PWR_EnablePVD), (24 bytes).
    Removing stm32f1xx_hal_pwr.o(i.HAL_PWR_EnableSEVOnPend), (20 bytes).
    Removing stm32f1xx_hal_pwr.o(i.HAL_PWR_EnableSleepOnExit), (20 bytes).
    Removing stm32f1xx_hal_pwr.o(i.HAL_PWR_EnableWakeUpPin), (28 bytes).
    Removing stm32f1xx_hal_pwr.o(i.HAL_PWR_EnterSLEEPMode), (32 bytes).
    Removing stm32f1xx_hal_pwr.o(i.HAL_PWR_EnterSTANDBYMode), (40 bytes).
    Removing stm32f1xx_hal_pwr.o(i.HAL_PWR_EnterSTOPMode), (84 bytes).
    Removing stm32f1xx_hal_pwr.o(i.HAL_PWR_PVDCallback), (2 bytes).
    Removing stm32f1xx_hal_pwr.o(i.HAL_PWR_PVD_IRQHandler), (32 bytes).
    Removing stm32f1xx_hal_pwr.o(i.PWR_OverloadWfe), (6 bytes).
    Removing stm32f1xx_hal_gpio_ex.o(.rev16_text), (4 bytes).
    Removing stm32f1xx_hal_gpio_ex.o(.revsh_text), (4 bytes).
    Removing stm32f1xx_hal_gpio_ex.o(.rrx_text), (6 bytes).
    Removing stm32f1xx_hal_gpio_ex.o(i.HAL_GPIOEx_ConfigEventout), (24 bytes).
    Removing stm32f1xx_hal_gpio_ex.o(i.HAL_GPIOEx_DisableEventout), (20 bytes).
    Removing stm32f1xx_hal_gpio_ex.o(i.HAL_GPIOEx_EnableEventout), (20 bytes).
    Removing stm32f1xx_hal_cortex.o(.rev16_text), (4 bytes).
    Removing stm32f1xx_hal_cortex.o(.revsh_text), (4 bytes).
    Removing stm32f1xx_hal_cortex.o(.rrx_text), (6 bytes).
    Removing stm32f1xx_hal_cortex.o(i.HAL_NVIC_ClearPendingIRQ), (28 bytes).
    Removing stm32f1xx_hal_cortex.o(i.HAL_NVIC_DisableIRQ), (28 bytes).
    Removing stm32f1xx_hal_cortex.o(i.HAL_NVIC_GetActive), (40 bytes).
    Removing stm32f1xx_hal_cortex.o(i.HAL_NVIC_GetPendingIRQ), (40 bytes).
    Removing stm32f1xx_hal_cortex.o(i.HAL_NVIC_GetPriority), (148 bytes).
    Removing stm32f1xx_hal_cortex.o(i.HAL_NVIC_GetPriorityGrouping), (8 bytes).
    Removing stm32f1xx_hal_cortex.o(i.HAL_NVIC_SetPendingIRQ), (28 bytes).
    Removing stm32f1xx_hal_cortex.o(i.HAL_NVIC_SystemReset), (68 bytes).
    Removing stm32f1xx_hal_flash.o(.rev16_text), (4 bytes).
    Removing stm32f1xx_hal_flash.o(.revsh_text), (4 bytes).
    Removing stm32f1xx_hal_flash.o(.rrx_text), (6 bytes).
    Removing stm32f1xx_hal_flash.o(i.FLASH_Program_HalfWord), (32 bytes).
    Removing stm32f1xx_hal_flash.o(i.FLASH_SetErrorCode), (104 bytes).
    Removing stm32f1xx_hal_flash.o(i.FLASH_WaitForLastOperation), (112 bytes).
    Removing stm32f1xx_hal_flash.o(i.HAL_FLASH_EndOfOperationCallback), (2 bytes).
    Removing stm32f1xx_hal_flash.o(i.HAL_FLASH_GetError), (12 bytes).
    Removing stm32f1xx_hal_flash.o(i.HAL_FLASH_IRQHandler), (384 bytes).
    Removing stm32f1xx_hal_flash.o(i.HAL_FLASH_Lock), (20 bytes).
    Removing stm32f1xx_hal_flash.o(i.HAL_FLASH_OB_Launch), (10 bytes).
    Removing stm32f1xx_hal_flash.o(i.HAL_FLASH_OB_Lock), (20 bytes).
    Removing stm32f1xx_hal_flash.o(i.HAL_FLASH_OB_Unlock), (44 bytes).
    Removing stm32f1xx_hal_flash.o(i.HAL_FLASH_OperationErrorCallback), (2 bytes).
    Removing stm32f1xx_hal_flash.o(i.HAL_FLASH_Program), (176 bytes).
    Removing stm32f1xx_hal_flash.o(i.HAL_FLASH_Program_IT), (124 bytes).
    Removing stm32f1xx_hal_flash.o(i.HAL_FLASH_Unlock), (44 bytes).
    Removing stm32f1xx_hal_flash.o(.bss), (32 bytes).
    Removing stm32f1xx_hal_tim.o(.rev16_text), (4 bytes).
    Removing stm32f1xx_hal_tim.o(.revsh_text), (4 bytes).
    Removing stm32f1xx_hal_tim.o(.rrx_text), (6 bytes).
    Removing stm32f1xx_hal_tim.o(i.HAL_TIM_Base_DeInit), (70 bytes).
    Removing stm32f1xx_hal_tim.o(i.HAL_TIM_Base_GetState), (8 bytes).
    Removing stm32f1xx_hal_tim.o(i.HAL_TIM_Base_Init), (52 bytes).
    Removing stm32f1xx_hal_tim.o(i.HAL_TIM_Base_MspDeInit), (2 bytes).
    Removing stm32f1xx_hal_tim.o(i.HAL_TIM_Base_MspInit), (2 bytes).
    Removing stm32f1xx_hal_tim.o(i.HAL_TIM_Base_Start), (30 bytes).
    Removing stm32f1xx_hal_tim.o(i.HAL_TIM_Base_Start_DMA), (104 bytes).
    Removing stm32f1xx_hal_tim.o(i.HAL_TIM_Base_Start_IT), (30 bytes).
    Removing stm32f1xx_hal_tim.o(i.HAL_TIM_Base_Stop), (56 bytes).
    Removing stm32f1xx_hal_tim.o(i.HAL_TIM_Base_Stop_DMA), (62 bytes).
    Removing stm32f1xx_hal_tim.o(i.HAL_TIM_Base_Stop_IT), (56 bytes).
    Removing stm32f1xx_hal_tim.o(i.HAL_TIM_ConfigClockSource), (306 bytes).
    Removing stm32f1xx_hal_tim.o(i.HAL_TIM_ConfigOCrefClear), (264 bytes).
    Removing stm32f1xx_hal_tim.o(i.HAL_TIM_ConfigTI1Input), (24 bytes).
    Removing stm32f1xx_hal_tim.o(i.HAL_TIM_DMABurst_ReadStart), (388 bytes).
    Removing stm32f1xx_hal_tim.o(i.HAL_TIM_DMABurst_ReadStop), (128 bytes).
    Removing stm32f1xx_hal_tim.o(i.HAL_TIM_DMABurst_WriteStart), (388 bytes).
    Removing stm32f1xx_hal_tim.o(i.HAL_TIM_DMABurst_WriteStop), (128 bytes).
    Removing stm32f1xx_hal_tim.o(i.HAL_TIM_Encoder_DeInit), (70 bytes).
    Removing stm32f1xx_hal_tim.o(i.HAL_TIM_Encoder_GetState), (8 bytes).
    Removing stm32f1xx_hal_tim.o(i.HAL_TIM_Encoder_MspDeInit), (2 bytes).
    Removing stm32f1xx_hal_tim.o(i.HAL_TIM_Encoder_MspInit), (2 bytes).
    Removing stm32f1xx_hal_tim.o(i.HAL_TIM_Encoder_Start_DMA), (328 bytes).
    Removing stm32f1xx_hal_tim.o(i.HAL_TIM_Encoder_Start_IT), (126 bytes).
    Removing stm32f1xx_hal_tim.o(i.HAL_TIM_Encoder_Stop), (104 bytes).
    Removing stm32f1xx_hal_tim.o(i.HAL_TIM_Encoder_Stop_DMA), (152 bytes).
    Removing stm32f1xx_hal_tim.o(i.HAL_TIM_Encoder_Stop_IT), (152 bytes).
    Removing stm32f1xx_hal_tim.o(i.HAL_TIM_ErrorCallback), (2 bytes).
    Removing stm32f1xx_hal_tim.o(i.HAL_TIM_GenerateEvent), (54 bytes).
    Removing stm32f1xx_hal_tim.o(i.HAL_TIM_IC_CaptureCallback), (2 bytes).
    Removing stm32f1xx_hal_tim.o(i.HAL_TIM_IC_ConfigChannel), (224 bytes).
    Removing stm32f1xx_hal_tim.o(i.HAL_TIM_IC_DeInit), (70 bytes).
    Removing stm32f1xx_hal_tim.o(i.HAL_TIM_IC_GetState), (8 bytes).
    Removing stm32f1xx_hal_tim.o(i.HAL_TIM_IC_Init), (52 bytes).
    Removing stm32f1xx_hal_tim.o(i.HAL_TIM_IC_MspDeInit), (2 bytes).
    Removing stm32f1xx_hal_tim.o(i.HAL_TIM_IC_MspInit), (2 bytes).
    Removing stm32f1xx_hal_tim.o(i.HAL_TIM_IC_Start), (32 bytes).
    Removing stm32f1xx_hal_tim.o(i.HAL_TIM_IC_Start_DMA), (268 bytes).
    Removing stm32f1xx_hal_tim.o(i.HAL_TIM_IC_Start_IT), (108 bytes).
    Removing stm32f1xx_hal_tim.o(i.HAL_TIM_IC_Stop), (58 bytes).
    Removing stm32f1xx_hal_tim.o(i.HAL_TIM_IC_Stop_DMA), (140 bytes).
    Removing stm32f1xx_hal_tim.o(i.HAL_TIM_IC_Stop_IT), (134 bytes).
    Removing stm32f1xx_hal_tim.o(i.HAL_TIM_IRQHandler), (406 bytes).
    Removing stm32f1xx_hal_tim.o(i.HAL_TIM_OC_ConfigChannel), (116 bytes).
    Removing stm32f1xx_hal_tim.o(i.HAL_TIM_OC_DeInit), (70 bytes).
    Removing stm32f1xx_hal_tim.o(i.HAL_TIM_OC_DelayElapsedCallback), (2 bytes).
    Removing stm32f1xx_hal_tim.o(i.HAL_TIM_OC_GetState), (8 bytes).
    Removing stm32f1xx_hal_tim.o(i.HAL_TIM_OC_Init), (52 bytes).
    Removing stm32f1xx_hal_tim.o(i.HAL_TIM_OC_MspDeInit), (2 bytes).
    Removing stm32f1xx_hal_tim.o(i.HAL_TIM_OC_MspInit), (2 bytes).
    Removing stm32f1xx_hal_tim.o(i.HAL_TIM_OC_Start), (76 bytes).
    Removing stm32f1xx_hal_tim.o(i.HAL_TIM_OC_Start_DMA), (312 bytes).
    Removing stm32f1xx_hal_tim.o(i.HAL_TIM_OC_Start_IT), (152 bytes).
    Removing stm32f1xx_hal_tim.o(i.HAL_TIM_OC_Stop), (128 bytes).
    Removing stm32f1xx_hal_tim.o(i.HAL_TIM_OC_Stop_DMA), (212 bytes).
    Removing stm32f1xx_hal_tim.o(i.HAL_TIM_OC_Stop_IT), (204 bytes).
    Removing stm32f1xx_hal_tim.o(i.HAL_TIM_OnePulse_ConfigChannel), (286 bytes).
    Removing stm32f1xx_hal_tim.o(i.HAL_TIM_OnePulse_DeInit), (70 bytes).
    Removing stm32f1xx_hal_tim.o(i.HAL_TIM_OnePulse_GetState), (8 bytes).
    Removing stm32f1xx_hal_tim.o(i.HAL_TIM_OnePulse_Init), (76 bytes).
    Removing stm32f1xx_hal_tim.o(i.HAL_TIM_OnePulse_MspDeInit), (2 bytes).
    Removing stm32f1xx_hal_tim.o(i.HAL_TIM_OnePulse_MspInit), (2 bytes).
    Removing stm32f1xx_hal_tim.o(i.HAL_TIM_OnePulse_Start), (76 bytes).
    Removing stm32f1xx_hal_tim.o(i.HAL_TIM_OnePulse_Start_IT), (100 bytes).
    Removing stm32f1xx_hal_tim.o(i.HAL_TIM_OnePulse_Stop), (140 bytes).
    Removing stm32f1xx_hal_tim.o(i.HAL_TIM_OnePulse_Stop_IT), (164 bytes).
    Removing stm32f1xx_hal_tim.o(i.HAL_TIM_PWM_DeInit), (70 bytes).
    Removing stm32f1xx_hal_tim.o(i.HAL_TIM_PWM_GetState), (8 bytes).
    Removing stm32f1xx_hal_tim.o(i.HAL_TIM_PWM_MspDeInit), (2 bytes).
    Removing stm32f1xx_hal_tim.o(i.HAL_TIM_PWM_MspInit), (2 bytes).
    Removing stm32f1xx_hal_tim.o(i.HAL_TIM_PWM_PulseFinishedCallback), (2 bytes).
    Removing stm32f1xx_hal_tim.o(i.HAL_TIM_PWM_Start_DMA), (312 bytes).
    Removing stm32f1xx_hal_tim.o(i.HAL_TIM_PWM_Start_IT), (152 bytes).
    Removing stm32f1xx_hal_tim.o(i.HAL_TIM_PWM_Stop), (136 bytes).
    Removing stm32f1xx_hal_tim.o(i.HAL_TIM_PWM_Stop_DMA), (212 bytes).
    Removing stm32f1xx_hal_tim.o(i.HAL_TIM_PWM_Stop_IT), (204 bytes).
    Removing stm32f1xx_hal_tim.o(i.HAL_TIM_PeriodElapsedCallback), (2 bytes).
    Removing stm32f1xx_hal_tim.o(i.HAL_TIM_ReadCapturedValue), (84 bytes).
    Removing stm32f1xx_hal_tim.o(i.HAL_TIM_SlaveConfigSynchronization), (86 bytes).
    Removing stm32f1xx_hal_tim.o(i.HAL_TIM_SlaveConfigSynchronization_IT), (86 bytes).
    Removing stm32f1xx_hal_tim.o(i.HAL_TIM_TriggerCallback), (2 bytes).
    Removing stm32f1xx_hal_tim.o(i.TIM_DMACaptureCplt), (70 bytes).
    Removing stm32f1xx_hal_tim.o(i.TIM_DMADelayPulseCplt), (70 bytes).
    Removing stm32f1xx_hal_tim.o(i.TIM_DMAError), (20 bytes).
    Removing stm32f1xx_hal_tim.o(i.TIM_DMAPeriodElapsedCplt), (20 bytes).
    Removing stm32f1xx_hal_tim.o(i.TIM_DMATriggerCplt), (20 bytes).
    Removing stm32f1xx_hal_tim.o(i.TIM_ETR_SetConfig), (24 bytes).
    Removing stm32f1xx_hal_tim.o(i.TIM_ITRx_SetConfig), (20 bytes).
    Removing stm32f1xx_hal_tim.o(i.TIM_SlaveTimer_SetConfig), (164 bytes).
    Removing stm32f1xx_hal_tim.o(i.TIM_TI1_ConfigInputStage), (42 bytes).
    Removing stm32f1xx_hal_tim.o(i.TIM_TI1_SetConfig), (128 bytes).
    Removing stm32f1xx_hal_tim.o(i.TIM_TI2_ConfigInputStage), (44 bytes).
    Removing stm32f1xx_hal_tim.o(i.TIM_TI2_SetConfig), (62 bytes).
    Removing stm32f1xx_hal_tim.o(i.TIM_TI3_SetConfig), (60 bytes).
    Removing stm32f1xx_hal_tim.o(i.TIM_TI4_SetConfig), (64 bytes).
    Removing stm32f1xx_hal_uart.o(.rev16_text), (4 bytes).
    Removing stm32f1xx_hal_uart.o(.revsh_text), (4 bytes).
    Removing stm32f1xx_hal_uart.o(.rrx_text), (6 bytes).
    Removing stm32f1xx_hal_uart.o(i.HAL_HalfDuplex_EnableReceiver), (64 bytes).
    Removing stm32f1xx_hal_uart.o(i.HAL_HalfDuplex_EnableTransmitter), (66 bytes).
    Removing stm32f1xx_hal_uart.o(i.HAL_HalfDuplex_Init), (114 bytes).
    Removing stm32f1xx_hal_uart.o(i.HAL_LIN_Init), (130 bytes).
    Removing stm32f1xx_hal_uart.o(i.HAL_LIN_SendBreak), (62 bytes).
    Removing stm32f1xx_hal_uart.o(i.HAL_MultiProcessor_EnterMuteMode), (62 bytes).
    Removing stm32f1xx_hal_uart.o(i.HAL_MultiProcessor_ExitMuteMode), (62 bytes).
    Removing stm32f1xx_hal_uart.o(i.HAL_MultiProcessor_Init), (134 bytes).
    Removing stm32f1xx_hal_uart.o(i.HAL_UART_DMAPause), (118 bytes).
    Removing stm32f1xx_hal_uart.o(i.HAL_UART_DMAResume), (156 bytes).
    Removing stm32f1xx_hal_uart.o(i.HAL_UART_DeInit), (68 bytes).
    Removing stm32f1xx_hal_uart.o(i.HAL_UART_GetError), (6 bytes).
    Removing stm32f1xx_hal_uart.o(i.HAL_UART_GetState), (8 bytes).
    Removing stm32f1xx_hal_uart.o(i.HAL_UART_IRQHandler), (218 bytes).
    Removing stm32f1xx_hal_uart.o(i.HAL_UART_MspDeInit), (2 bytes).
    Removing stm32f1xx_hal_uart.o(i.HAL_UART_MspInit), (2 bytes).
    Removing stm32f1xx_hal_uart.o(i.HAL_UART_Receive), (248 bytes).
    Removing stm32f1xx_hal_uart.o(i.HAL_UART_Receive_IT), (134 bytes).
    Removing stm32f1xx_hal_uart.o(i.HAL_UART_Transmit), (240 bytes).
    Removing stm32f1xx_hal_uart.o(i.HAL_UART_Transmit_DMA), (168 bytes).
    Removing stm32f1xx_hal_uart.o(i.HAL_UART_Transmit_IT), (110 bytes).
    Removing stm32f1xx_hal_uart.o(i.HAL_UART_TxCpltCallback), (2 bytes).
    Removing stm32f1xx_hal_uart.o(i.HAL_UART_TxHalfCpltCallback), (2 bytes).
    Removing stm32f1xx_hal_uart.o(i.UART_DMATransmitCplt), (54 bytes).
    Removing stm32f1xx_hal_uart.o(i.UART_DMATxHalfCplt), (14 bytes).
    Removing stm32f1xx_hal_uart.o(i.UART_EndTransmit_IT), (48 bytes).
    Removing stm32f1xx_hal_uart.o(i.UART_Receive_IT), (188 bytes).
    Removing stm32f1xx_hal_uart.o(i.UART_Transmit_IT), (112 bytes).
    Removing stm32f1xx_hal_uart.o(i.UART_WaitOnFlagUntilTimeout), (250 bytes).
    Removing stm32f1xx_hal_rcc.o(.rev16_text), (4 bytes).
    Removing stm32f1xx_hal_rcc.o(.revsh_text), (4 bytes).
    Removing stm32f1xx_hal_rcc.o(.rrx_text), (6 bytes).
    Removing stm32f1xx_hal_rcc.o(i.HAL_RCC_CSSCallback), (2 bytes).
    Removing stm32f1xx_hal_rcc.o(i.HAL_RCC_DeInit), (96 bytes).
    Removing stm32f1xx_hal_rcc.o(i.HAL_RCC_DisableCSS), (28 bytes).
    Removing stm32f1xx_hal_rcc.o(i.HAL_RCC_EnableCSS), (24 bytes).
    Removing stm32f1xx_hal_rcc.o(i.HAL_RCC_GetClockConfig), (68 bytes).
    Removing stm32f1xx_hal_rcc.o(i.HAL_RCC_GetOscConfig), (212 bytes).
    Removing stm32f1xx_hal_rcc.o(i.HAL_RCC_MCOConfig), (100 bytes).
    Removing stm32f1xx_hal_rcc.o(i.HAL_RCC_NMI_IRQHandler), (32 bytes).
    Removing stm32f1xx_hal_dma.o(.rev16_text), (4 bytes).
    Removing stm32f1xx_hal_dma.o(.revsh_text), (4 bytes).
    Removing stm32f1xx_hal_dma.o(.rrx_text), (6 bytes).
    Removing stm32f1xx_hal_dma.o(i.HAL_DMA_DeInit), (1120 bytes).
    Removing stm32f1xx_hal_dma.o(i.HAL_DMA_GetError), (6 bytes).
    Removing stm32f1xx_hal_dma.o(i.HAL_DMA_GetState), (8 bytes).
    Removing stm32f1xx_hal_dma.o(i.HAL_DMA_PollForTransfer), (1916 bytes).
    Removing stm32f1xx_hal_dma.o(i.HAL_DMA_Start), (82 bytes).
    Removing stm32f1xx_hal_flash_ex.o(.rev16_text), (4 bytes).
    Removing stm32f1xx_hal_flash_ex.o(.revsh_text), (4 bytes).
    Removing stm32f1xx_hal_flash_ex.o(.rrx_text), (6 bytes).
    Removing stm32f1xx_hal_flash_ex.o(i.FLASH_MassErase), (40 bytes).
    Removing stm32f1xx_hal_flash_ex.o(i.FLASH_OB_DisableWRP), (232 bytes).
    Removing stm32f1xx_hal_flash_ex.o(i.FLASH_OB_EnableWRP), (236 bytes).
    Removing stm32f1xx_hal_flash_ex.o(i.FLASH_OB_GetRDP), (28 bytes).
    Removing stm32f1xx_hal_flash_ex.o(i.FLASH_OB_GetUser), (28 bytes).
    Removing stm32f1xx_hal_flash_ex.o(i.FLASH_OB_GetWRP), (12 bytes).
    Removing stm32f1xx_hal_flash_ex.o(i.FLASH_OB_ProgramData), (76 bytes).
    Removing stm32f1xx_hal_flash_ex.o(i.FLASH_OB_RDP_LevelConfig), (124 bytes).
    Removing stm32f1xx_hal_flash_ex.o(i.FLASH_OB_UserConfig), (84 bytes).
    Removing stm32f1xx_hal_flash_ex.o(i.FLASH_PageErase), (40 bytes).
    Removing stm32f1xx_hal_flash_ex.o(i.HAL_FLASHEx_Erase), (176 bytes).
    Removing stm32f1xx_hal_flash_ex.o(i.HAL_FLASHEx_Erase_IT), (100 bytes).
    Removing stm32f1xx_hal_flash_ex.o(i.HAL_FLASHEx_OBErase), (96 bytes).
    Removing stm32f1xx_hal_flash_ex.o(i.HAL_FLASHEx_OBGetConfig), (28 bytes).
    Removing stm32f1xx_hal_flash_ex.o(i.HAL_FLASHEx_OBGetUserData), (72 bytes).
    Removing stm32f1xx_hal_flash_ex.o(i.HAL_FLASHEx_OBProgram), (200 bytes).
    Removing startup_stm32f103xe.o(HEAP), (512 bytes).
    Removing system_stm32f1xx.o(.rev16_text), (4 bytes).
    Removing system_stm32f1xx.o(.revsh_text), (4 bytes).
    Removing system_stm32f1xx.o(.rrx_text), (6 bytes).
    Removing system_stm32f1xx.o(i.SystemCoreClockUpdate), (164 bytes).
    Removing f2d.o(.text), (38 bytes).
    Removing cdcmple.o(.text), (48 bytes).
    Removing cdrcmple.o(.text), (48 bytes).
    Removing cfcmple.o(.text), (20 bytes).
    Removing cfrcmple.o(.text), (20 bytes).

351 unused section(s) (total 26342 bytes) removed from the image.

==============================================================================

Image Symbol Table

    Local Symbols

    Symbol Name                              Value     Ov Type        Size  Object(Section)

    ../Drivers/CMSIS/Device/ST/STM32F1xx/Source/Templates/system_stm32f1xx.c 0x00000000   Number         0  system_stm32f1xx.o ABSOLUTE
    ../Drivers/STM32F1xx_HAL_Driver/Src/stm32f1xx_hal.c 0x00000000   Number         0  stm32f1xx_hal.o ABSOLUTE
    ../Drivers/STM32F1xx_HAL_Driver/Src/stm32f1xx_hal_cortex.c 0x00000000   Number         0  stm32f1xx_hal_cortex.o ABSOLUTE
    ../Drivers/STM32F1xx_HAL_Driver/Src/stm32f1xx_hal_dma.c 0x00000000   Number         0  stm32f1xx_hal_dma.o ABSOLUTE
    ../Drivers/STM32F1xx_HAL_Driver/Src/stm32f1xx_hal_flash.c 0x00000000   Number         0  stm32f1xx_hal_flash.o ABSOLUTE
    ../Drivers/STM32F1xx_HAL_Driver/Src/stm32f1xx_hal_flash_ex.c 0x00000000   Number         0  stm32f1xx_hal_flash_ex.o ABSOLUTE
    ../Drivers/STM32F1xx_HAL_Driver/Src/stm32f1xx_hal_gpio.c 0x00000000   Number         0  stm32f1xx_hal_gpio.o ABSOLUTE
    ../Drivers/STM32F1xx_HAL_Driver/Src/stm32f1xx_hal_gpio_ex.c 0x00000000   Number         0  stm32f1xx_hal_gpio_ex.o ABSOLUTE
    ../Drivers/STM32F1xx_HAL_Driver/Src/stm32f1xx_hal_pwr.c 0x00000000   Number         0  stm32f1xx_hal_pwr.o ABSOLUTE
    ../Drivers/STM32F1xx_HAL_Driver/Src/stm32f1xx_hal_rcc.c 0x00000000   Number         0  stm32f1xx_hal_rcc.o ABSOLUTE
    ../Drivers/STM32F1xx_HAL_Driver/Src/stm32f1xx_hal_rcc_ex.c 0x00000000   Number         0  stm32f1xx_hal_rcc_ex.o ABSOLUTE
    ../Drivers/STM32F1xx_HAL_Driver/Src/stm32f1xx_hal_tim.c 0x00000000   Number         0  stm32f1xx_hal_tim.o ABSOLUTE
    ../Drivers/STM32F1xx_HAL_Driver/Src/stm32f1xx_hal_tim_ex.c 0x00000000   Number         0  stm32f1xx_hal_tim_ex.o ABSOLUTE
    ../Drivers/STM32F1xx_HAL_Driver/Src/stm32f1xx_hal_uart.c 0x00000000   Number         0  stm32f1xx_hal_uart.o ABSOLUTE
    ../Src/dma.c                             0x00000000   Number         0  dma.o ABSOLUTE
    ../Src/gpio.c                            0x00000000   Number         0  gpio.o ABSOLUTE
    ../Src/main.c                            0x00000000   Number         0  main.o ABSOLUTE
    ../Src/stm32f1xx_hal_msp.c               0x00000000   Number         0  stm32f1xx_hal_msp.o ABSOLUTE
    ../Src/stm32f1xx_it.c                    0x00000000   Number         0  stm32f1xx_it.o ABSOLUTE
    ../Src/tim.c                             0x00000000   Number         0  tim.o ABSOLUTE
    ../Src/usart.c                           0x00000000   Number         0  usart.o ABSOLUTE
    ../clib/../cmprslib/zerorunl2.c          0x00000000   Number         0  __dczerorl2.o ABSOLUTE
    ../clib/microlib/init/entry.s            0x00000000   Number         0  entry11b.o ABSOLUTE
    ../clib/microlib/init/entry.s            0x00000000   Number         0  entry10a.o ABSOLUTE
    ../clib/microlib/init/entry.s            0x00000000   Number         0  entry9b.o ABSOLUTE
    ../clib/microlib/init/entry.s            0x00000000   Number         0  entry.o ABSOLUTE
    ../clib/microlib/init/entry.s            0x00000000   Number         0  entry9a.o ABSOLUTE
    ../clib/microlib/init/entry.s            0x00000000   Number         0  entry7a.o ABSOLUTE
    ../clib/microlib/init/entry.s            0x00000000   Number         0  entry8b.o ABSOLUTE
    ../clib/microlib/init/entry.s            0x00000000   Number         0  entry8a.o ABSOLUTE
    ../clib/microlib/init/entry.s            0x00000000   Number         0  entry2.o ABSOLUTE
    ../clib/microlib/init/entry.s            0x00000000   Number         0  entry7b.o ABSOLUTE
    ../clib/microlib/init/entry.s            0x00000000   Number         0  entry11a.o ABSOLUTE
    ../clib/microlib/init/entry.s            0x00000000   Number         0  entry10b.o ABSOLUTE
    ../clib/microlib/init/entry.s            0x00000000   Number         0  entry5.o ABSOLUTE
    ../clib/microlib/longlong.c              0x00000000   Number         0  llushr.o ABSOLUTE
    ../clib/microlib/longlong.c              0x00000000   Number         0  llshl.o ABSOLUTE
    ../clib/microlib/stubs.s                 0x00000000   Number         0  iusefp.o ABSOLUTE
    ../fplib/microlib/f2d.c                  0x00000000   Number         0  f2d.o ABSOLUTE
    ../fplib/microlib/fpadd.c                0x00000000   Number         0  fadd.o ABSOLUTE
    ../fplib/microlib/fpdiv.c                0x00000000   Number         0  ddiv.o ABSOLUTE
    ../fplib/microlib/fpepilogue.c           0x00000000   Number         0  fepilogue.o ABSOLUTE
    ../fplib/microlib/fpepilogue.c           0x00000000   Number         0  depilogue.o ABSOLUTE
    ../fplib/microlib/fpfix.c                0x00000000   Number         0  ffixi.o ABSOLUTE
    ../fplib/microlib/fpfix.c                0x00000000   Number         0  dfixi.o ABSOLUTE
    ../fplib/microlib/fpflt.c                0x00000000   Number         0  dflti.o ABSOLUTE
    ../fplib/microlib/fpflt.c                0x00000000   Number         0  fflti.o ABSOLUTE
    ../fplib/microlib/fpmul.c                0x00000000   Number         0  fmul.o ABSOLUTE
    ../fplib/microlib/fpmul.c                0x00000000   Number         0  dmul.o ABSOLUTE
    ..\Drivers\CMSIS\Device\ST\STM32F1xx\Source\Templates\system_stm32f1xx.c 0x00000000   Number         0  system_stm32f1xx.o ABSOLUTE
    ..\Drivers\STM32F1xx_HAL_Driver\Src\stm32f1xx_hal.c 0x00000000   Number         0  stm32f1xx_hal.o ABSOLUTE
    ..\Drivers\STM32F1xx_HAL_Driver\Src\stm32f1xx_hal_cortex.c 0x00000000   Number         0  stm32f1xx_hal_cortex.o ABSOLUTE
    ..\Drivers\STM32F1xx_HAL_Driver\Src\stm32f1xx_hal_dma.c 0x00000000   Number         0  stm32f1xx_hal_dma.o ABSOLUTE
    ..\Drivers\STM32F1xx_HAL_Driver\Src\stm32f1xx_hal_flash.c 0x00000000   Number         0  stm32f1xx_hal_flash.o ABSOLUTE
    ..\Drivers\STM32F1xx_HAL_Driver\Src\stm32f1xx_hal_flash_ex.c 0x00000000   Number         0  stm32f1xx_hal_flash_ex.o ABSOLUTE
    ..\Drivers\STM32F1xx_HAL_Driver\Src\stm32f1xx_hal_gpio.c 0x00000000   Number         0  stm32f1xx_hal_gpio.o ABSOLUTE
    ..\Drivers\STM32F1xx_HAL_Driver\Src\stm32f1xx_hal_gpio_ex.c 0x00000000   Number         0  stm32f1xx_hal_gpio_ex.o ABSOLUTE
    ..\Drivers\STM32F1xx_HAL_Driver\Src\stm32f1xx_hal_pwr.c 0x00000000   Number         0  stm32f1xx_hal_pwr.o ABSOLUTE
    ..\Drivers\STM32F1xx_HAL_Driver\Src\stm32f1xx_hal_rcc.c 0x00000000   Number         0  stm32f1xx_hal_rcc.o ABSOLUTE
    ..\Drivers\STM32F1xx_HAL_Driver\Src\stm32f1xx_hal_rcc_ex.c 0x00000000   Number         0  stm32f1xx_hal_rcc_ex.o ABSOLUTE
    ..\Drivers\STM32F1xx_HAL_Driver\Src\stm32f1xx_hal_tim.c 0x00000000   Number         0  stm32f1xx_hal_tim.o ABSOLUTE
    ..\Drivers\STM32F1xx_HAL_Driver\Src\stm32f1xx_hal_tim_ex.c 0x00000000   Number         0  stm32f1xx_hal_tim_ex.o ABSOLUTE
    ..\Drivers\STM32F1xx_HAL_Driver\Src\stm32f1xx_hal_uart.c 0x00000000   Number         0  stm32f1xx_hal_uart.o ABSOLUTE
    ..\Src\delay.c                           0x00000000   Number         0  delay.o ABSOLUTE
    ..\Src\dma.c                             0x00000000   Number         0  dma.o ABSOLUTE
    ..\Src\encoderPID.c                      0x00000000   Number         0  encoderpid.o ABSOLUTE
    ..\Src\gpio.c                            0x00000000   Number         0  gpio.o ABSOLUTE
    ..\Src\main.c                            0x00000000   Number         0  main.o ABSOLUTE
    ..\Src\motor_cont.c                      0x00000000   Number         0  motor_cont.o ABSOLUTE
    ..\Src\parseJY.c                         0x00000000   Number         0  parsejy.o ABSOLUTE
    ..\Src\stm32f1xx_hal_msp.c               0x00000000   Number         0  stm32f1xx_hal_msp.o ABSOLUTE
    ..\Src\stm32f1xx_it.c                    0x00000000   Number         0  stm32f1xx_it.o ABSOLUTE
    ..\Src\tim.c                             0x00000000   Number         0  tim.o ABSOLUTE
    ..\Src\usart.c                           0x00000000   Number         0  usart.o ABSOLUTE
    ..\\Src\\delay.c                         0x00000000   Number         0  delay.o ABSOLUTE
    ..\\Src\\encoderPID.c                    0x00000000   Number         0  encoderpid.o ABSOLUTE
    ..\\Src\\motor_cont.c                    0x00000000   Number         0  motor_cont.o ABSOLUTE
    ..\\Src\\parseJY.c                       0x00000000   Number         0  parsejy.o ABSOLUTE
    cdcmple.s                                0x00000000   Number         0  cdcmple.o ABSOLUTE
    cdrcmple.s                               0x00000000   Number         0  cdrcmple.o ABSOLUTE
    cfcmple.s                                0x00000000   Number         0  cfcmple.o ABSOLUTE
    cfrcmple.s                               0x00000000   Number         0  cfrcmple.o ABSOLUTE
    dc.s                                     0x00000000   Number         0  dc.o ABSOLUTE
    handlers.s                               0x00000000   Number         0  handlers.o ABSOLUTE
    init.s                                   0x00000000   Number         0  init.o ABSOLUTE
    startup_stm32f103xe.s                    0x00000000   Number         0  startup_stm32f103xe.o ABSOLUTE
    RESET                                    0x08000000   Section      304  startup_stm32f103xe.o(RESET)
    .ARM.Collect$$$$00000000                 0x08000130   Section        0  entry.o(.ARM.Collect$$$$00000000)
    .ARM.Collect$$$$00000001                 0x08000130   Section        4  entry2.o(.ARM.Collect$$$$00000001)
    .ARM.Collect$$$$00000004                 0x08000134   Section        4  entry5.o(.ARM.Collect$$$$00000004)
    .ARM.Collect$$$$00000008                 0x08000138   Section        0  entry7b.o(.ARM.Collect$$$$00000008)
    .ARM.Collect$$$$0000000A                 0x08000138   Section        0  entry8b.o(.ARM.Collect$$$$0000000A)
    .ARM.Collect$$$$0000000B                 0x08000138   Section        8  entry9a.o(.ARM.Collect$$$$0000000B)
    .ARM.Collect$$$$0000000D                 0x08000140   Section        0  entry10a.o(.ARM.Collect$$$$0000000D)
    .ARM.Collect$$$$0000000F                 0x08000140   Section        0  entry11a.o(.ARM.Collect$$$$0000000F)
    .ARM.Collect$$$$00002712                 0x08000140   Section        4  entry2.o(.ARM.Collect$$$$00002712)
    __lit__00000000                          0x08000140   Data           4  entry2.o(.ARM.Collect$$$$00002712)
    .text                                    0x08000144   Section       36  startup_stm32f103xe.o(.text)
    .text                                    0x08000168   Section        0  llushr.o(.text)
    .text                                    0x08000188   Section        0  fadd.o(.text)
    .text                                    0x08000238   Section        0  fmul.o(.text)
    .text                                    0x0800029c   Section        0  dmul.o(.text)
    .text                                    0x08000380   Section        0  ddiv.o(.text)
    .text                                    0x0800045e   Section        0  fflti.o(.text)
    .text                                    0x08000470   Section        0  dflti.o(.text)
    .text                                    0x08000492   Section        0  ffixi.o(.text)
    .text                                    0x080004c4   Section        0  dfixi.o(.text)
    .text                                    0x08000502   Section        0  fepilogue.o(.text)
    .text                                    0x08000502   Section        0  iusefp.o(.text)
    .text                                    0x08000570   Section        0  depilogue.o(.text)
    .text                                    0x0800062c   Section       36  init.o(.text)
    .text                                    0x08000650   Section        0  llshl.o(.text)
    .text                                    0x0800066e   Section        0  __dczerorl2.o(.text)
    i.BusFault_Handler                       0x080006c4   Section        0  stm32f1xx_it.o(i.BusFault_Handler)
    i.DMA1_Channel5_IRQHandler               0x080006c8   Section        0  stm32f1xx_it.o(i.DMA1_Channel5_IRQHandler)
    i.DMA1_Channel6_IRQHandler               0x080006dc   Section        0  stm32f1xx_it.o(i.DMA1_Channel6_IRQHandler)
    i.DMA_SetConfig                          0x080006ec   Section        0  stm32f1xx_hal_dma.o(i.DMA_SetConfig)
    DMA_SetConfig                            0x080006ed   Thumb Code    32  stm32f1xx_hal_dma.o(i.DMA_SetConfig)
    i.DebugMon_Handler                       0x0800070c   Section        0  stm32f1xx_it.o(i.DebugMon_Handler)
    i.DecTick                                0x08000710   Section        0  delay.o(i.DecTick)
    i.DelayMS                                0x08000728   Section        0  delay.o(i.DelayMS)
    i.Error_Handler                          0x0800073e   Section        0  main.o(i.Error_Handler)
    i.GetTick                                0x08000744   Section        0  delay.o(i.GetTick)
    i.HAL_DMA_Abort                          0x08000750   Section        0  stm32f1xx_hal_dma.o(i.HAL_DMA_Abort)
    i.HAL_DMA_IRQHandler                     0x080007b4   Section        0  stm32f1xx_hal_dma.o(i.HAL_DMA_IRQHandler)
    i.HAL_DMA_Init                           0x080010bc   Section        0  stm32f1xx_hal_dma.o(i.HAL_DMA_Init)
    i.HAL_DMA_Start_IT                       0x08001110   Section        0  stm32f1xx_hal_dma.o(i.HAL_DMA_Start_IT)
    i.HAL_Delay                              0x08001186   Section        0  stm32f1xx_hal.o(i.HAL_Delay)
    i.HAL_GPIO_Init                          0x080011a0   Section        0  stm32f1xx_hal_gpio.o(i.HAL_GPIO_Init)
    i.HAL_GPIO_WritePin                      0x080014e0   Section        0  stm32f1xx_hal_gpio.o(i.HAL_GPIO_WritePin)
    i.HAL_GetTick                            0x080014ec   Section        0  stm32f1xx_hal.o(i.HAL_GetTick)
    i.HAL_IncTick                            0x080014f8   Section        0  stm32f1xx_hal.o(i.HAL_IncTick)
    i.HAL_Init                               0x08001508   Section        0  stm32f1xx_hal.o(i.HAL_Init)
    i.HAL_InitTick                           0x08001530   Section        0  stm32f1xx_hal.o(i.HAL_InitTick)
    i.HAL_MspInit                            0x08001554   Section        0  stm32f1xx_hal_msp.o(i.HAL_MspInit)
    i.HAL_NVIC_EnableIRQ                     0x080015e0   Section        0  stm32f1xx_hal_cortex.o(i.HAL_NVIC_EnableIRQ)
    i.HAL_NVIC_SetPriority                   0x080015fa   Section        0  stm32f1xx_hal_cortex.o(i.HAL_NVIC_SetPriority)
    i.HAL_NVIC_SetPriorityGrouping           0x08001678   Section        0  stm32f1xx_hal_cortex.o(i.HAL_NVIC_SetPriorityGrouping)
    i.HAL_RCC_ClockConfig                    0x080016a0   Section        0  stm32f1xx_hal_rcc.o(i.HAL_RCC_ClockConfig)
    i.HAL_RCC_GetHCLKFreq                    0x08001938   Section        0  stm32f1xx_hal_rcc.o(i.HAL_RCC_GetHCLKFreq)
    i.HAL_RCC_GetPCLK1Freq                   0x08001944   Section        0  stm32f1xx_hal_rcc.o(i.HAL_RCC_GetPCLK1Freq)
    i.HAL_RCC_GetPCLK2Freq                   0x08001970   Section        0  stm32f1xx_hal_rcc.o(i.HAL_RCC_GetPCLK2Freq)
    i.HAL_RCC_GetSysClockFreq                0x0800199c   Section        0  stm32f1xx_hal_rcc.o(i.HAL_RCC_GetSysClockFreq)
    i.HAL_RCC_OscConfig                      0x08001a50   Section        0  stm32f1xx_hal_rcc.o(i.HAL_RCC_OscConfig)
    i.HAL_SYSTICK_CLKSourceConfig            0x080022c8   Section        0  stm32f1xx_hal_cortex.o(i.HAL_SYSTICK_CLKSourceConfig)
    i.HAL_SYSTICK_Callback                   0x080022f0   Section        0  stm32f1xx_hal_cortex.o(i.HAL_SYSTICK_Callback)
    i.HAL_SYSTICK_Config                     0x080022f2   Section        0  stm32f1xx_hal_cortex.o(i.HAL_SYSTICK_Config)
    i.HAL_SYSTICK_IRQHandler                 0x08002326   Section        0  stm32f1xx_hal_cortex.o(i.HAL_SYSTICK_IRQHandler)
    i.HAL_TIMEx_MasterConfigSynchronization  0x0800232e   Section        0  stm32f1xx_hal_tim_ex.o(i.HAL_TIMEx_MasterConfigSynchronization)
    i.HAL_TIM_Encoder_Init                   0x08002390   Section        0  stm32f1xx_hal_tim.o(i.HAL_TIM_Encoder_Init)
    i.HAL_TIM_Encoder_MspInit                0x08002444   Section        0  tim.o(i.HAL_TIM_Encoder_MspInit)
    i.HAL_TIM_Encoder_Start                  0x080024d0   Section        0  stm32f1xx_hal_tim.o(i.HAL_TIM_Encoder_Start)
    i.HAL_TIM_MspPostInit                    0x08002520   Section        0  tim.o(i.HAL_TIM_MspPostInit)
    i.HAL_TIM_PWM_ConfigChannel              0x08002548   Section        0  stm32f1xx_hal_tim.o(i.HAL_TIM_PWM_ConfigChannel)
    i.HAL_TIM_PWM_Init                       0x08002650   Section        0  stm32f1xx_hal_tim.o(i.HAL_TIM_PWM_Init)
    i.HAL_TIM_PWM_MspInit                    0x08002684   Section        0  tim.o(i.HAL_TIM_PWM_MspInit)
    i.HAL_TIM_PWM_Start                      0x080026b0   Section        0  stm32f1xx_hal_tim.o(i.HAL_TIM_PWM_Start)
    i.HAL_UART_DMAStop                       0x080026fc   Section        0  stm32f1xx_hal_uart.o(i.HAL_UART_DMAStop)
    i.HAL_UART_ErrorCallback                 0x0800272a   Section        0  stm32f1xx_hal_uart.o(i.HAL_UART_ErrorCallback)
    i.HAL_UART_Init                          0x0800272c   Section        0  stm32f1xx_hal_uart.o(i.HAL_UART_Init)
    i.HAL_UART_MspInit                       0x0800279c   Section        0  usart.o(i.HAL_UART_MspInit)
    i.HAL_UART_Receive_DMA                   0x080028c8   Section        0  stm32f1xx_hal_uart.o(i.HAL_UART_Receive_DMA)
    i.HAL_UART_RxCpltCallback                0x08002968   Section        0  stm32f1xx_hal_uart.o(i.HAL_UART_RxCpltCallback)
    i.HAL_UART_RxHalfCpltCallback            0x0800296a   Section        0  stm32f1xx_hal_uart.o(i.HAL_UART_RxHalfCpltCallback)
    i.HardFault_Handler                      0x0800296c   Section        0  stm32f1xx_it.o(i.HardFault_Handler)
    i.MX_DMA_Init                            0x08002970   Section        0  dma.o(i.MX_DMA_Init)
    i.MX_GPIO_Init                           0x080029b4   Section        0  gpio.o(i.MX_GPIO_Init)
    i.MX_TIM2_Init                           0x08002abc   Section        0  tim.o(i.MX_TIM2_Init)
    i.MX_TIM3_Init                           0x08002b34   Section        0  tim.o(i.MX_TIM3_Init)
    i.MX_TIM4_Init                           0x08002ba4   Section        0  tim.o(i.MX_TIM4_Init)
    i.MX_USART1_UART_Init                    0x08002c14   Section        0  usart.o(i.MX_USART1_UART_Init)
    i.MX_USART2_UART_Init                    0x08002c4c   Section        0  usart.o(i.MX_USART2_UART_Init)
    i.MemManage_Handler                      0x08002c84   Section        0  stm32f1xx_it.o(i.MemManage_Handler)
    i.NMI_Handler                            0x08002c88   Section        0  stm32f1xx_it.o(i.NMI_Handler)
    i.NVIC_GetPriorityGrouping               0x08002c8c   Section        0  stm32f1xx_hal_cortex.o(i.NVIC_GetPriorityGrouping)
    NVIC_GetPriorityGrouping                 0x08002c8d   Thumb Code    10  stm32f1xx_hal_cortex.o(i.NVIC_GetPriorityGrouping)
    i.NVIC_SetPriority                       0x08002c9c   Section        0  stm32f1xx_hal_cortex.o(i.NVIC_SetPriority)
    NVIC_SetPriority                         0x08002c9d   Thumb Code    32  stm32f1xx_hal_cortex.o(i.NVIC_SetPriority)
    i.SetTick                                0x08002cc4   Section        0  delay.o(i.SetTick)
    i.SysTick_Handler                        0x08002cd0   Section        0  stm32f1xx_it.o(i.SysTick_Handler)
    i.SystemClock_Config                     0x08002d3c   Section        0  main.o(i.SystemClock_Config)
    i.SystemInit                             0x08002db4   Section        0  system_stm32f1xx.o(i.SystemInit)
    i.TIM_Base_SetConfig                     0x08002e0c   Section        0  stm32f1xx_hal_tim.o(i.TIM_Base_SetConfig)
    i.TIM_CCxChannelCmd                      0x08002e9c   Section        0  stm32f1xx_hal_tim.o(i.TIM_CCxChannelCmd)
    i.TIM_OC1_SetConfig                      0x08002eb8   Section        0  stm32f1xx_hal_tim.o(i.TIM_OC1_SetConfig)
    TIM_OC1_SetConfig                        0x08002eb9   Thumb Code   110  stm32f1xx_hal_tim.o(i.TIM_OC1_SetConfig)
    i.TIM_OC2_SetConfig                      0x08002f30   Section        0  stm32f1xx_hal_tim.o(i.TIM_OC2_SetConfig)
    i.TIM_OC3_SetConfig                      0x08002fb0   Section        0  stm32f1xx_hal_tim.o(i.TIM_OC3_SetConfig)
    TIM_OC3_SetConfig                        0x08002fb1   Thumb Code   118  stm32f1xx_hal_tim.o(i.TIM_OC3_SetConfig)
    i.TIM_OC4_SetConfig                      0x08003030   Section        0  stm32f1xx_hal_tim.o(i.TIM_OC4_SetConfig)
    TIM_OC4_SetConfig                        0x08003031   Thumb Code    80  stm32f1xx_hal_tim.o(i.TIM_OC4_SetConfig)
    i.UART_DMAError                          0x08003088   Section        0  stm32f1xx_hal_uart.o(i.UART_DMAError)
    UART_DMAError                            0x08003089   Thumb Code    34  stm32f1xx_hal_uart.o(i.UART_DMAError)
    i.UART_DMAReceiveCplt                    0x080030aa   Section        0  stm32f1xx_hal_uart.o(i.UART_DMAReceiveCplt)
    UART_DMAReceiveCplt                      0x080030ab   Thumb Code    62  stm32f1xx_hal_uart.o(i.UART_DMAReceiveCplt)
    i.UART_DMARxHalfCplt                     0x080030e8   Section        0  stm32f1xx_hal_uart.o(i.UART_DMARxHalfCplt)
    UART_DMARxHalfCplt                       0x080030e9   Thumb Code    14  stm32f1xx_hal_uart.o(i.UART_DMARxHalfCplt)
    i.UART_SetConfig                         0x080030f8   Section        0  stm32f1xx_hal_uart.o(i.UART_SetConfig)
    UART_SetConfig                           0x080030f9   Thumb Code   450  stm32f1xx_hal_uart.o(i.UART_SetConfig)
    i.UsageFault_Handler                     0x080032c0   Section        0  stm32f1xx_it.o(i.UsageFault_Handler)
    i.__scatterload_copy                     0x080032c4   Section       14  handlers.o(i.__scatterload_copy)
    i.__scatterload_null                     0x080032d2   Section        2  handlers.o(i.__scatterload_null)
    i.__scatterload_zeroinit                 0x080032d4   Section       14  handlers.o(i.__scatterload_zeroinit)
    i.car_Awake                              0x080032e4   Section        0  motor_cont.o(i.car_Awake)
    i.car_FastDecay                          0x08003304   Section        0  motor_cont.o(i.car_FastDecay)
    i.car_SetSpeedL                          0x08003318   Section        0  motor_cont.o(i.car_SetSpeedL)
    i.car_SetSpeedR                          0x08003380   Section        0  motor_cont.o(i.car_SetSpeedR)
    i.car_Turn                               0x080033e0   Section        0  motor_cont.o(i.car_Turn)
    i.contSpeedPWM                           0x080034b0   Section        0  encoderpid.o(i.contSpeedPWM)
    i.findHeader                             0x080034cc   Section        0  parsejy.o(i.findHeader)
    i.getEncoderDiffL                        0x080034f4   Section        0  encoderpid.o(i.getEncoderDiffL)
    i.getEncoderDiffR                        0x08003504   Section        0  encoderpid.o(i.getEncoderDiffR)
    i.ifTurnStable                           0x08003514   Section        0  motor_cont.o(i.ifTurnStable)
    i.incrementalPIDL                        0x08003520   Section        0  encoderpid.o(i.incrementalPIDL)
    i.incrementalPIDR                        0x080035f0   Section        0  encoderpid.o(i.incrementalPIDR)
    i.main                                   0x080036c0   Section        0  main.o(i.main)
    i.movementPIDCont                        0x08003754   Section        0  encoderpid.o(i.movementPIDCont)
    i.parseJY_DMA_Data                       0x08003828   Section        0  parsejy.o(i.parseJY_DMA_Data)
    i.positionPIDL                           0x08003944   Section        0  encoderpid.o(i.positionPIDL)
    i.positionPIDR                           0x080039ec   Section        0  encoderpid.o(i.positionPIDR)
    i.readEncoRAWData                        0x08003a94   Section        0  encoderpid.o(i.readEncoRAWData)
    i.receiveJY_DMA_Data                     0x08003acc   Section        0  parsejy.o(i.receiveJY_DMA_Data)
    i.setTargetPos                           0x08003b50   Section        0  encoderpid.o(i.setTargetPos)
    .constdata                               0x08003b64   Section       24  system_stm32f1xx.o(.constdata)
    .data                                    0x20000000   Section        3  stm32f1xx_it.o(.data)
    tenMSCnt                                 0x20000000   Data           1  stm32f1xx_it.o(.data)
    fiftyMSCnt                               0x20000001   Data           1  stm32f1xx_it.o(.data)
    hundredMSCnt                             0x20000002   Data           1  stm32f1xx_it.o(.data)
    .data                                    0x20000004   Section        4  delay.o(.data)
    sTick                                    0x20000004   Data           4  delay.o(.data)
    .data                                    0x20000008   Section       80  parsejy.o(.data)
    tempBuffer                               0x20000008   Data           1  parsejy.o(.data)
    tempHeader                               0x20000009   Data           1  parsejy.o(.data)
    tempSum                                  0x20000054   Data           1  parsejy.o(.data)
    i                                        0x20000055   Data           1  parsejy.o(.data)
    tempCnt                                  0x20000056   Data           1  parsejy.o(.data)
    findingFlag                              0x20000057   Data           1  parsejy.o(.data)
    .data                                    0x20000058   Section      244  encoderpid.o(.data)
    valEncoderL                              0x20000058   Data           4  encoderpid.o(.data)
    valEncoderR                              0x2000005c   Data           4  encoderpid.o(.data)
    positionL                                0x20000060   Data           4  encoderpid.o(.data)
    positionR                                0x20000064   Data           4  encoderpid.o(.data)
    targetSpeedL                             0x20000068   Data           4  encoderpid.o(.data)
    targetSpeedR                             0x2000006c   Data           4  encoderpid.o(.data)
    targetPosL                               0x20000070   Data           4  encoderpid.o(.data)
    targetPosR                               0x20000074   Data           4  encoderpid.o(.data)
    setSpeedL                                0x20000078   Data           4  encoderpid.o(.data)
    setSpeedR                                0x2000007c   Data           4  encoderpid.o(.data)
    Kp                                       0x20000084   Data           4  encoderpid.o(.data)
    Ki                                       0x20000088   Data           4  encoderpid.o(.data)
    Kd                                       0x2000008c   Data           4  encoderpid.o(.data)
    Ek                                       0x20000090   Data           4  encoderpid.o(.data)
    Ek1                                      0x20000094   Data           4  encoderpid.o(.data)
    sigmaEk                                  0x20000098   Data           4  encoderpid.o(.data)
    PWML                                     0x2000009c   Data           4  encoderpid.o(.data)
    temp                                     0x200000a0   Data           4  encoderpid.o(.data)
    tempCnt                                  0x200000a4   Data           1  encoderpid.o(.data)
    Kp                                       0x200000a8   Data           4  encoderpid.o(.data)
    Ki                                       0x200000ac   Data           4  encoderpid.o(.data)
    Kd                                       0x200000b0   Data           4  encoderpid.o(.data)
    Ek                                       0x200000b4   Data           4  encoderpid.o(.data)
    Ek1                                      0x200000b8   Data           4  encoderpid.o(.data)
    sigmaEk                                  0x200000bc   Data           4  encoderpid.o(.data)
    PWMR                                     0x200000c0   Data           4  encoderpid.o(.data)
    temp                                     0x200000c4   Data           4  encoderpid.o(.data)
    tempCnt                                  0x200000c8   Data           1  encoderpid.o(.data)
    Kp                                       0x200000cc   Data           4  encoderpid.o(.data)
    Ki                                       0x200000d0   Data           4  encoderpid.o(.data)
    Kd                                       0x200000d4   Data           4  encoderpid.o(.data)
    Ek                                       0x200000d8   Data           4  encoderpid.o(.data)
    Ek1                                      0x200000dc   Data           4  encoderpid.o(.data)
    Ek2                                      0x200000e0   Data           4  encoderpid.o(.data)
    PWML                                     0x200000e4   Data           4  encoderpid.o(.data)
    temp                                     0x200000e8   Data           4  encoderpid.o(.data)
    Kp                                       0x200000ec   Data           4  encoderpid.o(.data)
    Ki                                       0x200000f0   Data           4  encoderpid.o(.data)
    Kd                                       0x200000f4   Data           4  encoderpid.o(.data)
    Ek                                       0x200000f8   Data           4  encoderpid.o(.data)
    Ek1                                      0x200000fc   Data           4  encoderpid.o(.data)
    Ek2                                      0x20000100   Data           4  encoderpid.o(.data)
    PWMR                                     0x20000104   Data           4  encoderpid.o(.data)
    temp                                     0x20000108   Data           4  encoderpid.o(.data)
    encoderDiffL                             0x2000010c   Data           4  encoderpid.o(.data)
    encoderDiffR                             0x20000110   Data           4  encoderpid.o(.data)
    encoderDiffLR                            0x20000114   Data           4  encoderpid.o(.data)
    Kp                                       0x20000118   Data           4  encoderpid.o(.data)
    Ki                                       0x2000011c   Data           4  encoderpid.o(.data)
    Kd                                       0x20000120   Data           4  encoderpid.o(.data)
    Ek                                       0x20000124   Data           4  encoderpid.o(.data)
    Ek1                                      0x20000128   Data           4  encoderpid.o(.data)
    Ek2                                      0x2000012c   Data           4  encoderpid.o(.data)
    deltaPWM                                 0x20000130   Data           4  encoderpid.o(.data)
    encoderDiffL                             0x20000134   Data           4  encoderpid.o(.data)
    encoderDiffR                             0x20000138   Data           4  encoderpid.o(.data)
    pidSpeedIncL                             0x2000013c   Data           4  encoderpid.o(.data)
    pidSpeedIncR                             0x20000140   Data           4  encoderpid.o(.data)
    pidSpeedPosL                             0x20000144   Data           4  encoderpid.o(.data)
    pidSpeedPosR                             0x20000148   Data           4  encoderpid.o(.data)
    .data                                    0x2000014c   Section       32  motor_cont.o(.data)
    forwardFlagL                             0x2000014c   Data           1  motor_cont.o(.data)
    forwardFlagR                             0x2000014d   Data           1  motor_cont.o(.data)
    encoderPulse                             0x2000014e   Data           2  motor_cont.o(.data)
    minSpeed                                 0x20000150   Data           2  motor_cont.o(.data)
    thetaWheelL                              0x20000154   Data           4  motor_cont.o(.data)
    thetaWheelR                              0x20000158   Data           4  motor_cont.o(.data)
    maxEncoSpeed                             0x2000015c   Data           4  motor_cont.o(.data)
    minEncoSpeed                             0x20000160   Data           4  motor_cont.o(.data)
    setSpeed                                 0x20000164   Data           4  motor_cont.o(.data)
    tranSpeed                                0x20000168   Data           4  motor_cont.o(.data)
    .data                                    0x2000016c   Section        4  stm32f1xx_hal.o(.data)
    uwTick                                   0x2000016c   Data           4  stm32f1xx_hal.o(.data)
    .data                                    0x20000170   Section        4  system_stm32f1xx.o(.data)
    .bss                                     0x20000174   Section      240  usart.o(.bss)
    .bss                                     0x20000264   Section      180  tim.o(.bss)
    .bss                                     0x20000318   Section       11  parsejy.o(.bss)
    jy61sData                                0x20000318   Data          11  parsejy.o(.bss)
    STACK                                    0x20000328   Section     1024  startup_stm32f103xe.o(STACK)

    Global Symbols

    Symbol Name                              Value     Ov Type        Size  Object(Section)

    BuildAttributes$$THM_ISAv4$P$D$K$B$S$PE$A:L22UL41UL21$X:L11$S22US41US21$IEEE1$IW$USESV6$~STKCKD$USESV7$~SHL$OTIME$ROPI$EBA8$MICROLIB$REQ8$PRES8$EABIv2 0x00000000   Number         0  anon$$obj.o ABSOLUTE
    __ARM_use_no_argv                        0x00000000   Number         0  main.o ABSOLUTE
    __cpp_initialize__aeabi_                  - Undefined Weak Reference
    __cxa_finalize                            - Undefined Weak Reference
    _clock_init                               - Undefined Weak Reference
    _microlib_exit                            - Undefined Weak Reference
    __Vectors_Size                           0x00000130   Number         0  startup_stm32f103xe.o ABSOLUTE
    __Vectors                                0x08000000   Data           4  startup_stm32f103xe.o(RESET)
    __Vectors_End                            0x08000130   Data           0  startup_stm32f103xe.o(RESET)
    __main                                   0x08000131   Thumb Code     0  entry.o(.ARM.Collect$$$$00000000)
    _main_stk                                0x08000131   Thumb Code     0  entry2.o(.ARM.Collect$$$$00000001)
    _main_scatterload                        0x08000135   Thumb Code     0  entry5.o(.ARM.Collect$$$$00000004)
    __main_after_scatterload                 0x08000139   Thumb Code     0  entry5.o(.ARM.Collect$$$$00000004)
    _main_clock                              0x08000139   Thumb Code     0  entry7b.o(.ARM.Collect$$$$00000008)
    _main_cpp_init                           0x08000139   Thumb Code     0  entry8b.o(.ARM.Collect$$$$0000000A)
    _main_init                               0x08000139   Thumb Code     0  entry9a.o(.ARM.Collect$$$$0000000B)
    __rt_final_cpp                           0x08000141   Thumb Code     0  entry10a.o(.ARM.Collect$$$$0000000D)
    __rt_final_exit                          0x08000141   Thumb Code     0  entry11a.o(.ARM.Collect$$$$0000000F)
    Reset_Handler                            0x08000145   Thumb Code     8  startup_stm32f103xe.o(.text)
    SVC_Handler                              0x08000157   Thumb Code     2  startup_stm32f103xe.o(.text)
    PendSV_Handler                           0x0800015b   Thumb Code     2  startup_stm32f103xe.o(.text)
    ADC1_2_IRQHandler                        0x0800015f   Thumb Code     0  startup_stm32f103xe.o(.text)
    ADC3_IRQHandler                          0x0800015f   Thumb Code     0  startup_stm32f103xe.o(.text)
    CAN1_RX1_IRQHandler                      0x0800015f   Thumb Code     0  startup_stm32f103xe.o(.text)
    CAN1_SCE_IRQHandler                      0x0800015f   Thumb Code     0  startup_stm32f103xe.o(.text)
    DMA1_Channel1_IRQHandler                 0x0800015f   Thumb Code     0  startup_stm32f103xe.o(.text)
    DMA1_Channel2_IRQHandler                 0x0800015f   Thumb Code     0  startup_stm32f103xe.o(.text)
    DMA1_Channel3_IRQHandler                 0x0800015f   Thumb Code     0  startup_stm32f103xe.o(.text)
    DMA1_Channel4_IRQHandler                 0x0800015f   Thumb Code     0  startup_stm32f103xe.o(.text)
    DMA1_Channel7_IRQHandler                 0x0800015f   Thumb Code     0  startup_stm32f103xe.o(.text)
    DMA2_Channel1_IRQHandler                 0x0800015f   Thumb Code     0  startup_stm32f103xe.o(.text)
    DMA2_Channel2_IRQHandler                 0x0800015f   Thumb Code     0  startup_stm32f103xe.o(.text)
    DMA2_Channel3_IRQHandler                 0x0800015f   Thumb Code     0  startup_stm32f103xe.o(.text)
    DMA2_Channel4_5_IRQHandler               0x0800015f   Thumb Code     0  startup_stm32f103xe.o(.text)
    EXTI0_IRQHandler                         0x0800015f   Thumb Code     0  startup_stm32f103xe.o(.text)
    EXTI15_10_IRQHandler                     0x0800015f   Thumb Code     0  startup_stm32f103xe.o(.text)
    EXTI1_IRQHandler                         0x0800015f   Thumb Code     0  startup_stm32f103xe.o(.text)
    EXTI2_IRQHandler                         0x0800015f   Thumb Code     0  startup_stm32f103xe.o(.text)
    EXTI3_IRQHandler                         0x0800015f   Thumb Code     0  startup_stm32f103xe.o(.text)
    EXTI4_IRQHandler                         0x0800015f   Thumb Code     0  startup_stm32f103xe.o(.text)
    EXTI9_5_IRQHandler                       0x0800015f   Thumb Code     0  startup_stm32f103xe.o(.text)
    FLASH_IRQHandler                         0x0800015f   Thumb Code     0  startup_stm32f103xe.o(.text)
    FSMC_IRQHandler                          0x0800015f   Thumb Code     0  startup_stm32f103xe.o(.text)
    I2C1_ER_IRQHandler                       0x0800015f   Thumb Code     0  startup_stm32f103xe.o(.text)
    I2C1_EV_IRQHandler                       0x0800015f   Thumb Code     0  startup_stm32f103xe.o(.text)
    I2C2_ER_IRQHandler                       0x0800015f   Thumb Code     0  startup_stm32f103xe.o(.text)
    I2C2_EV_IRQHandler                       0x0800015f   Thumb Code     0  startup_stm32f103xe.o(.text)
    PVD_IRQHandler                           0x0800015f   Thumb Code     0  startup_stm32f103xe.o(.text)
    RCC_IRQHandler                           0x0800015f   Thumb Code     0  startup_stm32f103xe.o(.text)
    RTC_Alarm_IRQHandler                     0x0800015f   Thumb Code     0  startup_stm32f103xe.o(.text)
    RTC_IRQHandler                           0x0800015f   Thumb Code     0  startup_stm32f103xe.o(.text)
    SDIO_IRQHandler                          0x0800015f   Thumb Code     0  startup_stm32f103xe.o(.text)
    SPI1_IRQHandler                          0x0800015f   Thumb Code     0  startup_stm32f103xe.o(.text)
    SPI2_IRQHandler                          0x0800015f   Thumb Code     0  startup_stm32f103xe.o(.text)
    SPI3_IRQHandler                          0x0800015f   Thumb Code     0  startup_stm32f103xe.o(.text)
    TAMPER_IRQHandler                        0x0800015f   Thumb Code     0  startup_stm32f103xe.o(.text)
    TIM1_BRK_IRQHandler                      0x0800015f   Thumb Code     0  startup_stm32f103xe.o(.text)
    TIM1_CC_IRQHandler                       0x0800015f   Thumb Code     0  startup_stm32f103xe.o(.text)
    TIM1_TRG_COM_IRQHandler                  0x0800015f   Thumb Code     0  startup_stm32f103xe.o(.text)
    TIM1_UP_IRQHandler                       0x0800015f   Thumb Code     0  startup_stm32f103xe.o(.text)
    TIM2_IRQHandler                          0x0800015f   Thumb Code     0  startup_stm32f103xe.o(.text)
    TIM3_IRQHandler                          0x0800015f   Thumb Code     0  startup_stm32f103xe.o(.text)
    TIM4_IRQHandler                          0x0800015f   Thumb Code     0  startup_stm32f103xe.o(.text)
    TIM5_IRQHandler                          0x0800015f   Thumb Code     0  startup_stm32f103xe.o(.text)
    TIM6_IRQHandler                          0x0800015f   Thumb Code     0  startup_stm32f103xe.o(.text)
    TIM7_IRQHandler                          0x0800015f   Thumb Code     0  startup_stm32f103xe.o(.text)
    TIM8_BRK_IRQHandler                      0x0800015f   Thumb Code     0  startup_stm32f103xe.o(.text)
    TIM8_CC_IRQHandler                       0x0800015f   Thumb Code     0  startup_stm32f103xe.o(.text)
    TIM8_TRG_COM_IRQHandler                  0x0800015f   Thumb Code     0  startup_stm32f103xe.o(.text)
    TIM8_UP_IRQHandler                       0x0800015f   Thumb Code     0  startup_stm32f103xe.o(.text)
    UART4_IRQHandler                         0x0800015f   Thumb Code     0  startup_stm32f103xe.o(.text)
    UART5_IRQHandler                         0x0800015f   Thumb Code     0  startup_stm32f103xe.o(.text)
    USART1_IRQHandler                        0x0800015f   Thumb Code     0  startup_stm32f103xe.o(.text)
    USART2_IRQHandler                        0x0800015f   Thumb Code     0  startup_stm32f103xe.o(.text)
    USART3_IRQHandler                        0x0800015f   Thumb Code     0  startup_stm32f103xe.o(.text)
    USBWakeUp_IRQHandler                     0x0800015f   Thumb Code     0  startup_stm32f103xe.o(.text)
    USB_HP_CAN1_TX_IRQHandler                0x0800015f   Thumb Code     0  startup_stm32f103xe.o(.text)
    USB_LP_CAN1_RX0_IRQHandler               0x0800015f   Thumb Code     0  startup_stm32f103xe.o(.text)
    WWDG_IRQHandler                          0x0800015f   Thumb Code     0  startup_stm32f103xe.o(.text)
    __aeabi_llsr                             0x08000169   Thumb Code    32  llushr.o(.text)
    _ll_ushift_r                             0x08000169   Thumb Code     0  llushr.o(.text)
    __aeabi_fadd                             0x08000189   Thumb Code   164  fadd.o(.text)
    __aeabi_fsub                             0x0800022d   Thumb Code     6  fadd.o(.text)
    __aeabi_frsub                            0x08000233   Thumb Code     6  fadd.o(.text)
    __aeabi_fmul                             0x08000239   Thumb Code   100  fmul.o(.text)
    __aeabi_dmul                             0x0800029d   Thumb Code   228  dmul.o(.text)
    __aeabi_ddiv                             0x08000381   Thumb Code   222  ddiv.o(.text)
    __aeabi_i2f                              0x0800045f   Thumb Code    18  fflti.o(.text)
    __aeabi_i2d                              0x08000471   Thumb Code    34  dflti.o(.text)
    __aeabi_f2iz                             0x08000493   Thumb Code    50  ffixi.o(.text)
    __aeabi_d2iz                             0x080004c5   Thumb Code    62  dfixi.o(.text)
    __I$use$fp                               0x08000503   Thumb Code     0  iusefp.o(.text)
    _float_round                             0x08000503   Thumb Code    18  fepilogue.o(.text)
    _float_epilogue                          0x08000515   Thumb Code    92  fepilogue.o(.text)
    _double_round                            0x08000571   Thumb Code    30  depilogue.o(.text)
    _double_epilogue                         0x0800058f   Thumb Code   156  depilogue.o(.text)
    __scatterload                            0x0800062d   Thumb Code    28  init.o(.text)
    __scatterload_rt2                        0x0800062d   Thumb Code     0  init.o(.text)
    __aeabi_llsl                             0x08000651   Thumb Code    30  llshl.o(.text)
    _ll_shift_l                              0x08000651   Thumb Code     0  llshl.o(.text)
    __decompress                             0x0800066f   Thumb Code     0  __dczerorl2.o(.text)
    __decompress1                            0x0800066f   Thumb Code    86  __dczerorl2.o(.text)
    BusFault_Handler                         0x080006c5   Thumb Code     4  stm32f1xx_it.o(i.BusFault_Handler)
    DMA1_Channel5_IRQHandler                 0x080006c9   Thumb Code    14  stm32f1xx_it.o(i.DMA1_Channel5_IRQHandler)
    DMA1_Channel6_IRQHandler                 0x080006dd   Thumb Code    10  stm32f1xx_it.o(i.DMA1_Channel6_IRQHandler)
    DebugMon_Handler                         0x0800070d   Thumb Code     2  stm32f1xx_it.o(i.DebugMon_Handler)
    DecTick                                  0x08000711   Thumb Code    18  delay.o(i.DecTick)
    DelayMS                                  0x08000729   Thumb Code    22  delay.o(i.DelayMS)
    Error_Handler                            0x0800073f   Thumb Code     4  main.o(i.Error_Handler)
    GetTick                                  0x08000745   Thumb Code     6  delay.o(i.GetTick)
    HAL_DMA_Abort                            0x08000751   Thumb Code    98  stm32f1xx_hal_dma.o(i.HAL_DMA_Abort)
    HAL_DMA_IRQHandler                       0x080007b5   Thumb Code  2304  stm32f1xx_hal_dma.o(i.HAL_DMA_IRQHandler)
    HAL_DMA_Init                             0x080010bd   Thumb Code    84  stm32f1xx_hal_dma.o(i.HAL_DMA_Init)
    HAL_DMA_Start_IT                         0x08001111   Thumb Code   118  stm32f1xx_hal_dma.o(i.HAL_DMA_Start_IT)
    HAL_Delay                                0x08001187   Thumb Code    26  stm32f1xx_hal.o(i.HAL_Delay)
    HAL_GPIO_Init                            0x080011a1   Thumb Code   790  stm32f1xx_hal_gpio.o(i.HAL_GPIO_Init)
    HAL_GPIO_WritePin                        0x080014e1   Thumb Code    12  stm32f1xx_hal_gpio.o(i.HAL_GPIO_WritePin)
    HAL_GetTick                              0x080014ed   Thumb Code     6  stm32f1xx_hal.o(i.HAL_GetTick)
    HAL_IncTick                              0x080014f9   Thumb Code    12  stm32f1xx_hal.o(i.HAL_IncTick)
    HAL_Init                                 0x08001509   Thumb Code    34  stm32f1xx_hal.o(i.HAL_Init)
    HAL_InitTick                             0x08001531   Thumb Code    36  stm32f1xx_hal.o(i.HAL_InitTick)
    HAL_MspInit                              0x08001555   Thumb Code   130  stm32f1xx_hal_msp.o(i.HAL_MspInit)
    HAL_NVIC_EnableIRQ                       0x080015e1   Thumb Code    26  stm32f1xx_hal_cortex.o(i.HAL_NVIC_EnableIRQ)
    HAL_NVIC_SetPriority                     0x080015fb   Thumb Code   124  stm32f1xx_hal_cortex.o(i.HAL_NVIC_SetPriority)
    HAL_NVIC_SetPriorityGrouping             0x08001679   Thumb Code    32  stm32f1xx_hal_cortex.o(i.HAL_NVIC_SetPriorityGrouping)
    HAL_RCC_ClockConfig                      0x080016a1   Thumb Code   648  stm32f1xx_hal_rcc.o(i.HAL_RCC_ClockConfig)
    HAL_RCC_GetHCLKFreq                      0x08001939   Thumb Code     6  stm32f1xx_hal_rcc.o(i.HAL_RCC_GetHCLKFreq)
    HAL_RCC_GetPCLK1Freq                     0x08001945   Thumb Code    36  stm32f1xx_hal_rcc.o(i.HAL_RCC_GetPCLK1Freq)
    HAL_RCC_GetPCLK2Freq                     0x08001971   Thumb Code    36  stm32f1xx_hal_rcc.o(i.HAL_RCC_GetPCLK2Freq)
    HAL_RCC_GetSysClockFreq                  0x0800199d   Thumb Code   146  stm32f1xx_hal_rcc.o(i.HAL_RCC_GetSysClockFreq)
    HAL_RCC_OscConfig                        0x08001a51   Thumb Code  2164  stm32f1xx_hal_rcc.o(i.HAL_RCC_OscConfig)
    HAL_SYSTICK_CLKSourceConfig              0x080022c9   Thumb Code    40  stm32f1xx_hal_cortex.o(i.HAL_SYSTICK_CLKSourceConfig)
    HAL_SYSTICK_Callback                     0x080022f1   Thumb Code     2  stm32f1xx_hal_cortex.o(i.HAL_SYSTICK_Callback)
    HAL_SYSTICK_Config                       0x080022f3   Thumb Code    52  stm32f1xx_hal_cortex.o(i.HAL_SYSTICK_Config)
    HAL_SYSTICK_IRQHandler                   0x08002327   Thumb Code     8  stm32f1xx_hal_cortex.o(i.HAL_SYSTICK_IRQHandler)
    HAL_TIMEx_MasterConfigSynchronization    0x0800232f   Thumb Code    98  stm32f1xx_hal_tim_ex.o(i.HAL_TIMEx_MasterConfigSynchronization)
    HAL_TIM_Encoder_Init                     0x08002391   Thumb Code   180  stm32f1xx_hal_tim.o(i.HAL_TIM_Encoder_Init)
    HAL_TIM_Encoder_MspInit                  0x08002445   Thumb Code   120  tim.o(i.HAL_TIM_Encoder_MspInit)
    HAL_TIM_Encoder_Start                    0x080024d1   Thumb Code    78  stm32f1xx_hal_tim.o(i.HAL_TIM_Encoder_Start)
    HAL_TIM_MspPostInit                      0x08002521   Thumb Code    34  tim.o(i.HAL_TIM_MspPostInit)
    HAL_TIM_PWM_ConfigChannel                0x08002549   Thumb Code   264  stm32f1xx_hal_tim.o(i.HAL_TIM_PWM_ConfigChannel)
    HAL_TIM_PWM_Init                         0x08002651   Thumb Code    52  stm32f1xx_hal_tim.o(i.HAL_TIM_PWM_Init)
    HAL_TIM_PWM_MspInit                      0x08002685   Thumb Code    40  tim.o(i.HAL_TIM_PWM_MspInit)
    HAL_TIM_PWM_Start                        0x080026b1   Thumb Code    68  stm32f1xx_hal_tim.o(i.HAL_TIM_PWM_Start)
    HAL_UART_DMAStop                         0x080026fd   Thumb Code    46  stm32f1xx_hal_uart.o(i.HAL_UART_DMAStop)
    HAL_UART_ErrorCallback                   0x0800272b   Thumb Code     2  stm32f1xx_hal_uart.o(i.HAL_UART_ErrorCallback)
    HAL_UART_Init                            0x0800272d   Thumb Code   110  stm32f1xx_hal_uart.o(i.HAL_UART_Init)
    HAL_UART_MspInit                         0x0800279d   Thumb Code   270  usart.o(i.HAL_UART_MspInit)
    HAL_UART_Receive_DMA                     0x080028c9   Thumb Code   146  stm32f1xx_hal_uart.o(i.HAL_UART_Receive_DMA)
    HAL_UART_RxCpltCallback                  0x08002969   Thumb Code     2  stm32f1xx_hal_uart.o(i.HAL_UART_RxCpltCallback)
    HAL_UART_RxHalfCpltCallback              0x0800296b   Thumb Code     2  stm32f1xx_hal_uart.o(i.HAL_UART_RxHalfCpltCallback)
    HardFault_Handler                        0x0800296d   Thumb Code     4  stm32f1xx_it.o(i.HardFault_Handler)
    MX_DMA_Init                              0x08002971   Thumb Code    64  dma.o(i.MX_DMA_Init)
    MX_GPIO_Init                             0x080029b5   Thumb Code   244  gpio.o(i.MX_GPIO_Init)
    MX_TIM2_Init                             0x08002abd   Thumb Code   116  tim.o(i.MX_TIM2_Init)
    MX_TIM3_Init                             0x08002b35   Thumb Code   104  tim.o(i.MX_TIM3_Init)
    MX_TIM4_Init                             0x08002ba5   Thumb Code   104  tim.o(i.MX_TIM4_Init)
    MX_USART1_UART_Init                      0x08002c15   Thumb Code    46  usart.o(i.MX_USART1_UART_Init)
    MX_USART2_UART_Init                      0x08002c4d   Thumb Code    46  usart.o(i.MX_USART2_UART_Init)
    MemManage_Handler                        0x08002c85   Thumb Code     4  stm32f1xx_it.o(i.MemManage_Handler)
    NMI_Handler                              0x08002c89   Thumb Code     2  stm32f1xx_it.o(i.NMI_Handler)
    SetTick                                  0x08002cc5   Thumb Code     6  delay.o(i.SetTick)
    SysTick_Handler                          0x08002cd1   Thumb Code    96  stm32f1xx_it.o(i.SysTick_Handler)
    SystemClock_Config                       0x08002d3d   Thumb Code   120  main.o(i.SystemClock_Config)
    SystemInit                               0x08002db5   Thumb Code    70  system_stm32f1xx.o(i.SystemInit)
    TIM_Base_SetConfig                       0x08002e0d   Thumb Code   124  stm32f1xx_hal_tim.o(i.TIM_Base_SetConfig)
    TIM_CCxChannelCmd                        0x08002e9d   Thumb Code    28  stm32f1xx_hal_tim.o(i.TIM_CCxChannelCmd)
    TIM_OC2_SetConfig                        0x08002f31   Thumb Code   120  stm32f1xx_hal_tim.o(i.TIM_OC2_SetConfig)
    UsageFault_Handler                       0x080032c1   Thumb Code     4  stm32f1xx_it.o(i.UsageFault_Handler)
    __scatterload_copy                       0x080032c5   Thumb Code    14  handlers.o(i.__scatterload_copy)
    __scatterload_null                       0x080032d3   Thumb Code     2  handlers.o(i.__scatterload_null)
    __scatterload_zeroinit                   0x080032d5   Thumb Code    14  handlers.o(i.__scatterload_zeroinit)
    car_Awake                                0x080032e5   Thumb Code    24  motor_cont.o(i.car_Awake)
    car_FastDecay                            0x08003305   Thumb Code    14  motor_cont.o(i.car_FastDecay)
    car_SetSpeedL                            0x08003319   Thumb Code    88  motor_cont.o(i.car_SetSpeedL)
    car_SetSpeedR                            0x08003381   Thumb Code    80  motor_cont.o(i.car_SetSpeedR)
    car_Turn                                 0x080033e1   Thumb Code   174  motor_cont.o(i.car_Turn)
    contSpeedPWM                             0x080034b1   Thumb Code    20  encoderpid.o(i.contSpeedPWM)
    findHeader                               0x080034cd   Thumb Code    26  parsejy.o(i.findHeader)
    getEncoderDiffL                          0x080034f5   Thumb Code    12  encoderpid.o(i.getEncoderDiffL)
    getEncoderDiffR                          0x08003505   Thumb Code    12  encoderpid.o(i.getEncoderDiffR)
    ifTurnStable                             0x08003515   Thumb Code     6  motor_cont.o(i.ifTurnStable)
    incrementalPIDL                          0x08003521   Thumb Code   176  encoderpid.o(i.incrementalPIDL)
    incrementalPIDR                          0x080035f1   Thumb Code   176  encoderpid.o(i.incrementalPIDR)
    main                                     0x080036c1   Thumb Code   130  main.o(i.main)
    movementPIDCont                          0x08003755   Thumb Code   150  encoderpid.o(i.movementPIDCont)
    parseJY_DMA_Data                         0x08003829   Thumb Code   236  parsejy.o(i.parseJY_DMA_Data)
    positionPIDL                             0x08003945   Thumb Code   136  encoderpid.o(i.positionPIDL)
    positionPIDR                             0x080039ed   Thumb Code   136  encoderpid.o(i.positionPIDR)
    readEncoRAWData                          0x08003a95   Thumb Code    38  encoderpid.o(i.readEncoRAWData)
    receiveJY_DMA_Data                       0x08003acd   Thumb Code   106  parsejy.o(i.receiveJY_DMA_Data)
    setTargetPos                             0x08003b51   Thumb Code    10  encoderpid.o(i.setTargetPos)
    AHBPrescTable                            0x08003b64   Data          16  system_stm32f1xx.o(.constdata)
    APBPrescTable                            0x08003b74   Data           8  system_stm32f1xx.o(.constdata)
    Region$$Table$$Base                      0x08003b7c   Number         0  anon$$obj.o(Region$$Table)
    Region$$Table$$Limit                     0x08003b9c   Number         0  anon$$obj.o(Region$$Table)
    stcTime                                  0x2000000a   Data           8  parsejy.o(.data)
    stcAcc                                   0x20000012   Data           8  parsejy.o(.data)
    stcGyro                                  0x2000001a   Data           8  parsejy.o(.data)
    stcAngle                                 0x20000022   Data           8  parsejy.o(.data)
    stcMag                                   0x2000002a   Data           8  parsejy.o(.data)
    stcDStatus                               0x20000032   Data           8  parsejy.o(.data)
    stcPress                                 0x2000003c   Data           8  parsejy.o(.data)
    stcLonLat                                0x20000044   Data           8  parsejy.o(.data)
    stcGPSV                                  0x2000004c   Data           8  parsejy.o(.data)
    clearEncoderFlag                         0x20000080   Data           1  encoderpid.o(.data)
    turnStableFlag                           0x20000081   Data           1  encoderpid.o(.data)
    SystemCoreClock                          0x20000170   Data           4  system_stm32f1xx.o(.data)
    huart1                                   0x20000174   Data          64  usart.o(.bss)
    huart2                                   0x200001b4   Data          64  usart.o(.bss)
    hdma_usart1_rx                           0x200001f4   Data          56  usart.o(.bss)
    hdma_usart2_rx                           0x2000022c   Data          56  usart.o(.bss)
    htim2                                    0x20000264   Data          60  tim.o(.bss)
    htim3                                    0x200002a0   Data          60  tim.o(.bss)
    htim4                                    0x200002dc   Data          60  tim.o(.bss)
    __initial_sp                             0x20000728   Data           0  startup_stm32f103xe.o(STACK)



==============================================================================

Memory Map of the image

  Image Entry point : 0x08000131

  Load Region LR_IROM1 (Base: 0x08000000, Size: 0x00003d10, Max: 0x00040000, ABSOLUTE, COMPRESSED[0x00003be4])

    Execution Region ER_IROM1 (Base: 0x08000000, Size: 0x00003b9c, Max: 0x00040000, ABSOLUTE)

    Base Addr    Size         Type   Attr      Idx    E Section Name        Object

    0x08000000   0x00000130   Data   RO         2734    RESET               startup_stm32f103xe.o
    0x08000130   0x00000000   Code   RO         2776  * .ARM.Collect$$$$00000000  mc_w.l(entry.o)
    0x08000130   0x00000004   Code   RO         2807    .ARM.Collect$$$$00000001  mc_w.l(entry2.o)
    0x08000134   0x00000004   Code   RO         2810    .ARM.Collect$$$$00000004  mc_w.l(entry5.o)
    0x08000138   0x00000000   Code   RO         2812    .ARM.Collect$$$$00000008  mc_w.l(entry7b.o)
    0x08000138   0x00000000   Code   RO         2814    .ARM.Collect$$$$0000000A  mc_w.l(entry8b.o)
    0x08000138   0x00000008   Code   RO         2815    .ARM.Collect$$$$0000000B  mc_w.l(entry9a.o)
    0x08000140   0x00000000   Code   RO         2817    .ARM.Collect$$$$0000000D  mc_w.l(entry10a.o)
    0x08000140   0x00000000   Code   RO         2819    .ARM.Collect$$$$0000000F  mc_w.l(entry11a.o)
    0x08000140   0x00000004   Code   RO         2808    .ARM.Collect$$$$00002712  mc_w.l(entry2.o)
    0x08000144   0x00000024   Code   RO         2735    .text               startup_stm32f103xe.o
    0x08000168   0x00000020   Code   RO         2779    .text               mc_w.l(llushr.o)
    0x08000188   0x000000b0   Code   RO         2781    .text               mf_w.l(fadd.o)
    0x08000238   0x00000064   Code   RO         2783    .text               mf_w.l(fmul.o)
    0x0800029c   0x000000e4   Code   RO         2785    .text               mf_w.l(dmul.o)
    0x08000380   0x000000de   Code   RO         2787    .text               mf_w.l(ddiv.o)
    0x0800045e   0x00000012   Code   RO         2789    .text               mf_w.l(fflti.o)
    0x08000470   0x00000022   Code   RO         2791    .text               mf_w.l(dflti.o)
    0x08000492   0x00000032   Code   RO         2793    .text               mf_w.l(ffixi.o)
    0x080004c4   0x0000003e   Code   RO         2795    .text               mf_w.l(dfixi.o)
    0x08000502   0x00000000   Code   RO         2821    .text               mc_w.l(iusefp.o)
    0x08000502   0x0000006e   Code   RO         2822    .text               mf_w.l(fepilogue.o)
    0x08000570   0x000000ba   Code   RO         2824    .text               mf_w.l(depilogue.o)
    0x0800062a   0x00000002   PAD
    0x0800062c   0x00000024   Code   RO         2826    .text               mc_w.l(init.o)
    0x08000650   0x0000001e   Code   RO         2828    .text               mc_w.l(llshl.o)
    0x0800066e   0x00000056   Code   RO         2838    .text               mc_w.l(__dczerorl2.o)
    0x080006c4   0x00000004   Code   RO          344    i.BusFault_Handler  stm32f1xx_it.o
    0x080006c8   0x00000014   Code   RO          345    i.DMA1_Channel5_IRQHandler  stm32f1xx_it.o
    0x080006dc   0x00000010   Code   RO          346    i.DMA1_Channel6_IRQHandler  stm32f1xx_it.o
    0x080006ec   0x00000020   Code   RO         2552    i.DMA_SetConfig     stm32f1xx_hal_dma.o
    0x0800070c   0x00000002   Code   RO          347    i.DebugMon_Handler  stm32f1xx_it.o
    0x0800070e   0x00000002   PAD
    0x08000710   0x00000018   Code   RO          425    i.DecTick           delay.o
    0x08000728   0x00000016   Code   RO          426    i.DelayMS           delay.o
    0x0800073e   0x00000004   Code   RO          217    i.Error_Handler     main.o
    0x08000742   0x00000002   PAD
    0x08000744   0x0000000c   Code   RO          427    i.GetTick           delay.o
    0x08000750   0x00000062   Code   RO         2553    i.HAL_DMA_Abort     stm32f1xx_hal_dma.o
    0x080007b2   0x00000002   PAD
    0x080007b4   0x00000908   Code   RO         2557    i.HAL_DMA_IRQHandler  stm32f1xx_hal_dma.o
    0x080010bc   0x00000054   Code   RO         2558    i.HAL_DMA_Init      stm32f1xx_hal_dma.o
    0x08001110   0x00000076   Code   RO         2561    i.HAL_DMA_Start_IT  stm32f1xx_hal_dma.o
    0x08001186   0x0000001a   Code   RO          719    i.HAL_Delay         stm32f1xx_hal.o
    0x080011a0   0x00000340   Code   RO          885    i.HAL_GPIO_Init     stm32f1xx_hal_gpio.o
    0x080014e0   0x0000000c   Code   RO          889    i.HAL_GPIO_WritePin  stm32f1xx_hal_gpio.o
    0x080014ec   0x0000000c   Code   RO          723    i.HAL_GetTick       stm32f1xx_hal.o
    0x080014f8   0x00000010   Code   RO          724    i.HAL_IncTick       stm32f1xx_hal.o
    0x08001508   0x00000028   Code   RO          725    i.HAL_Init          stm32f1xx_hal.o
    0x08001530   0x00000024   Code   RO          726    i.HAL_InitTick      stm32f1xx_hal.o
    0x08001554   0x0000008c   Code   RO            4    i.HAL_MspInit       stm32f1xx_hal_msp.o
    0x080015e0   0x0000001a   Code   RO         1344    i.HAL_NVIC_EnableIRQ  stm32f1xx_hal_cortex.o
    0x080015fa   0x0000007c   Code   RO         1350    i.HAL_NVIC_SetPriority  stm32f1xx_hal_cortex.o
    0x08001676   0x00000002   PAD
    0x08001678   0x00000028   Code   RO         1351    i.HAL_NVIC_SetPriorityGrouping  stm32f1xx_hal_cortex.o
    0x080016a0   0x00000298   Code   RO         2451    i.HAL_RCC_ClockConfig  stm32f1xx_hal_rcc.o
    0x08001938   0x0000000c   Code   RO         2456    i.HAL_RCC_GetHCLKFreq  stm32f1xx_hal_rcc.o
    0x08001944   0x0000002c   Code   RO         2458    i.HAL_RCC_GetPCLK1Freq  stm32f1xx_hal_rcc.o
    0x08001970   0x0000002c   Code   RO         2459    i.HAL_RCC_GetPCLK2Freq  stm32f1xx_hal_rcc.o
    0x0800199c   0x000000b4   Code   RO         2460    i.HAL_RCC_GetSysClockFreq  stm32f1xx_hal_rcc.o
    0x08001a50   0x00000878   Code   RO         2463    i.HAL_RCC_OscConfig  stm32f1xx_hal_rcc.o
    0x080022c8   0x00000028   Code   RO         1353    i.HAL_SYSTICK_CLKSourceConfig  stm32f1xx_hal_cortex.o
    0x080022f0   0x00000002   Code   RO         1354    i.HAL_SYSTICK_Callback  stm32f1xx_hal_cortex.o
    0x080022f2   0x00000034   Code   RO         1355    i.HAL_SYSTICK_Config  stm32f1xx_hal_cortex.o
    0x08002326   0x00000008   Code   RO         1356    i.HAL_SYSTICK_IRQHandler  stm32f1xx_hal_cortex.o
    0x0800232e   0x00000062   Code   RO          965    i.HAL_TIMEx_MasterConfigSynchronization  stm32f1xx_hal_tim_ex.o
    0x08002390   0x000000b4   Code   RO         1587    i.HAL_TIM_Encoder_Init  stm32f1xx_hal_tim.o
    0x08002444   0x0000008c   Code   RO          273    i.HAL_TIM_Encoder_MspInit  tim.o
    0x080024d0   0x0000004e   Code   RO         1590    i.HAL_TIM_Encoder_Start  stm32f1xx_hal_tim.o
    0x0800251e   0x00000002   PAD
    0x08002520   0x00000028   Code   RO          274    i.HAL_TIM_MspPostInit  tim.o
    0x08002548   0x00000108   Code   RO         1635    i.HAL_TIM_PWM_ConfigChannel  stm32f1xx_hal_tim.o
    0x08002650   0x00000034   Code   RO         1638    i.HAL_TIM_PWM_Init  stm32f1xx_hal_tim.o
    0x08002684   0x0000002c   Code   RO          276    i.HAL_TIM_PWM_MspInit  tim.o
    0x080026b0   0x0000004c   Code   RO         1642    i.HAL_TIM_PWM_Start  stm32f1xx_hal_tim.o
    0x080026fc   0x0000002e   Code   RO         2218    i.HAL_UART_DMAStop  stm32f1xx_hal_uart.o
    0x0800272a   0x00000002   Code   RO         2220    i.HAL_UART_ErrorCallback  stm32f1xx_hal_uart.o
    0x0800272c   0x0000006e   Code   RO         2224    i.HAL_UART_Init     stm32f1xx_hal_uart.o
    0x0800279a   0x00000002   PAD
    0x0800279c   0x0000012c   Code   RO          116    i.HAL_UART_MspInit  usart.o
    0x080028c8   0x000000a0   Code   RO         2228    i.HAL_UART_Receive_DMA  stm32f1xx_hal_uart.o
    0x08002968   0x00000002   Code   RO         2230    i.HAL_UART_RxCpltCallback  stm32f1xx_hal_uart.o
    0x0800296a   0x00000002   Code   RO         2231    i.HAL_UART_RxHalfCpltCallback  stm32f1xx_hal_uart.o
    0x0800296c   0x00000004   Code   RO          348    i.HardFault_Handler  stm32f1xx_it.o
    0x08002970   0x00000044   Code   RO          193    i.MX_DMA_Init       dma.o
    0x080029b4   0x00000108   Code   RO          169    i.MX_GPIO_Init      gpio.o
    0x08002abc   0x00000078   Code   RO          277    i.MX_TIM2_Init      tim.o
    0x08002b34   0x00000070   Code   RO          278    i.MX_TIM3_Init      tim.o
    0x08002ba4   0x00000070   Code   RO          279    i.MX_TIM4_Init      tim.o
    0x08002c14   0x00000038   Code   RO          117    i.MX_USART1_UART_Init  usart.o
    0x08002c4c   0x00000038   Code   RO          118    i.MX_USART2_UART_Init  usart.o
    0x08002c84   0x00000004   Code   RO          349    i.MemManage_Handler  stm32f1xx_it.o
    0x08002c88   0x00000002   Code   RO          350    i.NMI_Handler       stm32f1xx_it.o
    0x08002c8a   0x00000002   PAD
    0x08002c8c   0x00000010   Code   RO         1357    i.NVIC_GetPriorityGrouping  stm32f1xx_hal_cortex.o
    0x08002c9c   0x00000028   Code   RO         1358    i.NVIC_SetPriority  stm32f1xx_hal_cortex.o
    0x08002cc4   0x0000000c   Code   RO          428    i.SetTick           delay.o
    0x08002cd0   0x0000006c   Code   RO          351    i.SysTick_Handler   stm32f1xx_it.o
    0x08002d3c   0x00000078   Code   RO          218    i.SystemClock_Config  main.o
    0x08002db4   0x00000058   Code   RO         2743    i.SystemInit        system_stm32f1xx.o
    0x08002e0c   0x00000090   Code   RO         1653    i.TIM_Base_SetConfig  stm32f1xx_hal_tim.o
    0x08002e9c   0x0000001c   Code   RO         1654    i.TIM_CCxChannelCmd  stm32f1xx_hal_tim.o
    0x08002eb8   0x00000078   Code   RO         1662    i.TIM_OC1_SetConfig  stm32f1xx_hal_tim.o
    0x08002f30   0x00000080   Code   RO         1663    i.TIM_OC2_SetConfig  stm32f1xx_hal_tim.o
    0x08002fb0   0x00000080   Code   RO         1664    i.TIM_OC3_SetConfig  stm32f1xx_hal_tim.o
    0x08003030   0x00000058   Code   RO         1665    i.TIM_OC4_SetConfig  stm32f1xx_hal_tim.o
    0x08003088   0x00000022   Code   RO         2237    i.UART_DMAError     stm32f1xx_hal_uart.o
    0x080030aa   0x0000003e   Code   RO         2238    i.UART_DMAReceiveCplt  stm32f1xx_hal_uart.o
    0x080030e8   0x0000000e   Code   RO         2239    i.UART_DMARxHalfCplt  stm32f1xx_hal_uart.o
    0x080030f6   0x00000002   PAD
    0x080030f8   0x000001c8   Code   RO         2244    i.UART_SetConfig    stm32f1xx_hal_uart.o
    0x080032c0   0x00000004   Code   RO          352    i.UsageFault_Handler  stm32f1xx_it.o
    0x080032c4   0x0000000e   Code   RO         2832    i.__scatterload_copy  mc_w.l(handlers.o)
    0x080032d2   0x00000002   Code   RO         2833    i.__scatterload_null  mc_w.l(handlers.o)
    0x080032d4   0x0000000e   Code   RO         2834    i.__scatterload_zeroinit  mc_w.l(handlers.o)
    0x080032e2   0x00000002   PAD
    0x080032e4   0x00000020   Code   RO          614    i.car_Awake         motor_cont.o
    0x08003304   0x00000014   Code   RO          616    i.car_FastDecay     motor_cont.o
    0x08003318   0x00000068   Code   RO          621    i.car_SetSpeedL     motor_cont.o
    0x08003380   0x00000060   Code   RO          622    i.car_SetSpeedR     motor_cont.o
    0x080033e0   0x000000d0   Code   RO          625    i.car_Turn          motor_cont.o
    0x080034b0   0x0000001c   Code   RO          518    i.contSpeedPWM      encoderpid.o
    0x080034cc   0x00000028   Code   RO          469    i.findHeader        parsejy.o
    0x080034f4   0x00000010   Code   RO          519    i.getEncoderDiffL   encoderpid.o
    0x08003504   0x00000010   Code   RO          520    i.getEncoderDiffR   encoderpid.o
    0x08003514   0x0000000c   Code   RO          626    i.ifTurnStable      motor_cont.o
    0x08003520   0x000000d0   Code   RO          521    i.incrementalPIDL   encoderpid.o
    0x080035f0   0x000000d0   Code   RO          522    i.incrementalPIDR   encoderpid.o
    0x080036c0   0x00000094   Code   RO          219    i.main              main.o
    0x08003754   0x000000d4   Code   RO          523    i.movementPIDCont   encoderpid.o
    0x08003828   0x0000011c   Code   RO          471    i.parseJY_DMA_Data  parsejy.o
    0x08003944   0x000000a8   Code   RO          524    i.positionPIDL      encoderpid.o
    0x080039ec   0x000000a8   Code   RO          525    i.positionPIDR      encoderpid.o
    0x08003a94   0x00000038   Code   RO          526    i.readEncoRAWData   encoderpid.o
    0x08003acc   0x00000084   Code   RO          472    i.receiveJY_DMA_Data  parsejy.o
    0x08003b50   0x00000014   Code   RO          527    i.setTargetPos      encoderpid.o
    0x08003b64   0x00000018   Data   RO         2744    .constdata          system_stm32f1xx.o
    0x08003b7c   0x00000020   Data   RO         2830    Region$$Table       anon$$obj.o


    Execution Region RW_IRAM1 (Base: 0x20000000, Size: 0x00000728, Max: 0x0000c000, ABSOLUTE, COMPRESSED[0x00000048])

    Base Addr    Size         Type   Attr      Idx    E Section Name        Object

    0x20000000   0x00000003   Data   RW          353    .data               stm32f1xx_it.o
    0x20000003   0x00000001   PAD
    0x20000004   0x00000004   Data   RW          429    .data               delay.o
    0x20000008   0x00000050   Data   RW          474    .data               parsejy.o
    0x20000058   0x000000f4   Data   RW          530    .data               encoderpid.o
    0x2000014c   0x00000020   Data   RW          627    .data               motor_cont.o
    0x2000016c   0x00000004   Data   RW          731    .data               stm32f1xx_hal.o
    0x20000170   0x00000004   Data   RW         2745    .data               system_stm32f1xx.o
    0x20000174   0x000000f0   Zero   RW          119    .bss                usart.o
    0x20000264   0x000000b4   Zero   RW          280    .bss                tim.o
    0x20000318   0x0000000b   Zero   RW          473    .bss                parsejy.o
    0x20000323   0x00000005   PAD
    0x20000328   0x00000400   Zero   RW         2732    STACK               startup_stm32f103xe.o


==============================================================================

Image component sizes


      Code (inc. data)   RO Data    RW Data    ZI Data      Debug   Object Name

        70         18          0          4          0       2340   delay.o
        68          4          0          0          0        786   dma.o
      1100        234          0        244          0       7266   encoderpid.o
       264         20          0          0          0       1023   gpio.o
       272         18          0          0          0       2540   main.o
       472         86          0         32          0       4047   motor_cont.o
       456         98          0         80         11       2628   parsejy.o
        36          8        304          0       1024        800   startup_stm32f103xe.o
       130         16          0          4          0       3806   stm32f1xx_hal.o
       348         22          0          0          0      28085   stm32f1xx_hal_cortex.o
      2644         26          0          0          0       5223   stm32f1xx_hal_dma.o
       844         42          0          0          0       2928   stm32f1xx_hal_gpio.o
       140         10          0          0          0     496010   stm32f1xx_hal_msp.o
      3112        100          0          0          0       5936   stm32f1xx_hal_rcc.o
      1286         64          0          0          0       8695   stm32f1xx_hal_tim.o
        98          0          0          0          0       1200   stm32f1xx_hal_tim_ex.o
       888         20          0          0          0       6759   stm32f1xx_hal_uart.o
       164         24          0          3          0       4333   stm32f1xx_it.o
        88         18         24          4          0       1475   system_stm32f1xx.o
       568         50          0          0        180       4235   tim.o
       412         50          0          0        240       2493   usart.o

    ----------------------------------------------------------------------
     13476        928        360        372       1460     592608   Object Totals
         0          0         32          0          0          0   (incl. Generated)
        16          0          0          1          5          0   (incl. Padding)

    ----------------------------------------------------------------------

      Code (inc. data)   RO Data    RW Data    ZI Data      Debug   Library Member Name

        86          0          0          0          0          0   __dczerorl2.o
         0          0          0          0          0          0   entry.o
         0          0          0          0          0          0   entry10a.o
         0          0          0          0          0          0   entry11a.o
         8          4          0          0          0          0   entry2.o
         4          0          0          0          0          0   entry5.o
         0          0          0          0          0          0   entry7b.o
         0          0          0          0          0          0   entry8b.o
         8          4          0          0          0          0   entry9a.o
        30          0          0          0          0          0   handlers.o
        36          8          0          0          0         68   init.o
         0          0          0          0          0          0   iusefp.o
        30          0          0          0          0         68   llshl.o
        32          0          0          0          0         68   llushr.o
       222          0          0          0          0        100   ddiv.o
       186          0          0          0          0        176   depilogue.o
        62          0          0          0          0         80   dfixi.o
        34          0          0          0          0         76   dflti.o
       228          0          0          0          0         96   dmul.o
       176          0          0          0          0        140   fadd.o
       110          0          0          0          0        168   fepilogue.o
        50          0          0          0          0         68   ffixi.o
        18          0          0          0          0         68   fflti.o
       100          0          0          0          0         76   fmul.o

    ----------------------------------------------------------------------
      1424         16          0          0          0       1252   Library Totals
         4          0          0          0          0          0   (incl. Padding)

    ----------------------------------------------------------------------

      Code (inc. data)   RO Data    RW Data    ZI Data      Debug   Library Name

       234         16          0          0          0        204   mc_w.l
      1186          0          0          0          0       1048   mf_w.l

    ----------------------------------------------------------------------
      1424         16          0          0          0       1252   Library Totals

    ----------------------------------------------------------------------

==============================================================================


      Code (inc. data)   RO Data    RW Data    ZI Data      Debug   

     14900        944        360        372       1460     588736   Grand Totals
     14900        944        360         72       1460     588736   ELF Image Totals (compressed)
     14900        944        360         72          0          0   ROM Totals

==============================================================================

    Total RO  Size (Code + RO Data)                15260 (  14.90kB)
    Total RW  Size (RW Data + ZI Data)              1832 (   1.79kB)
    Total ROM Size (Code + RO Data + RW Data)      15332 (  14.97kB)

==============================================================================

