Component: ARM Compiler 5.05 update 1 (build 106) Tool: armlink [4d0efa]

==============================================================================

Section Cross References

    stm32f1xx_hal_flash_ex.o(i.FLASH_MassErase) refers to stm32f1xx_hal_flash.o(.bss) for pFlash
    stm32f1xx_hal_flash_ex.o(i.FLASH_OB_DisableWRP) refers to stm32f1xx_hal_flash.o(i.FLASH_WaitForLastOperation) for FLASH_WaitForLastOperation
    stm32f1xx_hal_flash_ex.o(i.FLASH_OB_DisableWRP) refers to stm32f1xx_hal_flash_ex.o(i.HAL_FLASHEx_OBErase) for HAL_FLASHEx_OBErase
    stm32f1xx_hal_flash_ex.o(i.FLASH_OB_DisableWRP) refers to stm32f1xx_hal_flash.o(.bss) for pFlash
    stm32f1xx_hal_flash_ex.o(i.FLASH_OB_EnableWRP) refers to stm32f1xx_hal_flash.o(i.FLASH_WaitForLastOperation) for FLASH_WaitForLastOperation
    stm32f1xx_hal_flash_ex.o(i.FLASH_OB_EnableWRP) refers to stm32f1xx_hal_flash_ex.o(i.HAL_FLASHEx_OBErase) for HAL_FLASHEx_OBErase
    stm32f1xx_hal_flash_ex.o(i.FLASH_OB_EnableWRP) refers to stm32f1xx_hal_flash.o(.bss) for pFlash
    stm32f1xx_hal_flash_ex.o(i.FLASH_OB_RDP_LevelConfig) refers to stm32f1xx_hal_flash.o(i.FLASH_WaitForLastOperation) for FLASH_WaitForLastOperation
    stm32f1xx_hal_flash_ex.o(i.FLASH_OB_RDP_LevelConfig) refers to stm32f1xx_hal_flash.o(.bss) for pFlash
    stm32f1xx_hal_flash_ex.o(i.FLASH_PageErase) refers to stm32f1xx_hal_flash.o(.bss) for pFlash
    stm32f1xx_hal_flash_ex.o(i.HAL_FLASHEx_Erase) refers to stm32f1xx_hal_flash.o(i.FLASH_WaitForLastOperation) for FLASH_WaitForLastOperation
    stm32f1xx_hal_flash_ex.o(i.HAL_FLASHEx_Erase) refers to stm32f1xx_hal_flash_ex.o(i.FLASH_MassErase) for FLASH_MassErase
    stm32f1xx_hal_flash_ex.o(i.HAL_FLASHEx_Erase) refers to stm32f1xx_hal_flash_ex.o(i.FLASH_PageErase) for FLASH_PageErase
    stm32f1xx_hal_flash_ex.o(i.HAL_FLASHEx_Erase) refers to stm32f1xx_hal_flash.o(.bss) for pFlash
    stm32f1xx_hal_flash_ex.o(i.HAL_FLASHEx_Erase_IT) refers to stm32f1xx_hal_flash_ex.o(i.FLASH_PageErase) for FLASH_PageErase
    stm32f1xx_hal_flash_ex.o(i.HAL_FLASHEx_Erase_IT) refers to stm32f1xx_hal_flash_ex.o(i.FLASH_MassErase) for FLASH_MassErase
    stm32f1xx_hal_flash_ex.o(i.HAL_FLASHEx_Erase_IT) refers to stm32f1xx_hal_flash.o(.bss) for pFlash
    stm32f1xx_hal_flash_ex.o(i.HAL_FLASHEx_OBErase) refers to stm32f1xx_hal_flash_ex.o(i.FLASH_OB_GetRDP) for FLASH_OB_GetRDP
    stm32f1xx_hal_flash_ex.o(i.HAL_FLASHEx_OBErase) refers to stm32f1xx_hal_flash.o(i.FLASH_WaitForLastOperation) for FLASH_WaitForLastOperation
    stm32f1xx_hal_flash_ex.o(i.HAL_FLASHEx_OBErase) refers to stm32f1xx_hal_flash_ex.o(i.FLASH_OB_RDP_LevelConfig) for FLASH_OB_RDP_LevelConfig
    stm32f1xx_hal_flash_ex.o(i.HAL_FLASHEx_OBErase) refers to stm32f1xx_hal_flash.o(.bss) for pFlash
    stm32f1xx_hal_flash_ex.o(i.HAL_FLASHEx_OBGetConfig) refers to stm32f1xx_hal_flash_ex.o(i.FLASH_OB_GetRDP) for FLASH_OB_GetRDP
    stm32f1xx_hal_flash_ex.o(i.HAL_FLASHEx_OBProgram) refers to stm32f1xx_hal_flash_ex.o(i.FLASH_OB_DisableWRP) for FLASH_OB_DisableWRP
    stm32f1xx_hal_flash_ex.o(i.HAL_FLASHEx_OBProgram) refers to stm32f1xx_hal_flash_ex.o(i.FLASH_OB_EnableWRP) for FLASH_OB_EnableWRP
    stm32f1xx_hal_flash_ex.o(i.HAL_FLASHEx_OBProgram) refers to stm32f1xx_hal_flash_ex.o(i.FLASH_OB_RDP_LevelConfig) for FLASH_OB_RDP_LevelConfig
    stm32f1xx_hal_flash_ex.o(i.HAL_FLASHEx_OBProgram) refers to stm32f1xx_hal_flash.o(i.FLASH_WaitForLastOperation) for FLASH_WaitForLastOperation
    stm32f1xx_hal_flash_ex.o(i.HAL_FLASHEx_OBProgram) refers to stm32f1xx_hal_flash.o(.bss) for pFlash
    stm32f1xx_hal.o(i.HAL_DeInit) refers to stm32f1xx_hal.o(i.HAL_MspDeInit) for HAL_MspDeInit
    stm32f1xx_hal.o(i.HAL_Delay) refers to stm32f1xx_hal.o(i.HAL_GetTick) for HAL_GetTick
    stm32f1xx_hal.o(i.HAL_GetTick) refers to stm32f1xx_hal.o(.data) for .data
    stm32f1xx_hal.o(i.HAL_IncTick) refers to stm32f1xx_hal.o(.data) for .data
    stm32f1xx_hal.o(i.HAL_Init) refers to stm32f1xx_hal_cortex.o(i.HAL_NVIC_SetPriorityGrouping) for HAL_NVIC_SetPriorityGrouping
    stm32f1xx_hal.o(i.HAL_Init) refers to stm32f1xx_hal.o(i.HAL_InitTick) for HAL_InitTick
    stm32f1xx_hal.o(i.HAL_Init) refers to stm32f1xx_hal_msp.o(i.HAL_MspInit) for HAL_MspInit
    stm32f1xx_hal.o(i.HAL_InitTick) refers to stm32f1xx_hal_rcc.o(i.HAL_RCC_GetHCLKFreq) for HAL_RCC_GetHCLKFreq
    stm32f1xx_hal.o(i.HAL_InitTick) refers to stm32f1xx_hal_cortex.o(i.HAL_SYSTICK_Config) for HAL_SYSTICK_Config
    stm32f1xx_hal.o(i.HAL_InitTick) refers to stm32f1xx_hal_cortex.o(i.HAL_NVIC_SetPriority) for HAL_NVIC_SetPriority
    stm32f1xx_hal_tim_ex.o(i.HAL_TIMEx_ConfigCommutationEvent_DMA) refers to stm32f1xx_hal_tim_ex.o(i.TIMEx_DMACommutationCplt) for TIMEx_DMACommutationCplt
    stm32f1xx_hal_tim_ex.o(i.HAL_TIMEx_ConfigCommutationEvent_DMA) refers to stm32f1xx_hal_tim.o(i.TIM_DMAError) for TIM_DMAError
    stm32f1xx_hal_tim_ex.o(i.HAL_TIMEx_HallSensor_DeInit) refers to stm32f1xx_hal_tim_ex.o(i.HAL_TIMEx_HallSensor_MspDeInit) for HAL_TIMEx_HallSensor_MspDeInit
[...]
    Removing stm32f1xx_hal_tim.o(i.HAL_TIM_OC_Stop), (88 bytes).
    Removing stm32f1xx_hal_tim.o(i.HAL_TIM_OC_Stop_DMA), (144 bytes).
    Removing stm32f1xx_hal_tim.o(i.HAL_TIM_OC_Stop_IT), (136 bytes).
    Removing stm32f1xx_hal_tim.o(i.HAL_TIM_OnePulse_ConfigChannel), (218 bytes).
    Removing stm32f1xx_hal_tim.o(i.HAL_TIM_OnePulse_DeInit), (56 bytes).
    Removing stm32f1xx_hal_tim.o(i.HAL_TIM_OnePulse_GetState), (6 bytes).
    Removing stm32f1xx_hal_tim.o(i.HAL_TIM_OnePulse_Init), (74 bytes).
    Removing stm32f1xx_hal_tim.o(i.HAL_TIM_OnePulse_MspDeInit), (2 bytes).
    Removing stm32f1xx_hal_tim.o(i.HAL_TIM_OnePulse_MspInit), (2 bytes).
    Removing stm32f1xx_hal_tim.o(i.HAL_TIM_OnePulse_Start), (60 bytes).
    Removing stm32f1xx_hal_tim.o(i.HAL_TIM_OnePulse_Start_IT), (80 bytes).
    Removing stm32f1xx_hal_tim.o(i.HAL_TIM_OnePulse_Stop), (100 bytes).
    Removing stm32f1xx_hal_tim.o(i.HAL_TIM_OnePulse_Stop_IT), (120 bytes).
    Removing stm32f1xx_hal_tim.o(i.HAL_TIM_PWM_DeInit), (56 bytes).
    Removing stm32f1xx_hal_tim.o(i.HAL_TIM_PWM_GetState), (6 bytes).
    Removing stm32f1xx_hal_tim.o(i.HAL_TIM_PWM_MspDeInit), (2 bytes).
    Removing stm32f1xx_hal_tim.o(i.HAL_TIM_PWM_MspInit), (2 bytes).
    Removing stm32f1xx_hal_tim.o(i.HAL_TIM_PWM_PulseFinishedCallback), (2 bytes).
    Removing stm32f1xx_hal_tim.o(i.HAL_TIM_PWM_Start_DMA), (240 bytes).
    Removing stm32f1xx_hal_tim.o(i.HAL_TIM_PWM_Start_IT), (108 bytes).
    Removing stm32f1xx_hal_tim.o(i.HAL_TIM_PWM_Stop), (92 bytes).
    Removing stm32f1xx_hal_tim.o(i.HAL_TIM_PWM_Stop_DMA), (144 bytes).
    Removing stm32f1xx_hal_tim.o(i.HAL_TIM_PWM_Stop_IT), (136 bytes).
    Removing stm32f1xx_hal_tim.o(i.HAL_TIM_PeriodElapsedCallback), (2 bytes).
    Removing stm32f1xx_hal_tim.o(i.HAL_TIM_ReadCapturedValue), (68 bytes).
    Removing stm32f1xx_hal_tim.o(i.HAL_TIM_SlaveConfigSynchronization), (66 bytes).
    Removing stm32f1xx_hal_tim.o(i.HAL_TIM_SlaveConfigSynchronization_IT), (66 bytes).
    Removing stm32f1xx_hal_tim.o(i.HAL_TIM_TriggerCallback), (2 bytes).
    Removing stm32f1xx_hal_tim.o(i.TIM_DMACaptureCplt), (62 bytes).
    Removing stm32f1xx_hal_tim.o(i.TIM_DMADelayPulseCplt), (62 bytes).
    Removing stm32f1xx_hal_tim.o(i.TIM_DMAError), (16 bytes).
    Removing stm32f1xx_hal_tim.o(i.TIM_DMAPeriodElapsedCplt), (16 bytes).
    Removing stm32f1xx_hal_tim.o(i.TIM_DMATriggerCplt), (16 bytes).
    Removing stm32f1xx_hal_tim.o(i.TIM_ETR_SetConfig), (20 bytes).
    Removing stm32f1xx_hal_tim.o(i.TIM_ITRx_SetConfig), (16 bytes).
    Removing stm32f1xx_hal_tim.o(i.TIM_SlaveTimer_SetConfig), (124 bytes).
    Removing stm32f1xx_hal_tim.o(i.TIM_TI1_ConfigInputStage), (34 bytes).
    Removing stm32f1xx_hal_tim.o(i.TIM_TI1_SetConfig), (108 bytes).
    Removing stm32f1xx_hal_tim.o(i.TIM_TI2_ConfigInputStage), (36 bytes).
    Removing stm32f1xx_hal_tim.o(i.TIM_TI2_SetConfig), (54 bytes).
    Removing stm32f1xx_hal_i2c.o(.rev16_text), (4 bytes).
    Removing stm32f1xx_hal_i2c.o(.revsh_text), (4 bytes).
    Removing stm32f1xx_hal_i2c.o(.rrx_text), (6 bytes).
    Removing stm32f1xx_hal_i2c.o(i.HAL_I2C_DeInit), (50 bytes).
    Removing stm32f1xx_hal_i2c.o(i.HAL_I2C_ER_IRQHandler), (250 bytes).
    Removing stm32f1xx_hal_i2c.o(i.HAL_I2C_EV_IRQHandler), (392 bytes).
    Removing stm32f1xx_hal_i2c.o(i.HAL_I2C_ErrorCallback), (2 bytes).
    Removing stm32f1xx_hal_i2c.o(i.HAL_I2C_GetState), (6 bytes).
    Removing stm32f1xx_hal_i2c.o(i.HAL_I2C_IsDeviceReady), (324 bytes).
    Removing stm32f1xx_hal_i2c.o(i.HAL_I2C_MasterRxCpltCallback), (2 bytes).
    Removing stm32f1xx_hal_i2c.o(i.HAL_I2C_MasterTxCpltCallback), (2 bytes).
    Removing stm32f1xx_hal_i2c.o(i.HAL_I2C_Master_Receive), (464 bytes).
    Removing stm32f1xx_hal_i2c.o(i.HAL_I2C_Master_Receive_DMA), (216 bytes).
    Removing stm32f1xx_hal_i2c.o(i.HAL_I2C_Master_Receive_IT), (232 bytes).
    Removing stm32f1xx_hal_i2c.o(i.HAL_I2C_Master_Transmit_DMA), (192 bytes).
    Removing stm32f1xx_hal_i2c.o(i.HAL_I2C_Master_Transmit_IT), (156 bytes).
    Removing stm32f1xx_hal_i2c.o(i.HAL_I2C_MemRxCpltCallback), (2 bytes).
    Removing stm32f1xx_hal_i2c.o(i.HAL_I2C_MemTxCpltCallback), (2 bytes).
    Removing stm32f1xx_hal_i2c.o(i.HAL_I2C_Mem_Read), (472 bytes).
    Removing stm32f1xx_hal_i2c.o(i.HAL_I2C_Mem_Read_DMA), (224 bytes).
    Removing stm32f1xx_hal_i2c.o(i.HAL_I2C_Mem_Read_IT), (240 bytes).
    Removing stm32f1xx_hal_i2c.o(i.HAL_I2C_Mem_Write), (248 bytes).
    Removing stm32f1xx_hal_i2c.o(i.HAL_I2C_Mem_Write_DMA), (192 bytes).
    Removing stm32f1xx_hal_i2c.o(i.HAL_I2C_Mem_Write_IT), (160 bytes).
    Removing stm32f1xx_hal_i2c.o(i.HAL_I2C_MspDeInit), (2 bytes).
    Removing stm32f1xx_hal_i2c.o(i.HAL_I2C_MspInit), (2 bytes).
    Removing stm32f1xx_hal_i2c.o(i.HAL_I2C_SlaveRxCpltCallback), (2 bytes).
    Removing stm32f1xx_hal_i2c.o(i.HAL_I2C_SlaveTxCpltCallback), (2 bytes).
    Removing stm32f1xx_hal_i2c.o(i.HAL_I2C_Slave_Receive), (276 bytes).
    Removing stm32f1xx_hal_i2c.o(i.HAL_I2C_Slave_Receive_DMA), (196 bytes).
    Removing stm32f1xx_hal_i2c.o(i.HAL_I2C_Slave_Receive_IT), (124 bytes).
    Removing stm32f1xx_hal_i2c.o(i.HAL_I2C_Slave_Transmit), (300 bytes).
    Removing stm32f1xx_hal_i2c.o(i.HAL_I2C_Slave_Transmit_DMA), (232 bytes).
    Removing stm32f1xx_hal_i2c.o(i.HAL_I2C_Slave_Transmit_IT), (124 bytes).
    Removing stm32f1xx_hal_i2c.o(i.I2C_DMAError), (42 bytes).
    Removing stm32f1xx_hal_i2c.o(i.I2C_DMAMasterReceiveCplt), (74 bytes).
    Removing stm32f1xx_hal_i2c.o(i.I2C_DMAMasterTransmitCplt), (84 bytes).
    Removing stm32f1xx_hal_i2c.o(i.I2C_DMAMemReceiveCplt), (74 bytes).
    Removing stm32f1xx_hal_i2c.o(i.I2C_DMAMemTransmitCplt), (84 bytes).
    Removing stm32f1xx_hal_i2c.o(i.I2C_DMASlaveReceiveCplt), (102 bytes).
    Removing stm32f1xx_hal_i2c.o(i.I2C_DMASlaveTransmitCplt), (92 bytes).
    Removing stm32f1xx_hal_i2c.o(i.I2C_MasterReceive_BTF), (128 bytes).
    Removing stm32f1xx_hal_i2c.o(i.I2C_MasterReceive_RXNE), (100 bytes).
    Removing stm32f1xx_hal_i2c.o(i.I2C_MasterRequestRead), (186 bytes).
    Removing stm32f1xx_hal_i2c.o(i.I2C_RequestMemoryRead), (226 bytes).
    Removing stm32f1xx_hal_i2c.o(i.I2C_RequestMemoryWrite), (152 bytes).
    Removing stm32f1xx_hal_i2c.o(i.I2C_WaitOnRXNEFlagUntilTimeout), (102 bytes).
    Removing stm32f1xx_hal_i2c.o(i.I2C_WaitOnSTOPFlagUntilTimeout), (76 bytes).
    Removing dma.o(.rev16_text), (4 bytes).
    Removing dma.o(.revsh_text), (4 bytes).
    Removing dma.o(.rrx_text), (6 bytes).
    Removing usart.o(.rev16_text), (4 bytes).
    Removing usart.o(.revsh_text), (4 bytes).
    Removing usart.o(.rrx_text), (6 bytes).
    Removing usart.o(i.HAL_UART_MspDeInit), (80 bytes).
    Removing tim.o(.rev16_text), (4 bytes).
    Removing tim.o(.revsh_text), (4 bytes).
    Removing tim.o(.rrx_text), (6 bytes).
    Removing tim.o(i.HAL_TIM_Encoder_MspDeInit), (68 bytes).
    Removing tim.o(i.HAL_TIM_PWM_MspDeInit), (24 bytes).
    Removing gpio.o(.rev16_text), (4 bytes).
    Removing gpio.o(.revsh_text), (4 bytes).
    Removing gpio.o(.rrx_text), (6 bytes).
    Removing stm32f1xx_hal_msp.o(.rev16_text), (4 bytes).
    Removing stm32f1xx_hal_msp.o(.revsh_text), (4 bytes).
    Removing stm32f1xx_hal_msp.o(.rrx_text), (6 bytes).
    Removing main.o(.rev16_text), (4 bytes).
    Removing main.o(.revsh_text), (4 bytes).
    Removing main.o(.rrx_text), (6 bytes).
    Removing stm32f1xx_it.o(.rev16_text), (4 bytes).
    Removing stm32f1xx_it.o(.revsh_text), (4 bytes).
    Removing stm32f1xx_it.o(.rrx_text), (6 bytes).
    Removing delay.o(.rev16_text), (4 bytes).
    Removing delay.o(.revsh_text), (4 bytes).
    Removing delay.o(.rrx_text), (6 bytes).
    Removing delay.o(i.DelayMS), (16 bytes).
    Removing delay.o(i.GetTick), (12 bytes).
    Removing delay.o(i.SetTick), (12 bytes).
    Removing encoderpid.o(.rev16_text), (4 bytes).
    Removing encoderpid.o(.revsh_text), (4 bytes).
    Removing encoderpid.o(.rrx_text), (6 bytes).
    Removing encoderpid.o(i.getEncoderDiffL), (16 bytes).
    Removing encoderpid.o(i.getEncoderDiffR), (16 bytes).
    Removing encoderpid.o(i.setTargetPos), (12 bytes).
    Removing encoderpid.o(i.setTargetSpeed), (12 bytes).
    Removing imupid.o(.rev16_text), (4 bytes).
    Removing imupid.o(.revsh_text), (4 bytes).
    Removing imupid.o(.rrx_text), (6 bytes).
    Removing imupid.o(i.setTargetAngle), (12 bytes).
    Removing motor_cont.o(.rev16_text), (4 bytes).
    Removing motor_cont.o(.revsh_text), (4 bytes).
    Removing motor_cont.o(.rrx_text), (6 bytes).
    Removing motor_cont.o(i.car_Awake), (36 bytes).
    Removing motor_cont.o(i.car_Brake), (36 bytes).
    Removing motor_cont.o(i.car_FastDecay), (16 bytes).
    Removing motor_cont.o(i.car_GetDirecL), (12 bytes).
    Removing motor_cont.o(i.car_GetDirecR), (12 bytes).
    Removing motor_cont.o(i.car_GoLength), (44 bytes).
    Removing motor_cont.o(i.car_GoStraight), (132 bytes).
    Removing motor_cont.o(i.car_Sleep), (40 bytes).
    Removing motor_cont.o(i.car_Stop), (44 bytes).
    Removing motor_cont.o(i.car_Turn), (80 bytes).
    Removing motor_cont.o(i.car_Turnto), (20 bytes).
    Removing motor_cont.o(i.ifTurnStable), (12 bytes).
    Removing motor_cont.o(i.ifTurnToStable), (12 bytes).
    Removing parsejy.o(.rev16_text), (4 bytes).
    Removing parsejy.o(.revsh_text), (4 bytes).
    Removing parsejy.o(.rrx_text), (6 bytes).
    Removing i2c.o(.rev16_text), (4 bytes).
    Removing i2c.o(.revsh_text), (4 bytes).
    Removing i2c.o(.rrx_text), (6 bytes).
    Removing i2c.o(i.HAL_I2C_MspDeInit), (56 bytes).
    Removing mpr121.o(.rev16_text), (4 bytes).
    Removing mpr121.o(.revsh_text), (4 bytes).
    Removing mpr121.o(.rrx_text), (6 bytes).
    Removing system_stm32f1xx.o(.rev16_text), (4 bytes).
    Removing system_stm32f1xx.o(.revsh_text), (4 bytes).
    Removing system_stm32f1xx.o(.rrx_text), (6 bytes).
    Removing system_stm32f1xx.o(i.SystemCoreClockUpdate), (104 bytes).
    Removing startup_stm32f103xe.o(HEAP), (512 bytes).
    Removing cfcmple.o(.text), (20 bytes).
    Removing cfrcmple.o(.text), (20 bytes).

409 unused section(s) (total 26642 bytes) removed from the image.

==============================================================================

Image Symbol Table

    Local Symbols

    Symbol Name                              Value     Ov Type        Size  Object(Section)

    ../Drivers/STM32F1xx_HAL_Driver/Src/stm32f1xx_hal.c 0x00000000   Number         0  stm32f1xx_hal.o ABSOLUTE
    ../Drivers/STM32F1xx_HAL_Driver/Src/stm32f1xx_hal_cortex.c 0x00000000   Number         0  stm32f1xx_hal_cortex.o ABSOLUTE
    ../Drivers/STM32F1xx_HAL_Driver/Src/stm32f1xx_hal_dma.c 0x00000000   Number         0  stm32f1xx_hal_dma.o ABSOLUTE
    ../Drivers/STM32F1xx_HAL_Driver/Src/stm32f1xx_hal_flash.c 0x00000000   Number         0  stm32f1xx_hal_flash.o ABSOLUTE
    ../Drivers/STM32F1xx_HAL_Driver/Src/stm32f1xx_hal_flash_ex.c 0x00000000   Number         0  stm32f1xx_hal_flash_ex.o ABSOLUTE
    ../Drivers/STM32F1xx_HAL_Driver/Src/stm32f1xx_hal_gpio.c 0x00000000   Number         0  stm32f1xx_hal_gpio.o ABSOLUTE
    ../Drivers/STM32F1xx_HAL_Driver/Src/stm32f1xx_hal_gpio_ex.c 0x00000000   Number         0  stm32f1xx_hal_gpio_ex.o ABSOLUTE
    ../Drivers/STM32F1xx_HAL_Driver/Src/stm32f1xx_hal_i2c.c 0x00000000   Number         0  stm32f1xx_hal_i2c.o ABSOLUTE
    ../Drivers/STM32F1xx_HAL_Driver/Src/stm32f1xx_hal_pwr.c 0x00000000   Number         0  stm32f1xx_hal_pwr.o ABSOLUTE
    ../Drivers/STM32F1xx_HAL_Driver/Src/stm32f1xx_hal_rcc.c 0x00000000   Number         0  stm32f1xx_hal_rcc.o ABSOLUTE
    ../Drivers/STM32F1xx_HAL_Driver/Src/stm32f1xx_hal_rcc_ex.c 0x00000000   Number         0  stm32f1xx_hal_rcc_ex.o ABSOLUTE
    ../Drivers/STM32F1xx_HAL_Driver/Src/stm32f1xx_hal_tim.c 0x00000000   Number         0  stm32f1xx_hal_tim.o ABSOLUTE
    ../Drivers/STM32F1xx_HAL_Driver/Src/stm32f1xx_hal_tim_ex.c 0x00000000   Number         0  stm32f1xx_hal_tim_ex.o ABSOLUTE
    ../Drivers/STM32F1xx_HAL_Driver/Src/stm32f1xx_hal_uart.c 0x00000000   Number         0  stm32f1xx_hal_uart.o ABSOLUTE
    ../Src/dma.c                             0x00000000   Number         0  dma.o ABSOLUTE
    ../Src/gpio.c                            0x00000000   Number         0  gpio.o ABSOLUTE
    ../Src/i2c.c                             0x00000000   Number         0  i2c.o ABSOLUTE
    ../Src/main.c                            0x00000000   Number         0  main.o ABSOLUTE
    ../Src/stm32f1xx_hal_msp.c               0x00000000   Number         0  stm32f1xx_hal_msp.o ABSOLUTE
    ../Src/stm32f1xx_it.c                    0x00000000   Number         0  stm32f1xx_it.o ABSOLUTE
    ../Src/system_stm32f1xx.c                0x00000000   Number         0  system_stm32f1xx.o ABSOLUTE
    ../Src/tim.c                             0x00000000   Number         0  tim.o ABSOLUTE
    ../Src/usart.c                           0x00000000   Number         0  usart.o ABSOLUTE
    ../clib/../cmprslib/zerorunl2.c          0x00000000   Number         0  __dczerorl2.o ABSOLUTE
    ../clib/microlib/init/entry.s            0x00000000   Number         0  entry.o ABSOLUTE
    ../clib/microlib/init/entry.s            0x00000000   Number         0  entry7b.o ABSOLUTE
    ../clib/microlib/init/entry.s            0x00000000   Number         0  entry11b.o ABSOLUTE
    ../clib/microlib/init/entry.s            0x00000000   Number         0  entry7a.o ABSOLUTE
    ../clib/microlib/init/entry.s            0x00000000   Number         0  entry5.o ABSOLUTE
    ../clib/microlib/init/entry.s            0x00000000   Number         0  entry8b.o ABSOLUTE
    ../clib/microlib/init/entry.s            0x00000000   Number         0  entry9a.o ABSOLUTE
    ../clib/microlib/init/entry.s            0x00000000   Number         0  entry2.o ABSOLUTE
    ../clib/microlib/init/entry.s            0x00000000   Number         0  entry9b.o ABSOLUTE
    ../clib/microlib/init/entry.s            0x00000000   Number         0  entry8a.o ABSOLUTE
    ../clib/microlib/init/entry.s            0x00000000   Number         0  entry10a.o ABSOLUTE
    ../clib/microlib/init/entry.s            0x00000000   Number         0  entry11a.o ABSOLUTE
    ../clib/microlib/init/entry.s            0x00000000   Number         0  entry10b.o ABSOLUTE
    ../clib/microlib/longlong.c              0x00000000   Number         0  llshl.o ABSOLUTE
    ../clib/microlib/longlong.c              0x00000000   Number         0  llushr.o ABSOLUTE
    ../clib/microlib/stubs.s                 0x00000000   Number         0  iusefp.o ABSOLUTE
    ../fplib/microlib/d2f.c                  0x00000000   Number         0  d2f.o ABSOLUTE
    ../fplib/microlib/f2d.c                  0x00000000   Number         0  f2d.o ABSOLUTE
    ../fplib/microlib/fpadd.c                0x00000000   Number         0  fadd.o ABSOLUTE
    ../fplib/microlib/fpdiv.c                0x00000000   Number         0  fdiv.o ABSOLUTE
    ../fplib/microlib/fpepilogue.c           0x00000000   Number         0  depilogue.o ABSOLUTE
    ../fplib/microlib/fpepilogue.c           0x00000000   Number         0  fepilogue.o ABSOLUTE
    ../fplib/microlib/fpfix.c                0x00000000   Number         0  ffixi.o ABSOLUTE
    ../fplib/microlib/fpfix.c                0x00000000   Number         0  dfixi.o ABSOLUTE
    ../fplib/microlib/fpflt.c                0x00000000   Number         0  fflti.o ABSOLUTE
    ../fplib/microlib/fpflt.c                0x00000000   Number         0  dflti.o ABSOLUTE
    ../fplib/microlib/fpmul.c                0x00000000   Number         0  fmul.o ABSOLUTE
    ../fplib/microlib/fpmul.c                0x00000000   Number         0  dmul.o ABSOLUTE
    ../fplib/microlib/fpscalb.c              0x00000000   Number         0  fscalb.o ABSOLUTE
    ../fplib/microlib/fpscalb.c              0x00000000   Number         0  dscalb.o ABSOLUTE
    ..\Drivers\STM32F1xx_HAL_Driver\Src\stm32f1xx_hal.c 0x00000000   Number         0  stm32f1xx_hal.o ABSOLUTE
    ..\Drivers\STM32F1xx_HAL_Driver\Src\stm32f1xx_hal_cortex.c 0x00000000   Number         0  stm32f1xx_hal_cortex.o ABSOLUTE
    ..\Drivers\STM32F1xx_HAL_Driver\Src\stm32f1xx_hal_dma.c 0x00000000   Number         0  stm32f1xx_hal_dma.o ABSOLUTE
    ..\Drivers\STM32F1xx_HAL_Driver\Src\stm32f1xx_hal_flash.c 0x00000000   Number         0  stm32f1xx_hal_flash.o ABSOLUTE
    ..\Drivers\STM32F1xx_HAL_Driver\Src\stm32f1xx_hal_flash_ex.c 0x00000000   Number         0  stm32f1xx_hal_flash_ex.o ABSOLUTE
    ..\Drivers\STM32F1xx_HAL_Driver\Src\stm32f1xx_hal_gpio.c 0x00000000   Number         0  stm32f1xx_hal_gpio.o ABSOLUTE
    ..\Drivers\STM32F1xx_HAL_Driver\Src\stm32f1xx_hal_gpio_ex.c 0x00000000   Number         0  stm32f1xx_hal_gpio_ex.o ABSOLUTE
    ..\Drivers\STM32F1xx_HAL_Driver\Src\stm32f1xx_hal_i2c.c 0x00000000   Number         0  stm32f1xx_hal_i2c.o ABSOLUTE
    ..\Drivers\STM32F1xx_HAL_Driver\Src\stm32f1xx_hal_pwr.c 0x00000000   Number         0  stm32f1xx_hal_pwr.o ABSOLUTE
    ..\Drivers\STM32F1xx_HAL_Driver\Src\stm32f1xx_hal_rcc.c 0x00000000   Number         0  stm32f1xx_hal_rcc.o ABSOLUTE
    ..\Drivers\STM32F1xx_HAL_Driver\Src\stm32f1xx_hal_rcc_ex.c 0x00000000   Number         0  stm32f1xx_hal_rcc_ex.o ABSOLUTE
    ..\Drivers\STM32F1xx_HAL_Driver\Src\stm32f1xx_hal_tim.c 0x00000000   Number         0  stm32f1xx_hal_tim.o ABSOLUTE
    ..\Drivers\STM32F1xx_HAL_Driver\Src\stm32f1xx_hal_tim_ex.c 0x00000000   Number         0  stm32f1xx_hal_tim_ex.o ABSOLUTE
    ..\Drivers\STM32F1xx_HAL_Driver\Src\stm32f1xx_hal_uart.c 0x00000000   Number         0  stm32f1xx_hal_uart.o ABSOLUTE
    ..\Src\delay.c                           0x00000000   Number         0  delay.o ABSOLUTE
    ..\Src\dma.c                             0x00000000   Number         0  dma.o ABSOLUTE
    ..\Src\encoderPID.c                      0x00000000   Number         0  encoderpid.o ABSOLUTE
    ..\Src\gpio.c                            0x00000000   Number         0  gpio.o ABSOLUTE
    ..\Src\i2c.c                             0x00000000   Number         0  i2c.o ABSOLUTE
    ..\Src\imuPID.c                          0x00000000   Number         0  imupid.o ABSOLUTE
    ..\Src\main.c                            0x00000000   Number         0  main.o ABSOLUTE
    ..\Src\motor_cont.c                      0x00000000   Number         0  motor_cont.o ABSOLUTE
    ..\Src\mpr121.c                          0x00000000   Number         0  mpr121.o ABSOLUTE
    ..\Src\parseJY.c                         0x00000000   Number         0  parsejy.o ABSOLUTE
    ..\Src\stm32f1xx_hal_msp.c               0x00000000   Number         0  stm32f1xx_hal_msp.o ABSOLUTE
    ..\Src\stm32f1xx_it.c                    0x00000000   Number         0  stm32f1xx_it.o ABSOLUTE
    ..\Src\system_stm32f1xx.c                0x00000000   Number         0  system_stm32f1xx.o ABSOLUTE
    ..\Src\tim.c                             0x00000000   Number         0  tim.o ABSOLUTE
    ..\Src\usart.c                           0x00000000   Number         0  usart.o ABSOLUTE
    ..\\Src\\delay.c                         0x00000000   Number         0  delay.o ABSOLUTE
    ..\\Src\\encoderPID.c                    0x00000000   Number         0  encoderpid.o ABSOLUTE
    ..\\Src\\imuPID.c                        0x00000000   Number         0  imupid.o ABSOLUTE
    ..\\Src\\motor_cont.c                    0x00000000   Number         0  motor_cont.o ABSOLUTE
    ..\\Src\\mpr121.c                        0x00000000   Number         0  mpr121.o ABSOLUTE
    ..\\Src\\parseJY.c                       0x00000000   Number         0  parsejy.o ABSOLUTE
    cfcmple.s                                0x00000000   Number         0  cfcmple.o ABSOLUTE
    cfrcmple.s                               0x00000000   Number         0  cfrcmple.o ABSOLUTE
    dc.s                                     0x00000000   Number         0  dc.o ABSOLUTE
    handlers.s                               0x00000000   Number         0  handlers.o ABSOLUTE
    init.s                                   0x00000000   Number         0  init.o ABSOLUTE
    startup_stm32f103xe.s                    0x00000000   Number         0  startup_stm32f103xe.o ABSOLUTE
    RESET                                    0x08000000   Section      304  startup_stm32f103xe.o(RESET)
    .ARM.Collect$$$$00000000                 0x08000130   Section        0  entry.o(.ARM.Collect$$$$00000000)
    .ARM.Collect$$$$00000001                 0x08000130   Section        4  entry2.o(.ARM.Collect$$$$00000001)
    .ARM.Collect$$$$00000004                 0x08000134   Section        4  entry5.o(.ARM.Collect$$$$00000004)
    .ARM.Collect$$$$00000008                 0x08000138   Section        0  entry7b.o(.ARM.Collect$$$$00000008)
    .ARM.Collect$$$$0000000A                 0x08000138   Section        0  entry8b.o(.ARM.Collect$$$$0000000A)
    .ARM.Collect$$$$0000000B                 0x08000138   Section        8  entry9a.o(.ARM.Collect$$$$0000000B)
    .ARM.Collect$$$$0000000D                 0x08000140   Section        0  entry10a.o(.ARM.Collect$$$$0000000D)
    .ARM.Collect$$$$0000000F                 0x08000140   Section        0  entry11a.o(.ARM.Collect$$$$0000000F)
    .ARM.Collect$$$$00002712                 0x08000140   Section        4  entry2.o(.ARM.Collect$$$$00002712)
    __lit__00000000                          0x08000140   Data           4  entry2.o(.ARM.Collect$$$$00002712)
    .text                                    0x08000144   Section       36  startup_stm32f103xe.o(.text)
    .text                                    0x08000168   Section        0  llushr.o(.text)
    .text                                    0x08000188   Section        0  fadd.o(.text)
    .text                                    0x08000238   Section        0  fmul.o(.text)
    .text                                    0x0800029c   Section        0  fdiv.o(.text)
    .text                                    0x08000318   Section        0  fscalb.o(.text)
    .text                                    0x08000330   Section        0  dmul.o(.text)
    .text                                    0x08000414   Section        0  dscalb.o(.text)
    .text                                    0x08000442   Section        0  fflti.o(.text)
    .text                                    0x08000454   Section        0  dflti.o(.text)
    .text                                    0x08000476   Section        0  ffixi.o(.text)
    .text                                    0x080004a8   Section        0  dfixi.o(.text)
    .text                                    0x080004e6   Section        0  f2d.o(.text)
    .text                                    0x0800050c   Section        0  d2f.o(.text)
    .text                                    0x08000544   Section        0  iusefp.o(.text)
    .text                                    0x08000544   Section        0  fepilogue.o(.text)
    .text                                    0x080005b2   Section        0  depilogue.o(.text)
    .text                                    0x0800066c   Section       36  init.o(.text)
    .text                                    0x08000690   Section        0  llshl.o(.text)
    .text                                    0x080006ae   Section        0  __dczerorl2.o(.text)
    i.BusFault_Handler                       0x08000704   Section        0  stm32f1xx_it.o(i.BusFault_Handler)
    i.DMA1_Channel5_IRQHandler               0x08000708   Section        0  stm32f1xx_it.o(i.DMA1_Channel5_IRQHandler)
    i.DMA1_Channel6_IRQHandler               0x0800071c   Section        0  stm32f1xx_it.o(i.DMA1_Channel6_IRQHandler)
    i.DMA1_Channel7_IRQHandler               0x08000728   Section        0  stm32f1xx_it.o(i.DMA1_Channel7_IRQHandler)
    i.DMA_SetConfig                          0x08000734   Section        0  stm32f1xx_hal_dma.o(i.DMA_SetConfig)
    DMA_SetConfig                            0x08000735   Thumb Code    30  stm32f1xx_hal_dma.o(i.DMA_SetConfig)
    i.DebugMon_Handler                       0x08000752   Section        0  stm32f1xx_it.o(i.DebugMon_Handler)
    i.DecTick                                0x08000754   Section        0  delay.o(i.DecTick)
    i.Error_Handler                          0x08000768   Section        0  main.o(i.Error_Handler)
    i.HAL_DMA_Abort                          0x0800076c   Section        0  stm32f1xx_hal_dma.o(i.HAL_DMA_Abort)
    i.HAL_DMA_IRQHandler                     0x080007c4   Section        0  stm32f1xx_hal_dma.o(i.HAL_DMA_IRQHandler)
    i.HAL_DMA_Init                           0x08000c7c   Section        0  stm32f1xx_hal_dma.o(i.HAL_DMA_Init)
    i.HAL_DMA_Start_IT                       0x08000ccc   Section        0  stm32f1xx_hal_dma.o(i.HAL_DMA_Start_IT)
    i.HAL_Delay                              0x08000d24   Section        0  stm32f1xx_hal.o(i.HAL_Delay)
    i.HAL_GPIO_Init                          0x08000d3c   Section        0  stm32f1xx_hal_gpio.o(i.HAL_GPIO_Init)
    i.HAL_GPIO_WritePin                      0x08000f24   Section        0  stm32f1xx_hal_gpio.o(i.HAL_GPIO_WritePin)
    i.HAL_GetTick                            0x08000f30   Section        0  stm32f1xx_hal.o(i.HAL_GetTick)
    i.HAL_I2C_GetError                       0x08000f3c   Section        0  stm32f1xx_hal_i2c.o(i.HAL_I2C_GetError)
    i.HAL_I2C_Init                           0x08000f40   Section        0  stm32f1xx_hal_i2c.o(i.HAL_I2C_Init)
    i.HAL_I2C_Master_Transmit                0x08001020   Section        0  stm32f1xx_hal_i2c.o(i.HAL_I2C_Master_Transmit)
    i.HAL_I2C_MspInit                        0x0800114c   Section        0  i2c.o(i.HAL_I2C_MspInit)
    i.HAL_IncTick                            0x080011d4   Section        0  stm32f1xx_hal.o(i.HAL_IncTick)
    i.HAL_Init                               0x080011e4   Section        0  stm32f1xx_hal.o(i.HAL_Init)
    i.HAL_InitTick                           0x08001208   Section        0  stm32f1xx_hal.o(i.HAL_InitTick)
    i.HAL_MspInit                            0x0800122c   Section        0  stm32f1xx_hal_msp.o(i.HAL_MspInit)
    i.HAL_NVIC_EnableIRQ                     0x080012ac   Section        0  stm32f1xx_hal_cortex.o(i.HAL_NVIC_EnableIRQ)
    i.HAL_NVIC_SetPriority                   0x080012c4   Section        0  stm32f1xx_hal_cortex.o(i.HAL_NVIC_SetPriority)
    i.HAL_NVIC_SetPriorityGrouping           0x08001304   Section        0  stm32f1xx_hal_cortex.o(i.HAL_NVIC_SetPriorityGrouping)
    i.HAL_RCC_ClockConfig                    0x08001328   Section        0  stm32f1xx_hal_rcc.o(i.HAL_RCC_ClockConfig)
    i.HAL_RCC_GetHCLKFreq                    0x080014b0   Section        0  stm32f1xx_hal_rcc.o(i.HAL_RCC_GetHCLKFreq)
    i.HAL_RCC_GetPCLK1Freq                   0x080014bc   Section        0  stm32f1xx_hal_rcc.o(i.HAL_RCC_GetPCLK1Freq)
    i.HAL_RCC_GetPCLK2Freq                   0x080014ec   Section        0  stm32f1xx_hal_rcc.o(i.HAL_RCC_GetPCLK2Freq)
    i.HAL_RCC_GetSysClockFreq                0x0800151c   Section        0  stm32f1xx_hal_rcc.o(i.HAL_RCC_GetSysClockFreq)
    i.HAL_RCC_OscConfig                      0x080015a4   Section        0  stm32f1xx_hal_rcc.o(i.HAL_RCC_OscConfig)
    i.HAL_SYSTICK_CLKSourceConfig            0x08001b22   Section        0  stm32f1xx_hal_cortex.o(i.HAL_SYSTICK_CLKSourceConfig)
    i.HAL_SYSTICK_Callback                   0x08001b3a   Section        0  stm32f1xx_hal_cortex.o(i.HAL_SYSTICK_Callback)
    i.HAL_SYSTICK_Config                     0x08001b3c   Section        0  stm32f1xx_hal_cortex.o(i.HAL_SYSTICK_Config)
    i.HAL_SYSTICK_IRQHandler                 0x08001b64   Section        0  stm32f1xx_hal_cortex.o(i.HAL_SYSTICK_IRQHandler)
    i.HAL_TIMEx_MasterConfigSynchronization  0x08001b6c   Section        0  stm32f1xx_hal_tim_ex.o(i.HAL_TIMEx_MasterConfigSynchronization)
    i.HAL_TIM_Encoder_Init                   0x08001bbc   Section        0  stm32f1xx_hal_tim.o(i.HAL_TIM_Encoder_Init)
    i.HAL_TIM_Encoder_MspInit                0x08001c54   Section        0  tim.o(i.HAL_TIM_Encoder_MspInit)
    i.HAL_TIM_Encoder_Start                  0x08001cc0   Section        0  stm32f1xx_hal_tim.o(i.HAL_TIM_Encoder_Start)
    i.HAL_TIM_MspPostInit                    0x08001cf4   Section        0  tim.o(i.HAL_TIM_MspPostInit)
    i.HAL_TIM_PWM_ConfigChannel              0x08001d18   Section        0  stm32f1xx_hal_tim.o(i.HAL_TIM_PWM_ConfigChannel)
    i.HAL_TIM_PWM_Init                       0x08001de8   Section        0  stm32f1xx_hal_tim.o(i.HAL_TIM_PWM_Init)
    i.HAL_TIM_PWM_MspInit                    0x08001e20   Section        0  tim.o(i.HAL_TIM_PWM_MspInit)
    i.HAL_TIM_PWM_Start                      0x08001e44   Section        0  stm32f1xx_hal_tim.o(i.HAL_TIM_PWM_Start)
    i.HAL_UART_DMAStop                       0x08001e7c   Section        0  stm32f1xx_hal_uart.o(i.HAL_UART_DMAStop)
    i.HAL_UART_ErrorCallback                 0x08001ea4   Section        0  stm32f1xx_hal_uart.o(i.HAL_UART_ErrorCallback)
    i.HAL_UART_Init                          0x08001ea6   Section        0  stm32f1xx_hal_uart.o(i.HAL_UART_Init)
    i.HAL_UART_MspInit                       0x08001f04   Section        0  usart.o(i.HAL_UART_MspInit)
    i.HAL_UART_Receive_DMA                   0x08001ff0   Section        0  stm32f1xx_hal_uart.o(i.HAL_UART_Receive_DMA)
    i.HAL_UART_RxCpltCallback                0x08002078   Section        0  stm32f1xx_hal_uart.o(i.HAL_UART_RxCpltCallback)
    i.HAL_UART_RxHalfCpltCallback            0x0800207a   Section        0  stm32f1xx_hal_uart.o(i.HAL_UART_RxHalfCpltCallback)
    i.HardFault_Handler                      0x0800207c   Section        0  stm32f1xx_it.o(i.HardFault_Handler)
    i.I2C_IsAcknowledgeFailed                0x0800207e   Section        0  stm32f1xx_hal_i2c.o(i.I2C_IsAcknowledgeFailed)
    I2C_IsAcknowledgeFailed                  0x0800207f   Thumb Code    42  stm32f1xx_hal_i2c.o(i.I2C_IsAcknowledgeFailed)
    i.I2C_MasterRequestWrite                 0x080020a8   Section        0  stm32f1xx_hal_i2c.o(i.I2C_MasterRequestWrite)
    I2C_MasterRequestWrite                   0x080020a9   Thumb Code   112  stm32f1xx_hal_i2c.o(i.I2C_MasterRequestWrite)
    i.I2C_WaitOnFlagUntilTimeout             0x0800211c   Section        0  stm32f1xx_hal_i2c.o(i.I2C_WaitOnFlagUntilTimeout)
    I2C_WaitOnFlagUntilTimeout               0x0800211d   Thumb Code   138  stm32f1xx_hal_i2c.o(i.I2C_WaitOnFlagUntilTimeout)
    i.I2C_WaitOnMasterAddressFlagUntilTimeout 0x080021a6   Section        0  stm32f1xx_hal_i2c.o(i.I2C_WaitOnMasterAddressFlagUntilTimeout)
    I2C_WaitOnMasterAddressFlagUntilTimeout  0x080021a7   Thumb Code   136  stm32f1xx_hal_i2c.o(i.I2C_WaitOnMasterAddressFlagUntilTimeout)
    i.I2C_WaitOnTXEFlagUntilTimeout          0x0800222e   Section        0  stm32f1xx_hal_i2c.o(i.I2C_WaitOnTXEFlagUntilTimeout)
    I2C_WaitOnTXEFlagUntilTimeout            0x0800222f   Thumb Code    80  stm32f1xx_hal_i2c.o(i.I2C_WaitOnTXEFlagUntilTimeout)
    i.MX_DMA_Init                            0x08002280   Section        0  dma.o(i.MX_DMA_Init)
    i.MX_GPIO_Init                           0x080022cc   Section        0  gpio.o(i.MX_GPIO_Init)
    i.MX_I2C1_Init                           0x080023b0   Section        0  i2c.o(i.MX_I2C1_Init)
    i.MX_TIM2_Init                           0x080023f0   Section        0  tim.o(i.MX_TIM2_Init)
    i.MX_TIM3_Init                           0x08002460   Section        0  tim.o(i.MX_TIM3_Init)
    i.MX_TIM4_Init                           0x080024c0   Section        0  tim.o(i.MX_TIM4_Init)
    i.MX_USART1_UART_Init                    0x08002520   Section        0  usart.o(i.MX_USART1_UART_Init)
    i.MX_USART2_UART_Init                    0x08002558   Section        0  usart.o(i.MX_USART2_UART_Init)
    i.MemManage_Handler                      0x08002590   Section        0  stm32f1xx_it.o(i.MemManage_Handler)
    i.NMI_Handler                            0x08002592   Section        0  stm32f1xx_it.o(i.NMI_Handler)
    i.NVIC_SetPriority                       0x08002594   Section        0  stm32f1xx_hal_cortex.o(i.NVIC_SetPriority)
    NVIC_SetPriority                         0x08002595   Thumb Code    32  stm32f1xx_hal_cortex.o(i.NVIC_SetPriority)
    i.SysTick_Handler                        0x080025b4   Section        0  stm32f1xx_it.o(i.SysTick_Handler)
    i.SystemClock_Config                     0x08002618   Section        0  main.o(i.SystemClock_Config)
    i.SystemInit                             0x08002680   Section        0  system_stm32f1xx.o(i.SystemInit)
    i.TIM_Base_SetConfig                     0x080026c8   Section        0  stm32f1xx_hal_tim.o(i.TIM_Base_SetConfig)
    i.TIM_CCxChannelCmd                      0x0800274c   Section        0  stm32f1xx_hal_tim.o(i.TIM_CCxChannelCmd)
    i.TIM_OC1_SetConfig                      0x08002764   Section        0  stm32f1xx_hal_tim.o(i.TIM_OC1_SetConfig)
    TIM_OC1_SetConfig                        0x08002765   Thumb Code    88  stm32f1xx_hal_tim.o(i.TIM_OC1_SetConfig)
    i.TIM_OC2_SetConfig                      0x080027c4   Section        0  stm32f1xx_hal_tim.o(i.TIM_OC2_SetConfig)
    i.TIM_OC3_SetConfig                      0x08002830   Section        0  stm32f1xx_hal_tim.o(i.TIM_OC3_SetConfig)
    TIM_OC3_SetConfig                        0x08002831   Thumb Code    96  stm32f1xx_hal_tim.o(i.TIM_OC3_SetConfig)
    i.TIM_OC4_SetConfig                      0x08002898   Section        0  stm32f1xx_hal_tim.o(i.TIM_OC4_SetConfig)
    TIM_OC4_SetConfig                        0x08002899   Thumb Code    70  stm32f1xx_hal_tim.o(i.TIM_OC4_SetConfig)
    i.UART_DMAError                          0x080028e8   Section        0  stm32f1xx_hal_uart.o(i.UART_DMAError)
    UART_DMAError                            0x080028e9   Thumb Code    30  stm32f1xx_hal_uart.o(i.UART_DMAError)
    i.UART_DMAReceiveCplt                    0x08002908   Section        0  stm32f1xx_hal_uart.o(i.UART_DMAReceiveCplt)
    UART_DMAReceiveCplt                      0x08002909   Thumb Code    54  stm32f1xx_hal_uart.o(i.UART_DMAReceiveCplt)
    i.UART_DMARxHalfCplt                     0x0800293e   Section        0  stm32f1xx_hal_uart.o(i.UART_DMARxHalfCplt)
    UART_DMARxHalfCplt                       0x0800293f   Thumb Code    10  stm32f1xx_hal_uart.o(i.UART_DMARxHalfCplt)
    i.UART_SetConfig                         0x08002948   Section        0  stm32f1xx_hal_uart.o(i.UART_SetConfig)
    UART_SetConfig                           0x08002949   Thumb Code   364  stm32f1xx_hal_uart.o(i.UART_SetConfig)
    i.UsageFault_Handler                     0x08002ab8   Section        0  stm32f1xx_it.o(i.UsageFault_Handler)
    i.__scatterload_copy                     0x08002aba   Section       14  handlers.o(i.__scatterload_copy)
    i.__scatterload_null                     0x08002ac8   Section        2  handlers.o(i.__scatterload_null)
    i.__scatterload_zeroinit                 0x08002aca   Section       14  handlers.o(i.__scatterload_zeroinit)
    i.car_SetSpeedL                          0x08002ad8   Section        0  motor_cont.o(i.car_SetSpeedL)
    i.car_SetSpeedR                          0x08002b2c   Section        0  motor_cont.o(i.car_SetSpeedR)
    i.contSpeedPWMenc                        0x08002b78   Section        0  encoderpid.o(i.contSpeedPWMenc)
    i.contSpeedPWMimu                        0x08002b90   Section        0  imupid.o(i.contSpeedPWMimu)
    i.findHeader                             0x08002ba8   Section        0  parsejy.o(i.findHeader)
    i.getIMU_AngleZ                          0x08002bcc   Section        0  parsejy.o(i.getIMU_AngleZ)
    i.incrementalPIDL                        0x08002bd8   Section        0  encoderpid.o(i.incrementalPIDL)
    i.incrementalPIDR                        0x08002c44   Section        0  encoderpid.o(i.incrementalPIDR)
    i.initJY                                 0x08002cac   Section        0  parsejy.o(i.initJY)
    i.main                                   0x08002cb0   Section        0  main.o(i.main)
    i.movementPIDCont                        0x08002d2c   Section        0  encoderpid.o(i.movementPIDCont)
    i.mpr121_Init                            0x08002da8   Section        0  mpr121.o(i.mpr121_Init)
    i.mpr121_Write                           0x08002ec0   Section        0  mpr121.o(i.mpr121_Write)
    i.parseJY_DMA_Data                       0x08002ef8   Section        0  parsejy.o(i.parseJY_DMA_Data)
    i.positionPID                            0x080030e8   Section        0  imupid.o(i.positionPID)
    i.positionPIDL                           0x080031ec   Section        0  encoderpid.o(i.positionPIDL)
    i.positionPIDR                           0x08003298   Section        0  encoderpid.o(i.positionPIDR)
    i.readEncoRAWData                        0x08003344   Section        0  encoderpid.o(i.readEncoRAWData)
    i.receiveJY_DMA_Data                     0x08003370   Section        0  parsejy.o(i.receiveJY_DMA_Data)
    i.straightPIDConstraint                  0x080033d8   Section        0  encoderpid.o(i.straightPIDConstraint)
    i.turnPIDCont                            0x0800348c   Section        0  imupid.o(i.turnPIDCont)
    .constdata                               0x0800349a   Section       16  system_stm32f1xx.o(.constdata)
    .constdata                               0x080034aa   Section        8  system_stm32f1xx.o(.constdata)
    .data                                    0x20000000   Section        4  stm32f1xx_hal.o(.data)
    uwTick                                   0x20000000   Data           4  stm32f1xx_hal.o(.data)
    .data                                    0x20000004   Section        3  stm32f1xx_it.o(.data)
    tenMSCnt                                 0x20000004   Data           1  stm32f1xx_it.o(.data)
    fiftyMSCnt                               0x20000005   Data           1  stm32f1xx_it.o(.data)
    hundredMSCnt                             0x20000006   Data           1  stm32f1xx_it.o(.data)
    .data                                    0x20000008   Section        4  delay.o(.data)
    sTick                                    0x20000008   Data           4  delay.o(.data)
    .data                                    0x2000000c   Section      244  encoderpid.o(.data)
    tempCnt                                  0x2000000e   Data           1  encoderpid.o(.data)
    tempFlag                                 0x2000000f   Data           1  encoderpid.o(.data)
    tempCnt                                  0x20000010   Data           1  encoderpid.o(.data)
    tempFlag                                 0x20000011   Data           1  encoderpid.o(.data)
    valEncoderL                              0x20000014   Data           4  encoderpid.o(.data)
    valEncoderR                              0x20000018   Data           4  encoderpid.o(.data)
    positionL                                0x2000001c   Data           4  encoderpid.o(.data)
    positionR                                0x20000020   Data           4  encoderpid.o(.data)
    targetSpeedL                             0x20000024   Data           4  encoderpid.o(.data)
    targetSpeedR                             0x20000028   Data           4  encoderpid.o(.data)
    targetPosL                               0x2000002c   Data           4  encoderpid.o(.data)
    targetPosR                               0x20000030   Data           4  encoderpid.o(.data)
    setSpeedL                                0x20000034   Data           4  encoderpid.o(.data)
    setSpeedR                                0x20000038   Data           4  encoderpid.o(.data)
    Kp                                       0x20000040   Data           4  encoderpid.o(.data)
    Ki                                       0x20000044   Data           4  encoderpid.o(.data)
    Kd                                       0x20000048   Data           4  encoderpid.o(.data)
    Ek                                       0x2000004c   Data           4  encoderpid.o(.data)
    Ek1                                      0x20000050   Data           4  encoderpid.o(.data)
    sigmaEk                                  0x20000054   Data           4  encoderpid.o(.data)
    PWML                                     0x20000058   Data           4  encoderpid.o(.data)
    tempDiff                                 0x2000005c   Data           4  encoderpid.o(.data)
    temp                                     0x20000060   Data           4  encoderpid.o(.data)
    Kp                                       0x20000064   Data           4  encoderpid.o(.data)
    Ki                                       0x20000068   Data           4  encoderpid.o(.data)
    Kd                                       0x2000006c   Data           4  encoderpid.o(.data)
    Ek                                       0x20000070   Data           4  encoderpid.o(.data)
    Ek1                                      0x20000074   Data           4  encoderpid.o(.data)
    sigmaEk                                  0x20000078   Data           4  encoderpid.o(.data)
    PWMR                                     0x2000007c   Data           4  encoderpid.o(.data)
    tempDiff                                 0x20000080   Data           4  encoderpid.o(.data)
    temp                                     0x20000084   Data           4  encoderpid.o(.data)
    Kp                                       0x20000088   Data           4  encoderpid.o(.data)
    Ki                                       0x2000008c   Data           4  encoderpid.o(.data)
    Kd                                       0x20000090   Data           4  encoderpid.o(.data)
    Ek                                       0x20000094   Data           4  encoderpid.o(.data)
    Ek1                                      0x20000098   Data           4  encoderpid.o(.data)
    Ek2                                      0x2000009c   Data           4  encoderpid.o(.data)
    PWML                                     0x200000a0   Data           4  encoderpid.o(.data)
    temp                                     0x200000a4   Data           4  encoderpid.o(.data)
    Kp                                       0x200000a8   Data           4  encoderpid.o(.data)
    Ki                                       0x200000ac   Data           4  encoderpid.o(.data)
    Kd                                       0x200000b0   Data           4  encoderpid.o(.data)
    Ek                                       0x200000b4   Data           4  encoderpid.o(.data)
    Ek1                                      0x200000b8   Data           4  encoderpid.o(.data)
    Ek2                                      0x200000bc   Data           4  encoderpid.o(.data)
    PWMR                                     0x200000c0   Data           4  encoderpid.o(.data)
    temp                                     0x200000c4   Data           4  encoderpid.o(.data)
    imuDiff                                  0x200000c8   Data           4  encoderpid.o(.data)
    Kp                                       0x200000cc   Data           4  encoderpid.o(.data)
    Ki                                       0x200000d0   Data           4  encoderpid.o(.data)
    Kd                                       0x200000d4   Data           4  encoderpid.o(.data)
    Ek                                       0x200000d8   Data           4  encoderpid.o(.data)
    Ek1                                      0x200000dc   Data           4  encoderpid.o(.data)
    Ek2                                      0x200000e0   Data           4  encoderpid.o(.data)
    deltaPWM                                 0x200000e4   Data           4  encoderpid.o(.data)
    encoderDiffL                             0x200000e8   Data           4  encoderpid.o(.data)
    encoderDiffR                             0x200000ec   Data           4  encoderpid.o(.data)
    pidSpeedIncL                             0x200000f0   Data           4  encoderpid.o(.data)
    pidSpeedIncR                             0x200000f4   Data           4  encoderpid.o(.data)
    pidSpeedPosL                             0x200000f8   Data           4  encoderpid.o(.data)
    pidSpeedPosR                             0x200000fc   Data           4  encoderpid.o(.data)
    .data                                    0x20000100   Section       56  imupid.o(.data)
    tempCnt                                  0x20000101   Data           1  imupid.o(.data)
    targetAngle                              0x20000104   Data           4  imupid.o(.data)
    setSpeedL                                0x20000108   Data           4  imupid.o(.data)
    setSpeedR                                0x2000010c   Data           4  imupid.o(.data)
    Kp                                       0x20000110   Data           4  imupid.o(.data)
    Ki                                       0x20000114   Data           4  imupid.o(.data)
    Kd                                       0x20000118   Data           4  imupid.o(.data)
    Ek                                       0x2000011c   Data           4  imupid.o(.data)
    Ek1                                      0x20000120   Data           4  imupid.o(.data)
    sigmaEk                                  0x20000124   Data           4  imupid.o(.data)
    PWM                                      0x20000128   Data           4  imupid.o(.data)
    tempDiff                                 0x2000012c   Data           4  imupid.o(.data)
    temp1                                    0x20000130   Data           4  imupid.o(.data)
    temp2                                    0x20000134   Data           4  imupid.o(.data)
    .data                                    0x20000138   Section       40  motor_cont.o(.data)
    forwardFlagL                             0x20000138   Data           1  motor_cont.o(.data)
    forwardFlagR                             0x20000139   Data           1  motor_cont.o(.data)
    encoderPulse                             0x2000013a   Data           2  motor_cont.o(.data)
    minSpeed                                 0x2000013c   Data           2  motor_cont.o(.data)
    angleNow                                 0x20000140   Data           4  motor_cont.o(.data)
    angleTurn                                0x20000144   Data           4  motor_cont.o(.data)
    angleSet                                 0x20000148   Data           4  motor_cont.o(.data)
    angleTemp                                0x2000014c   Data           4  motor_cont.o(.data)
    maxEncoSpeed                             0x20000150   Data           4  motor_cont.o(.data)
    minEncoSpeed                             0x20000154   Data           4  motor_cont.o(.data)
    setSpeed                                 0x20000158   Data           4  motor_cont.o(.data)
    tranSpeed                                0x2000015c   Data           4  motor_cont.o(.data)
    .data                                    0x20000160   Section       80  parsejy.o(.data)
    tempSum                                  0x20000160   Data           1  parsejy.o(.data)
    i                                        0x20000161   Data           1  parsejy.o(.data)
    tempCnt                                  0x20000162   Data           1  parsejy.o(.data)
    findingFlag                              0x20000163   Data           1  parsejy.o(.data)
    tempBuffer                               0x20000164   Data           1  parsejy.o(.data)
    tempHeader                               0x20000165   Data           1  parsejy.o(.data)
    stcTime                                  0x20000166   Data           8  parsejy.o(.data)
    stcAcc                                   0x2000016e   Data           8  parsejy.o(.data)
    stcGyro                                  0x20000176   Data           8  parsejy.o(.data)
    stcAngle                                 0x2000017e   Data           8  parsejy.o(.data)
    stcMag                                   0x20000186   Data           8  parsejy.o(.data)
    stcDStatus                               0x2000018e   Data           8  parsejy.o(.data)
    stcPress                                 0x20000198   Data           8  parsejy.o(.data)
    stcLonLat                                0x200001a0   Data           8  parsejy.o(.data)
    stcGPSV                                  0x200001a8   Data           8  parsejy.o(.data)
    .data                                    0x200001b0   Section        2  mpr121.o(.data)
    pData                                    0x200001b0   Data           2  mpr121.o(.data)
    .data                                    0x200001b4   Section        4  system_stm32f1xx.o(.data)
    .bss                                     0x200001b8   Section      240  usart.o(.bss)
    .bss                                     0x200002a8   Section      180  tim.o(.bss)
    .bss                                     0x2000035c   Section       60  parsejy.o(.bss)
    jy61sData                                0x2000035c   Data          11  parsejy.o(.bss)
    carAcc                                   0x20000368   Data          12  parsejy.o(.bss)
    carGyro                                  0x20000374   Data          12  parsejy.o(.bss)
    carAngle                                 0x20000380   Data          12  parsejy.o(.bss)
    carMag                                   0x2000038c   Data          12  parsejy.o(.bss)
    .bss                                     0x20000398   Section      116  i2c.o(.bss)
    STACK                                    0x20000410   Section     1024  startup_stm32f103xe.o(STACK)

    Global Symbols

    Symbol Name                              Value     Ov Type        Size  Object(Section)

    BuildAttributes$$THM_ISAv4$P$D$K$B$S$PE$A:L22UL41UL21$X:L11$S22US41US21$IEEE1$IW$USESV6$~STKCKD$USESV7$~SHL$OTIME$ROPI$EBA8$MICROLIB$REQ8$PRES8$EABIv2 0x00000000   Number         0  anon$$obj.o ABSOLUTE
    __ARM_use_no_argv                        0x00000000   Number         0  main.o ABSOLUTE
    __cpp_initialize__aeabi_                  - Undefined Weak Reference
    __cxa_finalize                            - Undefined Weak Reference
    _clock_init                               - Undefined Weak Reference
    _microlib_exit                            - Undefined Weak Reference
    __Vectors_Size                           0x00000130   Number         0  startup_stm32f103xe.o ABSOLUTE
    __Vectors                                0x08000000   Data           4  startup_stm32f103xe.o(RESET)
    __Vectors_End                            0x08000130   Data           0  startup_stm32f103xe.o(RESET)
    __main                                   0x08000131   Thumb Code     0  entry.o(.ARM.Collect$$$$00000000)
    _main_stk                                0x08000131   Thumb Code     0  entry2.o(.ARM.Collect$$$$00000001)
    _main_scatterload                        0x08000135   Thumb Code     0  entry5.o(.ARM.Collect$$$$00000004)
    __main_after_scatterload                 0x08000139   Thumb Code     0  entry5.o(.ARM.Collect$$$$00000004)
    _main_clock                              0x08000139   Thumb Code     0  entry7b.o(.ARM.Collect$$$$00000008)
    _main_cpp_init                           0x08000139   Thumb Code     0  entry8b.o(.ARM.Collect$$$$0000000A)
    _main_init                               0x08000139   Thumb Code     0  entry9a.o(.ARM.Collect$$$$0000000B)
    __rt_final_cpp                           0x08000141   Thumb Code     0  entry10a.o(.ARM.Collect$$$$0000000D)
    __rt_final_exit                          0x08000141   Thumb Code     0  entry11a.o(.ARM.Collect$$$$0000000F)
    Reset_Handler                            0x08000145   Thumb Code     8  startup_stm32f103xe.o(.text)
    SVC_Handler                              0x08000157   Thumb Code     2  startup_stm32f103xe.o(.text)
    PendSV_Handler                           0x0800015b   Thumb Code     2  startup_stm32f103xe.o(.text)
    ADC1_2_IRQHandler                        0x0800015f   Thumb Code     0  startup_stm32f103xe.o(.text)
    ADC3_IRQHandler                          0x0800015f   Thumb Code     0  startup_stm32f103xe.o(.text)
    CAN1_RX1_IRQHandler                      0x0800015f   Thumb Code     0  startup_stm32f103xe.o(.text)
    CAN1_SCE_IRQHandler                      0x0800015f   Thumb Code     0  startup_stm32f103xe.o(.text)
    DMA1_Channel1_IRQHandler                 0x0800015f   Thumb Code     0  startup_stm32f103xe.o(.text)
    DMA1_Channel2_IRQHandler                 0x0800015f   Thumb Code     0  startup_stm32f103xe.o(.text)
    DMA1_Channel3_IRQHandler                 0x0800015f   Thumb Code     0  startup_stm32f103xe.o(.text)
    DMA1_Channel4_IRQHandler                 0x0800015f   Thumb Code     0  startup_stm32f103xe.o(.text)
    DMA2_Channel1_IRQHandler                 0x0800015f   Thumb Code     0  startup_stm32f103xe.o(.text)
    DMA2_Channel2_IRQHandler                 0x0800015f   Thumb Code     0  startup_stm32f103xe.o(.text)
    DMA2_Channel3_IRQHandler                 0x0800015f   Thumb Code     0  startup_stm32f103xe.o(.text)
    DMA2_Channel4_5_IRQHandler               0x0800015f   Thumb Code     0  startup_stm32f103xe.o(.text)
    EXTI0_IRQHandler                         0x0800015f   Thumb Code     0  startup_stm32f103xe.o(.text)
    EXTI15_10_IRQHandler                     0x0800015f   Thumb Code     0  startup_stm32f103xe.o(.text)
    EXTI1_IRQHandler                         0x0800015f   Thumb Code     0  startup_stm32f103xe.o(.text)
    EXTI2_IRQHandler                         0x0800015f   Thumb Code     0  startup_stm32f103xe.o(.text)
    EXTI3_IRQHandler                         0x0800015f   Thumb Code     0  startup_stm32f103xe.o(.text)
    EXTI4_IRQHandler                         0x0800015f   Thumb Code     0  startup_stm32f103xe.o(.text)
    EXTI9_5_IRQHandler                       0x0800015f   Thumb Code     0  startup_stm32f103xe.o(.text)
    FLASH_IRQHandler                         0x0800015f   Thumb Code     0  startup_stm32f103xe.o(.text)
    FSMC_IRQHandler                          0x0800015f   Thumb Code     0  startup_stm32f103xe.o(.text)
    I2C1_ER_IRQHandler                       0x0800015f   Thumb Code     0  startup_stm32f103xe.o(.text)
    I2C1_EV_IRQHandler                       0x0800015f   Thumb Code     0  startup_stm32f103xe.o(.text)
    I2C2_ER_IRQHandler                       0x0800015f   Thumb Code     0  startup_stm32f103xe.o(.text)
    I2C2_EV_IRQHandler                       0x0800015f   Thumb Code     0  startup_stm32f103xe.o(.text)
    PVD_IRQHandler                           0x0800015f   Thumb Code     0  startup_stm32f103xe.o(.text)
    RCC_IRQHandler                           0x0800015f   Thumb Code     0  startup_stm32f103xe.o(.text)
    RTC_Alarm_IRQHandler                     0x0800015f   Thumb Code     0  startup_stm32f103xe.o(.text)
    RTC_IRQHandler                           0x0800015f   Thumb Code     0  startup_stm32f103xe.o(.text)
    SDIO_IRQHandler                          0x0800015f   Thumb Code     0  startup_stm32f103xe.o(.text)
    SPI1_IRQHandler                          0x0800015f   Thumb Code     0  startup_stm32f103xe.o(.text)
    SPI2_IRQHandler                          0x0800015f   Thumb Code     0  startup_stm32f103xe.o(.text)
    SPI3_IRQHandler                          0x0800015f   Thumb Code     0  startup_stm32f103xe.o(.text)
    TAMPER_IRQHandler                        0x0800015f   Thumb Code     0  startup_stm32f103xe.o(.text)
    TIM1_BRK_IRQHandler                      0x0800015f   Thumb Code     0  startup_stm32f103xe.o(.text)
    TIM1_CC_IRQHandler                       0x0800015f   Thumb Code     0  startup_stm32f103xe.o(.text)
    TIM1_TRG_COM_IRQHandler                  0x0800015f   Thumb Code     0  startup_stm32f103xe.o(.text)
    TIM1_UP_IRQHandler                       0x0800015f   Thumb Code     0  startup_stm32f103xe.o(.text)
    TIM2_IRQHandler                          0x0800015f   Thumb Code     0  startup_stm32f103xe.o(.text)
    TIM3_IRQHandler                          0x0800015f   Thumb Code     0  startup_stm32f103xe.o(.text)
    TIM4_IRQHandler                          0x0800015f   Thumb Code     0  startup_stm32f103xe.o(.text)
    TIM5_IRQHandler                          0x0800015f   Thumb Code     0  startup_stm32f103xe.o(.text)
    TIM6_IRQHandler                          0x0800015f   Thumb Code     0  startup_stm32f103xe.o(.text)
    TIM7_IRQHandler                          0x0800015f   Thumb Code     0  startup_stm32f103xe.o(.text)
    TIM8_BRK_IRQHandler                      0x0800015f   Thumb Code     0  startup_stm32f103xe.o(.text)
    TIM8_CC_IRQHandler                       0x0800015f   Thumb Code     0  startup_stm32f103xe.o(.text)
    TIM8_TRG_COM_IRQHandler                  0x0800015f   Thumb Code     0  startup_stm32f103xe.o(.text)
    TIM8_UP_IRQHandler                       0x0800015f   Thumb Code     0  startup_stm32f103xe.o(.text)
    UART4_IRQHandler                         0x0800015f   Thumb Code     0  startup_stm32f103xe.o(.text)
    UART5_IRQHandler                         0x0800015f   Thumb Code     0  startup_stm32f103xe.o(.text)
    USART1_IRQHandler                        0x0800015f   Thumb Code     0  startup_stm32f103xe.o(.text)
    USART2_IRQHandler                        0x0800015f   Thumb Code     0  startup_stm32f103xe.o(.text)
    USART3_IRQHandler                        0x0800015f   Thumb Code     0  startup_stm32f103xe.o(.text)
    USBWakeUp_IRQHandler                     0x0800015f   Thumb Code     0  startup_stm32f103xe.o(.text)
    USB_HP_CAN1_TX_IRQHandler                0x0800015f   Thumb Code     0  startup_stm32f103xe.o(.text)
    USB_LP_CAN1_RX0_IRQHandler               0x0800015f   Thumb Code     0  startup_stm32f103xe.o(.text)
    WWDG_IRQHandler                          0x0800015f   Thumb Code     0  startup_stm32f103xe.o(.text)
    __aeabi_llsr                             0x08000169   Thumb Code    32  llushr.o(.text)
    _ll_ushift_r                             0x08000169   Thumb Code     0  llushr.o(.text)
    __aeabi_fadd                             0x08000189   Thumb Code   164  fadd.o(.text)
    __aeabi_fsub                             0x0800022d   Thumb Code     6  fadd.o(.text)
    __aeabi_frsub                            0x08000233   Thumb Code     6  fadd.o(.text)
    __aeabi_fmul                             0x08000239   Thumb Code   100  fmul.o(.text)
    __aeabi_fdiv                             0x0800029d   Thumb Code   124  fdiv.o(.text)
    __ARM_scalbnf                            0x08000319   Thumb Code    24  fscalb.o(.text)
    scalbnf                                  0x08000319   Thumb Code     0  fscalb.o(.text)
    __aeabi_dmul                             0x08000331   Thumb Code   228  dmul.o(.text)
    __ARM_scalbn                             0x08000415   Thumb Code    46  dscalb.o(.text)
    scalbn                                   0x08000415   Thumb Code     0  dscalb.o(.text)
    __aeabi_i2f                              0x08000443   Thumb Code    18  fflti.o(.text)
    __aeabi_i2d                              0x08000455   Thumb Code    34  dflti.o(.text)
    __aeabi_f2iz                             0x08000477   Thumb Code    50  ffixi.o(.text)
    __aeabi_d2iz                             0x080004a9   Thumb Code    62  dfixi.o(.text)
    __aeabi_f2d                              0x080004e7   Thumb Code    38  f2d.o(.text)
    __aeabi_d2f                              0x0800050d   Thumb Code    56  d2f.o(.text)
    __I$use$fp                               0x08000545   Thumb Code     0  iusefp.o(.text)
    _float_round                             0x08000545   Thumb Code    18  fepilogue.o(.text)
    _float_epilogue                          0x08000557   Thumb Code    92  fepilogue.o(.text)
    _double_round                            0x080005b3   Thumb Code    30  depilogue.o(.text)
    _double_epilogue                         0x080005d1   Thumb Code   156  depilogue.o(.text)
    __scatterload                            0x0800066d   Thumb Code    28  init.o(.text)
    __scatterload_rt2                        0x0800066d   Thumb Code     0  init.o(.text)
    __aeabi_llsl                             0x08000691   Thumb Code    30  llshl.o(.text)
    _ll_shift_l                              0x08000691   Thumb Code     0  llshl.o(.text)
    __decompress                             0x080006af   Thumb Code     0  __dczerorl2.o(.text)
    __decompress1                            0x080006af   Thumb Code    86  __dczerorl2.o(.text)
    BusFault_Handler                         0x08000705   Thumb Code     2  stm32f1xx_it.o(i.BusFault_Handler)
    DMA1_Channel5_IRQHandler                 0x08000709   Thumb Code    16  stm32f1xx_it.o(i.DMA1_Channel5_IRQHandler)
    DMA1_Channel6_IRQHandler                 0x0800071d   Thumb Code     6  stm32f1xx_it.o(i.DMA1_Channel6_IRQHandler)
    DMA1_Channel7_IRQHandler                 0x08000729   Thumb Code     6  stm32f1xx_it.o(i.DMA1_Channel7_IRQHandler)
    DebugMon_Handler                         0x08000753   Thumb Code     2  stm32f1xx_it.o(i.DebugMon_Handler)
    DecTick                                  0x08000755   Thumb Code    16  delay.o(i.DecTick)
    Error_Handler                            0x08000769   Thumb Code     2  main.o(i.Error_Handler)
    HAL_DMA_Abort                            0x0800076d   Thumb Code    86  stm32f1xx_hal_dma.o(i.HAL_DMA_Abort)
    HAL_DMA_IRQHandler                       0x080007c5   Thumb Code  1198  stm32f1xx_hal_dma.o(i.HAL_DMA_IRQHandler)
    HAL_DMA_Init                             0x08000c7d   Thumb Code    80  stm32f1xx_hal_dma.o(i.HAL_DMA_Init)
    HAL_DMA_Start_IT                         0x08000ccd   Thumb Code    88  stm32f1xx_hal_dma.o(i.HAL_DMA_Start_IT)
    HAL_Delay                                0x08000d25   Thumb Code    22  stm32f1xx_hal.o(i.HAL_Delay)
    HAL_GPIO_Init                            0x08000d3d   Thumb Code   446  stm32f1xx_hal_gpio.o(i.HAL_GPIO_Init)
    HAL_GPIO_WritePin                        0x08000f25   Thumb Code    10  stm32f1xx_hal_gpio.o(i.HAL_GPIO_WritePin)
    HAL_GetTick                              0x08000f31   Thumb Code     6  stm32f1xx_hal.o(i.HAL_GetTick)
    HAL_I2C_GetError                         0x08000f3d   Thumb Code     4  stm32f1xx_hal_i2c.o(i.HAL_I2C_GetError)
    HAL_I2C_Init                             0x08000f41   Thumb Code   216  stm32f1xx_hal_i2c.o(i.HAL_I2C_Init)
    HAL_I2C_Master_Transmit                  0x08001021   Thumb Code   294  stm32f1xx_hal_i2c.o(i.HAL_I2C_Master_Transmit)
    HAL_I2C_MspInit                          0x0800114d   Thumb Code   112  i2c.o(i.HAL_I2C_MspInit)
    HAL_IncTick                              0x080011d5   Thumb Code    10  stm32f1xx_hal.o(i.HAL_IncTick)
    HAL_Init                                 0x080011e5   Thumb Code    32  stm32f1xx_hal.o(i.HAL_Init)
    HAL_InitTick                             0x08001209   Thumb Code    34  stm32f1xx_hal.o(i.HAL_InitTick)
    HAL_MspInit                              0x0800122d   Thumb Code   118  stm32f1xx_hal_msp.o(i.HAL_MspInit)
    HAL_NVIC_EnableIRQ                       0x080012ad   Thumb Code    22  stm32f1xx_hal_cortex.o(i.HAL_NVIC_EnableIRQ)
    HAL_NVIC_SetPriority                     0x080012c5   Thumb Code    60  stm32f1xx_hal_cortex.o(i.HAL_NVIC_SetPriority)
    HAL_NVIC_SetPriorityGrouping             0x08001305   Thumb Code    26  stm32f1xx_hal_cortex.o(i.HAL_NVIC_SetPriorityGrouping)
    HAL_RCC_ClockConfig                      0x08001329   Thumb Code   374  stm32f1xx_hal_rcc.o(i.HAL_RCC_ClockConfig)
    HAL_RCC_GetHCLKFreq                      0x080014b1   Thumb Code     6  stm32f1xx_hal_rcc.o(i.HAL_RCC_GetHCLKFreq)
    HAL_RCC_GetPCLK1Freq                     0x080014bd   Thumb Code    34  stm32f1xx_hal_rcc.o(i.HAL_RCC_GetPCLK1Freq)
    HAL_RCC_GetPCLK2Freq                     0x080014ed   Thumb Code    34  stm32f1xx_hal_rcc.o(i.HAL_RCC_GetPCLK2Freq)
    HAL_RCC_GetSysClockFreq                  0x0800151d   Thumb Code   102  stm32f1xx_hal_rcc.o(i.HAL_RCC_GetSysClockFreq)
    HAL_RCC_OscConfig                        0x080015a5   Thumb Code  1406  stm32f1xx_hal_rcc.o(i.HAL_RCC_OscConfig)
    HAL_SYSTICK_CLKSourceConfig              0x08001b23   Thumb Code    24  stm32f1xx_hal_cortex.o(i.HAL_SYSTICK_CLKSourceConfig)
    HAL_SYSTICK_Callback                     0x08001b3b   Thumb Code     2  stm32f1xx_hal_cortex.o(i.HAL_SYSTICK_Callback)
    HAL_SYSTICK_Config                       0x08001b3d   Thumb Code    40  stm32f1xx_hal_cortex.o(i.HAL_SYSTICK_Config)
    HAL_SYSTICK_IRQHandler                   0x08001b65   Thumb Code     8  stm32f1xx_hal_cortex.o(i.HAL_SYSTICK_IRQHandler)
    HAL_TIMEx_MasterConfigSynchronization    0x08001b6d   Thumb Code    80  stm32f1xx_hal_tim_ex.o(i.HAL_TIMEx_MasterConfigSynchronization)
    HAL_TIM_Encoder_Init                     0x08001bbd   Thumb Code   150  stm32f1xx_hal_tim.o(i.HAL_TIM_Encoder_Init)
    HAL_TIM_Encoder_MspInit                  0x08001c55   Thumb Code    86  tim.o(i.HAL_TIM_Encoder_MspInit)
    HAL_TIM_Encoder_Start                    0x08001cc1   Thumb Code    52  stm32f1xx_hal_tim.o(i.HAL_TIM_Encoder_Start)
    HAL_TIM_MspPostInit                      0x08001cf5   Thumb Code    30  tim.o(i.HAL_TIM_MspPostInit)
    HAL_TIM_PWM_ConfigChannel                0x08001d19   Thumb Code   208  stm32f1xx_hal_tim.o(i.HAL_TIM_PWM_ConfigChannel)
    HAL_TIM_PWM_Init                         0x08001de9   Thumb Code    54  stm32f1xx_hal_tim.o(i.HAL_TIM_PWM_Init)
    HAL_TIM_PWM_MspInit                      0x08001e21   Thumb Code    30  tim.o(i.HAL_TIM_PWM_MspInit)
    HAL_TIM_PWM_Start                        0x08001e45   Thumb Code    48  stm32f1xx_hal_tim.o(i.HAL_TIM_PWM_Start)
    HAL_UART_DMAStop                         0x08001e7d   Thumb Code    40  stm32f1xx_hal_uart.o(i.HAL_UART_DMAStop)
    HAL_UART_ErrorCallback                   0x08001ea5   Thumb Code     2  stm32f1xx_hal_uart.o(i.HAL_UART_ErrorCallback)
    HAL_UART_Init                            0x08001ea7   Thumb Code    94  stm32f1xx_hal_uart.o(i.HAL_UART_Init)
    HAL_UART_MspInit                         0x08001f05   Thumb Code   212  usart.o(i.HAL_UART_MspInit)
    HAL_UART_Receive_DMA                     0x08001ff1   Thumb Code   122  stm32f1xx_hal_uart.o(i.HAL_UART_Receive_DMA)
    HAL_UART_RxCpltCallback                  0x08002079   Thumb Code     2  stm32f1xx_hal_uart.o(i.HAL_UART_RxCpltCallback)
    HAL_UART_RxHalfCpltCallback              0x0800207b   Thumb Code     2  stm32f1xx_hal_uart.o(i.HAL_UART_RxHalfCpltCallback)
    HardFault_Handler                        0x0800207d   Thumb Code     2  stm32f1xx_it.o(i.HardFault_Handler)
    MX_DMA_Init                              0x08002281   Thumb Code    72  dma.o(i.MX_DMA_Init)
    MX_GPIO_Init                             0x080022cd   Thumb Code   208  gpio.o(i.MX_GPIO_Init)
    MX_I2C1_Init                             0x080023b1   Thumb Code    50  i2c.o(i.MX_I2C1_Init)
    MX_TIM2_Init                             0x080023f1   Thumb Code   108  tim.o(i.MX_TIM2_Init)
    MX_TIM3_Init                             0x08002461   Thumb Code    88  tim.o(i.MX_TIM3_Init)
    MX_TIM4_Init                             0x080024c1   Thumb Code    88  tim.o(i.MX_TIM4_Init)
    MX_USART1_UART_Init                      0x08002521   Thumb Code    48  usart.o(i.MX_USART1_UART_Init)
    MX_USART2_UART_Init                      0x08002559   Thumb Code    48  usart.o(i.MX_USART2_UART_Init)
    MemManage_Handler                        0x08002591   Thumb Code     2  stm32f1xx_it.o(i.MemManage_Handler)
    NMI_Handler                              0x08002593   Thumb Code     2  stm32f1xx_it.o(i.NMI_Handler)
    SysTick_Handler                          0x080025b5   Thumb Code    88  stm32f1xx_it.o(i.SysTick_Handler)
    SystemClock_Config                       0x08002619   Thumb Code   104  main.o(i.SystemClock_Config)
    SystemInit                               0x08002681   Thumb Code    56  system_stm32f1xx.o(i.SystemInit)
    TIM_Base_SetConfig                       0x080026c9   Thumb Code   112  stm32f1xx_hal_tim.o(i.TIM_Base_SetConfig)
    TIM_CCxChannelCmd                        0x0800274d   Thumb Code    22  stm32f1xx_hal_tim.o(i.TIM_CCxChannelCmd)
    TIM_OC2_SetConfig                        0x080027c5   Thumb Code    98  stm32f1xx_hal_tim.o(i.TIM_OC2_SetConfig)
    UsageFault_Handler                       0x08002ab9   Thumb Code     2  stm32f1xx_it.o(i.UsageFault_Handler)
    __scatterload_copy                       0x08002abb   Thumb Code    14  handlers.o(i.__scatterload_copy)
    __scatterload_null                       0x08002ac9   Thumb Code     2  handlers.o(i.__scatterload_null)
    __scatterload_zeroinit                   0x08002acb   Thumb Code    14  handlers.o(i.__scatterload_zeroinit)
    car_SetSpeedL                            0x08002ad9   Thumb Code    70  motor_cont.o(i.car_SetSpeedL)
    car_SetSpeedR                            0x08002b2d   Thumb Code    64  motor_cont.o(i.car_SetSpeedR)
    contSpeedPWMenc                          0x08002b79   Thumb Code    20  encoderpid.o(i.contSpeedPWMenc)
    contSpeedPWMimu                          0x08002b91   Thumb Code    20  imupid.o(i.contSpeedPWMimu)
    findHeader                               0x08002ba9   Thumb Code    28  parsejy.o(i.findHeader)
    getIMU_AngleZ                            0x08002bcd   Thumb Code     6  parsejy.o(i.getIMU_AngleZ)
    incrementalPIDL                          0x08002bd9   Thumb Code   104  encoderpid.o(i.incrementalPIDL)
    incrementalPIDR                          0x08002c45   Thumb Code   100  encoderpid.o(i.incrementalPIDR)
    initJY                                   0x08002cad   Thumb Code     4  parsejy.o(i.initJY)
    main                                     0x08002cb1   Thumb Code   108  main.o(i.main)
    movementPIDCont                          0x08002d2d   Thumb Code   120  encoderpid.o(i.movementPIDCont)
    mpr121_Init                              0x08002da9   Thumb Code   278  mpr121.o(i.mpr121_Init)
    mpr121_Write                             0x08002ec1   Thumb Code    48  mpr121.o(i.mpr121_Write)
    parseJY_DMA_Data                         0x08002ef9   Thumb Code   472  parsejy.o(i.parseJY_DMA_Data)
    positionPID                              0x080030e9   Thumb Code   226  imupid.o(i.positionPID)
    positionPIDL                             0x080031ed   Thumb Code   160  encoderpid.o(i.positionPIDL)
    positionPIDR                             0x08003299   Thumb Code   160  encoderpid.o(i.positionPIDR)
    readEncoRAWData                          0x08003345   Thumb Code    30  encoderpid.o(i.readEncoRAWData)
    receiveJY_DMA_Data                       0x08003371   Thumb Code    92  parsejy.o(i.receiveJY_DMA_Data)
    straightPIDConstraint                    0x080033d9   Thumb Code   162  encoderpid.o(i.straightPIDConstraint)
    turnPIDCont                              0x0800348d   Thumb Code    14  imupid.o(i.turnPIDCont)
    AHBPrescTable                            0x0800349a   Data          16  system_stm32f1xx.o(.constdata)
    APBPrescTable                            0x080034aa   Data           8  system_stm32f1xx.o(.constdata)
    Region$$Table$$Base                      0x080034b4   Number         0  anon$$obj.o(Region$$Table)
    Region$$Table$$Limit                     0x080034d4   Number         0  anon$$obj.o(Region$$Table)
    clearEncoderFlag                         0x2000000c   Data           1  encoderpid.o(.data)
    turnStableFlag                           0x2000000d   Data           1  encoderpid.o(.data)
    saveIMUAngleZ                            0x2000003c   Data           4  encoderpid.o(.data)
    turnAngleStableFlag                      0x20000100   Data           1  imupid.o(.data)
    SystemCoreClock                          0x200001b4   Data           4  system_stm32f1xx.o(.data)
    huart1                                   0x200001b8   Data          64  usart.o(.bss)
    huart2                                   0x200001f8   Data          64  usart.o(.bss)
    hdma_usart1_rx                           0x20000238   Data          56  usart.o(.bss)
    hdma_usart2_rx                           0x20000270   Data          56  usart.o(.bss)
    htim2                                    0x200002a8   Data          60  tim.o(.bss)
    htim3                                    0x200002e4   Data          60  tim.o(.bss)
    htim4                                    0x20000320   Data          60  tim.o(.bss)
    hi2c1                                    0x20000398   Data          60  i2c.o(.bss)
    hdma_i2c1_rx                             0x200003d4   Data          56  i2c.o(.bss)
    __initial_sp                             0x20000810   Data           0  startup_stm32f103xe.o(STACK)



==============================================================================

Memory Map of the image

  Image Entry point : 0x08000131

  Load Region LR_IROM1 (Base: 0x08000000, Size: 0x0000368c, Max: 0x00040000, ABSOLUTE, COMPRESSED[0x00003528])

    Execution Region ER_IROM1 (Base: 0x08000000, Size: 0x000034d4, Max: 0x00040000, ABSOLUTE)

    Base Addr    Size         Type   Attr      Idx    E Section Name        Object

    0x08000000   0x00000130   Data   RO         3203    RESET               startup_stm32f103xe.o
    0x08000130   0x00000000   Code   RO         3208  * .ARM.Collect$$$$00000000  mc_w.l(entry.o)
    0x08000130   0x00000004   Code   RO         3241    .ARM.Collect$$$$00000001  mc_w.l(entry2.o)
    0x08000134   0x00000004   Code   RO         3244    .ARM.Collect$$$$00000004  mc_w.l(entry5.o)
    0x08000138   0x00000000   Code   RO         3246    .ARM.Collect$$$$00000008  mc_w.l(entry7b.o)
    0x08000138   0x00000000   Code   RO         3248    .ARM.Collect$$$$0000000A  mc_w.l(entry8b.o)
    0x08000138   0x00000008   Code   RO         3249    .ARM.Collect$$$$0000000B  mc_w.l(entry9a.o)
    0x08000140   0x00000000   Code   RO         3251    .ARM.Collect$$$$0000000D  mc_w.l(entry10a.o)
    0x08000140   0x00000000   Code   RO         3253    .ARM.Collect$$$$0000000F  mc_w.l(entry11a.o)
    0x08000140   0x00000004   Code   RO         3242    .ARM.Collect$$$$00002712  mc_w.l(entry2.o)
    0x08000144   0x00000024   Code   RO         3204    .text               startup_stm32f103xe.o
    0x08000168   0x00000020   Code   RO         3211    .text               mc_w.l(llushr.o)
    0x08000188   0x000000b0   Code   RO         3213    .text               mf_w.l(fadd.o)
    0x08000238   0x00000064   Code   RO         3215    .text               mf_w.l(fmul.o)
    0x0800029c   0x0000007c   Code   RO         3217    .text               mf_w.l(fdiv.o)
    0x08000318   0x00000018   Code   RO         3219    .text               mf_w.l(fscalb.o)
    0x08000330   0x000000e4   Code   RO         3221    .text               mf_w.l(dmul.o)
    0x08000414   0x0000002e   Code   RO         3223    .text               mf_w.l(dscalb.o)
    0x08000442   0x00000012   Code   RO         3225    .text               mf_w.l(fflti.o)
    0x08000454   0x00000022   Code   RO         3227    .text               mf_w.l(dflti.o)
    0x08000476   0x00000032   Code   RO         3229    .text               mf_w.l(ffixi.o)
    0x080004a8   0x0000003e   Code   RO         3231    .text               mf_w.l(dfixi.o)
    0x080004e6   0x00000026   Code   RO         3233    .text               mf_w.l(f2d.o)
    0x0800050c   0x00000038   Code   RO         3235    .text               mf_w.l(d2f.o)
    0x08000544   0x00000000   Code   RO         3255    .text               mc_w.l(iusefp.o)
    0x08000544   0x0000006e   Code   RO         3256    .text               mf_w.l(fepilogue.o)
    0x080005b2   0x000000ba   Code   RO         3258    .text               mf_w.l(depilogue.o)
    0x0800066c   0x00000024   Code   RO         3260    .text               mc_w.l(init.o)
    0x08000690   0x0000001e   Code   RO         3262    .text               mc_w.l(llshl.o)
    0x080006ae   0x00000056   Code   RO         3272    .text               mc_w.l(__dczerorl2.o)
    0x08000704   0x00000002   Code   RO         2655    i.BusFault_Handler  stm32f1xx_it.o
    0x08000706   0x00000002   PAD
    0x08000708   0x00000014   Code   RO         2656    i.DMA1_Channel5_IRQHandler  stm32f1xx_it.o
    0x0800071c   0x0000000c   Code   RO         2657    i.DMA1_Channel6_IRQHandler  stm32f1xx_it.o
    0x08000728   0x0000000c   Code   RO         2658    i.DMA1_Channel7_IRQHandler  stm32f1xx_it.o
    0x08000734   0x0000001e   Code   RO         1112    i.DMA_SetConfig     stm32f1xx_hal_dma.o
    0x08000752   0x00000002   Code   RO         2659    i.DebugMon_Handler  stm32f1xx_it.o
    0x08000754   0x00000014   Code   RO         2742    i.DecTick           delay.o
    0x08000768   0x00000002   Code   RO         2591    i.Error_Handler     main.o
    0x0800076a   0x00000002   PAD
    0x0800076c   0x00000056   Code   RO         1113    i.HAL_DMA_Abort     stm32f1xx_hal_dma.o
    0x080007c2   0x00000002   PAD
    0x080007c4   0x000004b8   Code   RO         1117    i.HAL_DMA_IRQHandler  stm32f1xx_hal_dma.o
    0x08000c7c   0x00000050   Code   RO         1118    i.HAL_DMA_Init      stm32f1xx_hal_dma.o
    0x08000ccc   0x00000058   Code   RO         1121    i.HAL_DMA_Start_IT  stm32f1xx_hal_dma.o
    0x08000d24   0x00000016   Code   RO          186    i.HAL_Delay         stm32f1xx_hal.o
    0x08000d3a   0x00000002   PAD
    0x08000d3c   0x000001e8   Code   RO         1049    i.HAL_GPIO_Init     stm32f1xx_hal_gpio.o
    0x08000f24   0x0000000a   Code   RO         1053    i.HAL_GPIO_WritePin  stm32f1xx_hal_gpio.o
    0x08000f2e   0x00000002   PAD
    0x08000f30   0x0000000c   Code   RO          190    i.HAL_GetTick       stm32f1xx_hal.o
    0x08000f3c   0x00000004   Code   RO         2080    i.HAL_I2C_GetError  stm32f1xx_hal_i2c.o
    0x08000f40   0x000000e0   Code   RO         2082    i.HAL_I2C_Init      stm32f1xx_hal_i2c.o
    0x08001020   0x0000012c   Code   RO         2089    i.HAL_I2C_Master_Transmit  stm32f1xx_hal_i2c.o
    0x0800114c   0x00000088   Code   RO         3094    i.HAL_I2C_MspInit   i2c.o
    0x080011d4   0x00000010   Code   RO          191    i.HAL_IncTick       stm32f1xx_hal.o
    0x080011e4   0x00000024   Code   RO          192    i.HAL_Init          stm32f1xx_hal.o
    0x08001208   0x00000022   Code   RO          193    i.HAL_InitTick      stm32f1xx_hal.o
    0x0800122a   0x00000002   PAD
    0x0800122c   0x00000080   Code   RO         2567    i.HAL_MspInit       stm32f1xx_hal_msp.o
    0x080012ac   0x00000016   Code   RO         1330    i.HAL_NVIC_EnableIRQ  stm32f1xx_hal_cortex.o
    0x080012c2   0x00000002   PAD
    0x080012c4   0x00000040   Code   RO         1336    i.HAL_NVIC_SetPriority  stm32f1xx_hal_cortex.o
    0x08001304   0x00000024   Code   RO         1337    i.HAL_NVIC_SetPriorityGrouping  stm32f1xx_hal_cortex.o
    0x08001328   0x00000188   Code   RO          784    i.HAL_RCC_ClockConfig  stm32f1xx_hal_rcc.o
    0x080014b0   0x0000000c   Code   RO          789    i.HAL_RCC_GetHCLKFreq  stm32f1xx_hal_rcc.o
    0x080014bc   0x00000030   Code   RO          791    i.HAL_RCC_GetPCLK1Freq  stm32f1xx_hal_rcc.o
    0x080014ec   0x00000030   Code   RO          792    i.HAL_RCC_GetPCLK2Freq  stm32f1xx_hal_rcc.o
    0x0800151c   0x00000088   Code   RO          793    i.HAL_RCC_GetSysClockFreq  stm32f1xx_hal_rcc.o
    0x080015a4   0x0000057e   Code   RO          796    i.HAL_RCC_OscConfig  stm32f1xx_hal_rcc.o
    0x08001b22   0x00000018   Code   RO         1339    i.HAL_SYSTICK_CLKSourceConfig  stm32f1xx_hal_cortex.o
    0x08001b3a   0x00000002   Code   RO         1340    i.HAL_SYSTICK_Callback  stm32f1xx_hal_cortex.o
    0x08001b3c   0x00000028   Code   RO         1341    i.HAL_SYSTICK_Config  stm32f1xx_hal_cortex.o
    0x08001b64   0x00000008   Code   RO         1342    i.HAL_SYSTICK_IRQHandler  stm32f1xx_hal_cortex.o
    0x08001b6c   0x00000050   Code   RO          330    i.HAL_TIMEx_MasterConfigSynchronization  stm32f1xx_hal_tim_ex.o
    0x08001bbc   0x00000096   Code   RO         1465    i.HAL_TIM_Encoder_Init  stm32f1xx_hal_tim.o
    0x08001c52   0x00000002   PAD
    0x08001c54   0x0000006c   Code   RO         2472    i.HAL_TIM_Encoder_MspInit  tim.o
    0x08001cc0   0x00000034   Code   RO         1468    i.HAL_TIM_Encoder_Start  stm32f1xx_hal_tim.o
    0x08001cf4   0x00000024   Code   RO         2473    i.HAL_TIM_MspPostInit  tim.o
    0x08001d18   0x000000d0   Code   RO         1513    i.HAL_TIM_PWM_ConfigChannel  stm32f1xx_hal_tim.o
    0x08001de8   0x00000036   Code   RO         1516    i.HAL_TIM_PWM_Init  stm32f1xx_hal_tim.o
    0x08001e1e   0x00000002   PAD
    0x08001e20   0x00000024   Code   RO         2475    i.HAL_TIM_PWM_MspInit  tim.o
    0x08001e44   0x00000038   Code   RO         1520    i.HAL_TIM_PWM_Start  stm32f1xx_hal_tim.o
    0x08001e7c   0x00000028   Code   RO          556    i.HAL_UART_DMAStop  stm32f1xx_hal_uart.o
    0x08001ea4   0x00000002   Code   RO          558    i.HAL_UART_ErrorCallback  stm32f1xx_hal_uart.o
    0x08001ea6   0x0000005e   Code   RO          562    i.HAL_UART_Init     stm32f1xx_hal_uart.o
    0x08001f04   0x000000ec   Code   RO         2421    i.HAL_UART_MspInit  usart.o
    0x08001ff0   0x00000088   Code   RO          566    i.HAL_UART_Receive_DMA  stm32f1xx_hal_uart.o
    0x08002078   0x00000002   Code   RO          568    i.HAL_UART_RxCpltCallback  stm32f1xx_hal_uart.o
    0x0800207a   0x00000002   Code   RO          569    i.HAL_UART_RxHalfCpltCallback  stm32f1xx_hal_uart.o
    0x0800207c   0x00000002   Code   RO         2660    i.HardFault_Handler  stm32f1xx_it.o
    0x0800207e   0x0000002a   Code   RO         2117    i.I2C_IsAcknowledgeFailed  stm32f1xx_hal_i2c.o
    0x080020a8   0x00000074   Code   RO         2121    i.I2C_MasterRequestWrite  stm32f1xx_hal_i2c.o
    0x0800211c   0x0000008a   Code   RO         2124    i.I2C_WaitOnFlagUntilTimeout  stm32f1xx_hal_i2c.o
    0x080021a6   0x00000088   Code   RO         2125    i.I2C_WaitOnMasterAddressFlagUntilTimeout  stm32f1xx_hal_i2c.o
    0x0800222e   0x00000050   Code   RO         2128    i.I2C_WaitOnTXEFlagUntilTimeout  stm32f1xx_hal_i2c.o
    0x0800227e   0x00000002   PAD
    0x08002280   0x0000004c   Code   RO         2393    i.MX_DMA_Init       dma.o
    0x080022cc   0x000000e4   Code   RO         2543    i.MX_GPIO_Init      gpio.o
    0x080023b0   0x00000040   Code   RO         3095    i.MX_I2C1_Init      i2c.o
    0x080023f0   0x00000070   Code   RO         2476    i.MX_TIM2_Init      tim.o
    0x08002460   0x00000060   Code   RO         2477    i.MX_TIM3_Init      tim.o
    0x080024c0   0x00000060   Code   RO         2478    i.MX_TIM4_Init      tim.o
    0x08002520   0x00000038   Code   RO         2422    i.MX_USART1_UART_Init  usart.o
    0x08002558   0x00000038   Code   RO         2423    i.MX_USART2_UART_Init  usart.o
    0x08002590   0x00000002   Code   RO         2661    i.MemManage_Handler  stm32f1xx_it.o
    0x08002592   0x00000002   Code   RO         2662    i.NMI_Handler       stm32f1xx_it.o
    0x08002594   0x00000020   Code   RO         1343    i.NVIC_SetPriority  stm32f1xx_hal_cortex.o
    0x080025b4   0x00000064   Code   RO         2663    i.SysTick_Handler   stm32f1xx_it.o
    0x08002618   0x00000068   Code   RO         2592    i.SystemClock_Config  main.o
    0x08002680   0x00000048   Code   RO         3167    i.SystemInit        system_stm32f1xx.o
    0x080026c8   0x00000084   Code   RO         1531    i.TIM_Base_SetConfig  stm32f1xx_hal_tim.o
    0x0800274c   0x00000016   Code   RO         1532    i.TIM_CCxChannelCmd  stm32f1xx_hal_tim.o
    0x08002762   0x00000002   PAD
    0x08002764   0x00000060   Code   RO         1540    i.TIM_OC1_SetConfig  stm32f1xx_hal_tim.o
    0x080027c4   0x0000006c   Code   RO         1541    i.TIM_OC2_SetConfig  stm32f1xx_hal_tim.o
    0x08002830   0x00000068   Code   RO         1542    i.TIM_OC3_SetConfig  stm32f1xx_hal_tim.o
    0x08002898   0x00000050   Code   RO         1543    i.TIM_OC4_SetConfig  stm32f1xx_hal_tim.o
    0x080028e8   0x0000001e   Code   RO          575    i.UART_DMAError     stm32f1xx_hal_uart.o
    0x08002906   0x00000002   PAD
    0x08002908   0x00000036   Code   RO          576    i.UART_DMAReceiveCplt  stm32f1xx_hal_uart.o
    0x0800293e   0x0000000a   Code   RO          577    i.UART_DMARxHalfCplt  stm32f1xx_hal_uart.o
    0x08002948   0x00000170   Code   RO          581    i.UART_SetConfig    stm32f1xx_hal_uart.o
    0x08002ab8   0x00000002   Code   RO         2664    i.UsageFault_Handler  stm32f1xx_it.o
    0x08002aba   0x0000000e   Code   RO         3266    i.__scatterload_copy  mc_w.l(handlers.o)
    0x08002ac8   0x00000002   Code   RO         3267    i.__scatterload_null  mc_w.l(handlers.o)
    0x08002aca   0x0000000e   Code   RO         3268    i.__scatterload_zeroinit  mc_w.l(handlers.o)
    0x08002ad8   0x00000054   Code   RO         2936    i.car_SetSpeedL     motor_cont.o
    0x08002b2c   0x0000004c   Code   RO         2937    i.car_SetSpeedR     motor_cont.o
    0x08002b78   0x00000018   Code   RO         2785    i.contSpeedPWMenc   encoderpid.o
    0x08002b90   0x00000018   Code   RO         2881    i.contSpeedPWMimu   imupid.o
    0x08002ba8   0x00000024   Code   RO         3039    i.findHeader        parsejy.o
    0x08002bcc   0x0000000c   Code   RO         3040    i.getIMU_AngleZ     parsejy.o
    0x08002bd8   0x0000006c   Code   RO         2788    i.incrementalPIDL   encoderpid.o
    0x08002c44   0x00000068   Code   RO         2789    i.incrementalPIDR   encoderpid.o
    0x08002cac   0x00000004   Code   RO         3041    i.initJY            parsejy.o
    0x08002cb0   0x0000007c   Code   RO         2593    i.main              main.o
    0x08002d2c   0x0000007c   Code   RO         2790    i.movementPIDCont   encoderpid.o
    0x08002da8   0x00000116   Code   RO         3135    i.mpr121_Init       mpr121.o
    0x08002ebe   0x00000002   PAD
    0x08002ec0   0x00000038   Code   RO         3136    i.mpr121_Write      mpr121.o
    0x08002ef8   0x000001f0   Code   RO         3042    i.parseJY_DMA_Data  parsejy.o
    0x080030e8   0x00000104   Code   RO         2882    i.positionPID       imupid.o
    0x080031ec   0x000000ac   Code   RO         2791    i.positionPIDL      encoderpid.o
    0x08003298   0x000000ac   Code   RO         2792    i.positionPIDR      encoderpid.o
    0x08003344   0x0000002c   Code   RO         2793    i.readEncoRAWData   encoderpid.o
    0x08003370   0x00000068   Code   RO         3043    i.receiveJY_DMA_Data  parsejy.o
    0x080033d8   0x000000b4   Code   RO         2796    i.straightPIDConstraint  encoderpid.o
    0x0800348c   0x0000000e   Code   RO         2884    i.turnPIDCont       imupid.o
    0x0800349a   0x00000010   Data   RO         3168    .constdata          system_stm32f1xx.o
    0x080034aa   0x00000008   Data   RO         3169    .constdata          system_stm32f1xx.o
    0x080034b2   0x00000002   PAD
    0x080034b4   0x00000020   Data   RO         3264    Region$$Table       anon$$obj.o


    Execution Region RW_IRAM1 (Base: 0x20000000, Size: 0x00000810, Max: 0x0000c000, ABSOLUTE, COMPRESSED[0x00000054])

    Base Addr    Size         Type   Attr      Idx    E Section Name        Object

    0x20000000   0x00000004   Data   RW          198    .data               stm32f1xx_hal.o
    0x20000004   0x00000003   Data   RW         2665    .data               stm32f1xx_it.o
    0x20000007   0x00000001   PAD
    0x20000008   0x00000004   Data   RW         2746    .data               delay.o
    0x2000000c   0x000000f4   Data   RW         2797    .data               encoderpid.o
    0x20000100   0x00000038   Data   RW         2885    .data               imupid.o
    0x20000138   0x00000028   Data   RW         2944    .data               motor_cont.o
    0x20000160   0x00000050   Data   RW         3045    .data               parsejy.o
    0x200001b0   0x00000002   Data   RW         3137    .data               mpr121.o
    0x200001b2   0x00000002   PAD
    0x200001b4   0x00000004   Data   RW         3170    .data               system_stm32f1xx.o
    0x200001b8   0x000000f0   Zero   RW         2424    .bss                usart.o
    0x200002a8   0x000000b4   Zero   RW         2479    .bss                tim.o
    0x2000035c   0x0000003c   Zero   RW         3044    .bss                parsejy.o
    0x20000398   0x00000074   Zero   RW         3096    .bss                i2c.o
    0x2000040c   0x00000004   PAD
    0x20000410   0x00000400   Zero   RW         3201    STACK               startup_stm32f103xe.o


==============================================================================

Image component sizes


      Code (inc. data)   RO Data    RW Data    ZI Data      Debug   Object Name

        20          4          0          4          0       1052   delay.o
        76          4          0          0          0        814   dma.o
       928         72          0        244          0       6436   encoderpid.o
       228         20          0          0          0       1023   gpio.o
       200         38          0          0        116       1766   i2c.o
       298         38          0         56          0       2428   imupid.o
       230         16          0          0          0       2128   main.o
       160         26          0         40          0       2532   motor_cont.o
       334          8          0          2          0       1169   mpr121.o
       652         60          0         80         60       4570   parsejy.o
        36          8        304          0       1024        800   startup_stm32f103xe.o
       120         16          0          4          0       3782   stm32f1xx_hal.o
       228         14          0          0          0      27293   stm32f1xx_hal_cortex.o
      1492         20          0          0          0       4315   stm32f1xx_hal_dma.o
         0          0          0          0          0     503360   stm32f1xx_hal_flash_ex.o
       498         42          0          0          0       2820   stm32f1xx_hal_gpio.o
      1040         18          0          0          0       7436   stm32f1xx_hal_i2c.o
       128         10          0          0          0        906   stm32f1xx_hal_msp.o
      2042         98          0          0          0       5868   stm32f1xx_hal_rcc.o
      1062         64          0          0          0       8875   stm32f1xx_hal_tim.o
        80          0          0          0          0       1284   stm32f1xx_hal_tim_ex.o
       738         18          0          0          0       6715   stm32f1xx_hal_uart.o
       156         28          0          3          0       4812   stm32f1xx_it.o
        72         16         24          4          0       1239   system_stm32f1xx.o
       484         54          0          0        180       4175   tim.o
       348         40          0          0        240       2549   usart.o

    ----------------------------------------------------------------------
     11676        732        362        440       1624     610147   Object Totals
         0          0         32          0          0          0   (incl. Generated)
        26          0          2          3          4          0   (incl. Padding)

    ----------------------------------------------------------------------

      Code (inc. data)   RO Data    RW Data    ZI Data      Debug   Library Member Name

        86          0          0          0          0          0   __dczerorl2.o
         0          0          0          0          0          0   entry.o
         0          0          0          0          0          0   entry10a.o
         0          0          0          0          0          0   entry11a.o
         8          4          0          0          0          0   entry2.o
         4          0          0          0          0          0   entry5.o
         0          0          0          0          0          0   entry7b.o
         0          0          0          0          0          0   entry8b.o
         8          4          0          0          0          0   entry9a.o
        30          0          0          0          0          0   handlers.o
        36          8          0          0          0         68   init.o
         0          0          0          0          0          0   iusefp.o
        30          0          0          0          0         68   llshl.o
        32          0          0          0          0         68   llushr.o
        56          0          0          0          0         88   d2f.o
       186          0          0          0          0        176   depilogue.o
        62          0          0          0          0         80   dfixi.o
        34          0          0          0          0         76   dflti.o
       228          0          0          0          0         96   dmul.o
        46          0          0          0          0         80   dscalb.o
        38          0          0          0          0         68   f2d.o
       176          0          0          0          0        140   fadd.o
       124          0          0          0          0         88   fdiv.o
       110          0          0          0          0        168   fepilogue.o
        50          0          0          0          0         68   ffixi.o
        18          0          0          0          0         68   fflti.o
       100          0          0          0          0         76   fmul.o
        24          0          0          0          0         68   fscalb.o

    ----------------------------------------------------------------------
      1486         16          0          0          0       1544   Library Totals
         0          0          0          0          0          0   (incl. Padding)

    ----------------------------------------------------------------------

      Code (inc. data)   RO Data    RW Data    ZI Data      Debug   Library Name

       234         16          0          0          0        204   mc_w.l
      1252          0          0          0          0       1340   mf_w.l

    ----------------------------------------------------------------------
      1486         16          0          0          0       1544   Library Totals

    ----------------------------------------------------------------------

==============================================================================


      Code (inc. data)   RO Data    RW Data    ZI Data      Debug   

     13162        748        362        440       1624     605891   Grand Totals
     13162        748        362         84       1624     605891   ELF Image Totals (compressed)
     13162        748        362         84          0          0   ROM Totals

==============================================================================

    Total RO  Size (Code + RO Data)                13524 (  13.21kB)
    Total RW  Size (RW Data + ZI Data)              2064 (   2.02kB)
    Total ROM Size (Code + RO Data + RW Data)      13608 (  13.29kB)

==============================================================================

