<html>
<body>
<pre>
<h1>µVision Build Log</h1>
<h2>Tool Versions:</h2>
IDE-Version: µVision V5.14.0.0
Copyright (C) 2015 ARM Ltd and ARM Germany GmbH. All rights reserved.
License Information: Han ZHANG, Crazy Scientist, LIC=PE730-BGSZQ-SYGVA-1PZQ4-5YISF-1JVII
 
Tool Versions:
Toolchain:       MDK-ARM Standard  Version: 5.14.0.0
Toolchain Path:  C:\Keil_v5\ARM\ARMCC\Bin
C Compiler:      Armcc.exe V5.05 update 1 (build 106)
Assembler:       Armasm.exe V5.05 update 1 (build 106)
Linker/Locator:  ArmLink.exe V5.05 update 1 (build 106)
Library Manager: ArmAr.exe V5.05 update 1 (build 106)
Hex Converter:   FromElf.exe V5.05 update 1 (build 106)
CPU DLL:         SARMCM3.DLL V5.14.0.0
Dialog DLL:      DCM.DLL V1.13.1.0
Target DLL:      STLink\ST-LINKIII-KEIL_SWO.dll V2.0.14.0_KEIL
Dialog DLL:      TCM.DLL V1.14.4.0
 
<h2>Project:</h2>
D:\Project\Navigation\Codes\Car_Controller\Project\project.uvproj
Project File Date:  10/09/2016

<h2>Output:</h2>
Build target 'Target 1'
compiling io.c...
compiling HanLib.c...
linking...
Program Size: Code=11156 RO-data=336 RW-data=48 ZI-data=1656  
FromELF: creating hex file...
".\OutPuts\project.axf" - 0 Error(s), 0 Warning(s).
</pre>
</body>
</html>
